Component: ARM Compiler 5.05 update 1 (build 106) Tool: armlink [4d0efa]

==============================================================================

Section Cross References

    main.o(i.main) refers to delay.o(i.delay_init) for delay_init
    main.o(i.main) refers to led.o(i.LED_Init) for LED_Init
    main.o(i.main) refers to misc.o(i.NVIC_PriorityGroupConfig) for NVIC_PriorityGroupConfig
    main.o(i.main) refers to usart.o(i.Usart1_Init) for Usart1_Init
    main.o(i.main) refers to usart.o(i.Usart2_Init) for Usart2_Init
    main.o(i.main) refers to timer.o(i.TIM2_Int_Init) for TIM2_Int_Init
    main.o(i.main) refers to oled.o(i.OLED_Init) for OLED_Init
    main.o(i.main) refers to key.o(i.KEY_Init) for KEY_Init
    main.o(i.main) refers to esp8266.o(i.ESP8266_Init) for ESP8266_Init
    main.o(i.main) refers to menu.o(i.Menu_key_set) for Menu_key_set
    main.o(i.main) refers to esp8266.o(i.ESP_TIME_LINK) for ESP_TIME_LINK
    main.o(i.main) refers to esp8266.o(i.ESP_GET_TIME) for ESP_GET_TIME
    main.o(i.main) refers to esp8266.o(i.ESP_WEATHER1_LINK) for ESP_WEATHER1_LINK
    main.o(i.main) refers to esp8266.o(i.ESP_GET_WEATHER_1) for ESP_GET_WEATHER_1
    main.o(i.main) refers to esp8266.o(i.ESP_WEATHER2_LINK) for ESP_WEATHER2_LINK
    main.o(i.main) refers to esp8266.o(i.ESP_GET_WEATHER_2) for ESP_GET_WEATHER_2
    main.o(i.main) refers to oled.o(i.OLED_Clear) for OLED_Clear
    main.o(i.main) refers to timer.o(.data) for i
    system_stm32f10x.o(i.SetSysClock) refers to system_stm32f10x.o(i.SetSysClockTo72) for SetSysClockTo72
    system_stm32f10x.o(i.SystemCoreClockUpdate) refers to system_stm32f10x.o(.data) for SystemCoreClock
    system_stm32f10x.o(i.SystemInit) refers to system_stm32f10x.o(i.SetSysClock) for SetSysClock
    led.o(i.LED_Init) refers to stm32f10x_rcc.o(i.RCC_APB2PeriphClockCmd) for RCC_APB2PeriphClockCmd
    led.o(i.LED_Init) refers to stm32f10x_gpio.o(i.GPIO_Init) for GPIO_Init
    led.o(i.LED_Init) refers to stm32f10x_gpio.o(i.GPIO_SetBits) for GPIO_SetBits
    esp8266.o(i.ESP8266_Clear) refers to memseta.o(.text) for __aeabi_memclr4
    esp8266.o(i.ESP8266_Clear) refers to esp8266.o(.bss) for esp8266_buf
    esp8266.o(i.ESP8266_Clear) refers to esp8266.o(.data) for esp8266_cnt
    esp8266.o(i.ESP8266_GetIPD) refers to esp8266.o(i.ESP8266_WaitRecive) for ESP8266_WaitRecive
    esp8266.o(i.ESP8266_GetIPD) refers to strstr.o(.text) for strstr
    esp8266.o(i.ESP8266_GetIPD) refers to strchr.o(.text) for strchr
    esp8266.o(i.ESP8266_GetIPD) refers to delay.o(i.delay_ms) for delay_ms
    esp8266.o(i.ESP8266_GetIPD) refers to esp8266.o(.bss) for esp8266_buf
    esp8266.o(i.ESP8266_Init) refers to stm32f10x_rcc.o(i.RCC_APB2PeriphClockCmd) for RCC_APB2PeriphClockCmd
    esp8266.o(i.ESP8266_Init) refers to stm32f10x_gpio.o(i.GPIO_Init) for GPIO_Init
    esp8266.o(i.ESP8266_Init) refers to stm32f10x_gpio.o(i.GPIO_WriteBit) for GPIO_WriteBit
    esp8266.o(i.ESP8266_Init) refers to delay.o(i.delay_ms) for delay_ms
    esp8266.o(i.ESP8266_Init) refers to esp8266.o(i.ESP8266_Clear) for ESP8266_Clear
    esp8266.o(i.ESP8266_SendCmd) refers to strlen.o(.text) for strlen
    esp8266.o(i.ESP8266_SendCmd) refers to usart.o(i.Usart_SendString) for Usart_SendString
    esp8266.o(i.ESP8266_SendCmd) refers to esp8266.o(i.ESP8266_WaitRecive) for ESP8266_WaitRecive
    esp8266.o(i.ESP8266_SendCmd) refers to strstr.o(.text) for strstr
    esp8266.o(i.ESP8266_SendCmd) refers to esp8266.o(i.ESP8266_Clear) for ESP8266_Clear
    esp8266.o(i.ESP8266_SendCmd) refers to delay.o(i.delay_ms) for delay_ms
    esp8266.o(i.ESP8266_SendCmd) refers to esp8266.o(.bss) for esp8266_buf
    esp8266.o(i.ESP8266_SendData) refers to esp8266.o(i.ESP8266_Clear) for ESP8266_Clear
    esp8266.o(i.ESP8266_SendData) refers to printf1.o(i.__0sprintf$1) for __2sprintf
    esp8266.o(i.ESP8266_SendData) refers to esp8266.o(i.ESP8266_SendCmd) for ESP8266_SendCmd
    esp8266.o(i.ESP8266_SendData) refers to usart.o(i.Usart_SendString) for Usart_SendString
    esp8266.o(i.ESP8266_WaitRecive) refers to esp8266.o(.data) for esp8266_cnt
    esp8266.o(i.ESP_CONNECT1) refers to oled.o(i.wifi_connect) for wifi_connect
    esp8266.o(i.ESP_CONNECT1) refers to oled.o(i.wait) for wait
    esp8266.o(i.ESP_CONNECT1) refers to usart.o(i.UsartPrintf) for UsartPrintf
    esp8266.o(i.ESP_CONNECT1) refers to delay.o(i.delay_ms) for delay_ms
    esp8266.o(i.ESP_CONNECT1) refers to esp8266.o(i.ESP8266_SendCmd) for ESP8266_SendCmd
    esp8266.o(i.ESP_CONNECT1) refers to oled.o(i.OLED_Clear) for OLED_Clear
    esp8266.o(i.ESP_CONNECT1) refers to oled.o(i.wifi_connect_success) for wifi_connect_success
    esp8266.o(i.ESP_CONNECT1) refers to oled.o(i.get_data) for get_data
    esp8266.o(i.ESP_CONNECT1) refers to menu.o(.data) for func_index
    esp8266.o(i.ESP_CONNECT2) refers to oled.o(i.wifi_connect) for wifi_connect
    esp8266.o(i.ESP_CONNECT2) refers to oled.o(i.wait) for wait
[...]
    Removing stm32f10x_tim.o(i.TIM_ClearFlag), (6 bytes).
    Removing stm32f10x_tim.o(i.TIM_ClearOC1Ref), (18 bytes).
    Removing stm32f10x_tim.o(i.TIM_ClearOC2Ref), (24 bytes).
    Removing stm32f10x_tim.o(i.TIM_ClearOC3Ref), (18 bytes).
    Removing stm32f10x_tim.o(i.TIM_ClearOC4Ref), (24 bytes).
    Removing stm32f10x_tim.o(i.TIM_CounterModeConfig), (18 bytes).
    Removing stm32f10x_tim.o(i.TIM_CtrlPWMOutputs), (30 bytes).
    Removing stm32f10x_tim.o(i.TIM_DMACmd), (18 bytes).
    Removing stm32f10x_tim.o(i.TIM_DMAConfig), (10 bytes).
    Removing stm32f10x_tim.o(i.TIM_DeInit), (488 bytes).
    Removing stm32f10x_tim.o(i.TIM_ETRClockMode1Config), (54 bytes).
    Removing stm32f10x_tim.o(i.TIM_ETRClockMode2Config), (32 bytes).
    Removing stm32f10x_tim.o(i.TIM_ETRConfig), (28 bytes).
    Removing stm32f10x_tim.o(i.TIM_EncoderInterfaceConfig), (66 bytes).
    Removing stm32f10x_tim.o(i.TIM_ForcedOC1Config), (18 bytes).
    Removing stm32f10x_tim.o(i.TIM_ForcedOC2Config), (26 bytes).
    Removing stm32f10x_tim.o(i.TIM_ForcedOC3Config), (18 bytes).
    Removing stm32f10x_tim.o(i.TIM_ForcedOC4Config), (26 bytes).
    Removing stm32f10x_tim.o(i.TIM_GenerateEvent), (4 bytes).
    Removing stm32f10x_tim.o(i.TIM_GetCapture1), (6 bytes).
    Removing stm32f10x_tim.o(i.TIM_GetCapture2), (6 bytes).
    Removing stm32f10x_tim.o(i.TIM_GetCapture3), (6 bytes).
    Removing stm32f10x_tim.o(i.TIM_GetCapture4), (8 bytes).
    Removing stm32f10x_tim.o(i.TIM_GetCounter), (6 bytes).
    Removing stm32f10x_tim.o(i.TIM_GetFlagStatus), (18 bytes).
    Removing stm32f10x_tim.o(i.TIM_GetPrescaler), (6 bytes).
    Removing stm32f10x_tim.o(i.TIM_ICInit), (172 bytes).
    Removing stm32f10x_tim.o(i.TIM_ICStructInit), (18 bytes).
    Removing stm32f10x_tim.o(i.TIM_ITRxExternalClockConfig), (24 bytes).
    Removing stm32f10x_tim.o(i.TIM_InternalClockConfig), (12 bytes).
    Removing stm32f10x_tim.o(i.TIM_OC1FastConfig), (18 bytes).
    Removing stm32f10x_tim.o(i.TIM_OC1Init), (152 bytes).
    Removing stm32f10x_tim.o(i.TIM_OC1NPolarityConfig), (18 bytes).
    Removing stm32f10x_tim.o(i.TIM_OC1PolarityConfig), (18 bytes).
    Removing stm32f10x_tim.o(i.TIM_OC1PreloadConfig), (18 bytes).
    Removing stm32f10x_tim.o(i.TIM_OC2FastConfig), (26 bytes).
    Removing stm32f10x_tim.o(i.TIM_OC2Init), (164 bytes).
    Removing stm32f10x_tim.o(i.TIM_OC2NPolarityConfig), (26 bytes).
    Removing stm32f10x_tim.o(i.TIM_OC2PolarityConfig), (26 bytes).
    Removing stm32f10x_tim.o(i.TIM_OC2PreloadConfig), (26 bytes).
    Removing stm32f10x_tim.o(i.TIM_OC3FastConfig), (18 bytes).
    Removing stm32f10x_tim.o(i.TIM_OC3Init), (160 bytes).
    Removing stm32f10x_tim.o(i.TIM_OC3NPolarityConfig), (26 bytes).
    Removing stm32f10x_tim.o(i.TIM_OC3PolarityConfig), (26 bytes).
    Removing stm32f10x_tim.o(i.TIM_OC3PreloadConfig), (18 bytes).
    Removing stm32f10x_tim.o(i.TIM_OC4FastConfig), (26 bytes).
    Removing stm32f10x_tim.o(i.TIM_OC4Init), (124 bytes).
    Removing stm32f10x_tim.o(i.TIM_OC4PolarityConfig), (26 bytes).
    Removing stm32f10x_tim.o(i.TIM_OC4PreloadConfig), (26 bytes).
    Removing stm32f10x_tim.o(i.TIM_OCStructInit), (20 bytes).
    Removing stm32f10x_tim.o(i.TIM_PWMIConfig), (124 bytes).
    Removing stm32f10x_tim.o(i.TIM_PrescalerConfig), (6 bytes).
    Removing stm32f10x_tim.o(i.TIM_SelectCCDMA), (24 bytes).
    Removing stm32f10x_tim.o(i.TIM_SelectCOM), (24 bytes).
    Removing stm32f10x_tim.o(i.TIM_SelectHallSensor), (24 bytes).
    Removing stm32f10x_tim.o(i.TIM_SelectInputTrigger), (18 bytes).
    Removing stm32f10x_tim.o(i.TIM_SelectMasterSlaveMode), (18 bytes).
    Removing stm32f10x_tim.o(i.TIM_SelectOCxM), (82 bytes).
    Removing stm32f10x_tim.o(i.TIM_SelectOnePulseMode), (18 bytes).
    Removing stm32f10x_tim.o(i.TIM_SelectOutputTrigger), (18 bytes).
    Removing stm32f10x_tim.o(i.TIM_SelectSlaveMode), (18 bytes).
    Removing stm32f10x_tim.o(i.TIM_SetAutoreload), (4 bytes).
    Removing stm32f10x_tim.o(i.TIM_SetClockDivision), (18 bytes).
    Removing stm32f10x_tim.o(i.TIM_SetCompare1), (4 bytes).
    Removing stm32f10x_tim.o(i.TIM_SetCompare2), (4 bytes).
    Removing stm32f10x_tim.o(i.TIM_SetCompare3), (4 bytes).
    Removing stm32f10x_tim.o(i.TIM_SetCompare4), (6 bytes).
    Removing stm32f10x_tim.o(i.TIM_SetCounter), (4 bytes).
    Removing stm32f10x_tim.o(i.TIM_SetIC1Prescaler), (18 bytes).
    Removing stm32f10x_tim.o(i.TIM_SetIC2Prescaler), (26 bytes).
    Removing stm32f10x_tim.o(i.TIM_SetIC3Prescaler), (18 bytes).
    Removing stm32f10x_tim.o(i.TIM_SetIC4Prescaler), (26 bytes).
    Removing stm32f10x_tim.o(i.TIM_TIxExternalClockConfig), (62 bytes).
    Removing stm32f10x_tim.o(i.TIM_TimeBaseStructInit), (18 bytes).
    Removing stm32f10x_tim.o(i.TIM_UpdateDisableConfig), (24 bytes).
    Removing stm32f10x_tim.o(i.TIM_UpdateRequestConfig), (24 bytes).

178 unused section(s) (total 6720 bytes) removed from the image.

==============================================================================

Image Symbol Table

    Local Symbols

    Symbol Name                              Value     Ov Type        Size  Object(Section)

    ../clib/../cmprslib/lz77c.c              0x00000000   Number         0  __dclz77c.o ABSOLUTE
    ../clib/microlib/ctype/ctype.c           0x00000000   Number         0  isdigit_o.o ABSOLUTE
    ../clib/microlib/ctype/ctype.c           0x00000000   Number         0  isalnum_o.o ABSOLUTE
    ../clib/microlib/ctype/ctype.c           0x00000000   Number         0  isspace_c.o ABSOLUTE
    ../clib/microlib/ctype/ctype.c           0x00000000   Number         0  ctype_o.o ABSOLUTE
    ../clib/microlib/ctype/ctype.c           0x00000000   Number         0  isalpha_o.o ABSOLUTE
    ../clib/microlib/ctype/ctype.c           0x00000000   Number         0  isgraph_o.o ABSOLUTE
    ../clib/microlib/ctype/ctype.c           0x00000000   Number         0  islower_o.o ABSOLUTE
    ../clib/microlib/ctype/ctype.c           0x00000000   Number         0  isblank_o.o ABSOLUTE
    ../clib/microlib/ctype/ctype.c           0x00000000   Number         0  isprint_o.o ABSOLUTE
    ../clib/microlib/ctype/ctype.c           0x00000000   Number         0  ispunct_o.o ABSOLUTE
    ../clib/microlib/ctype/ctype.c           0x00000000   Number         0  isspace_o.o ABSOLUTE
    ../clib/microlib/ctype/ctype.c           0x00000000   Number         0  iscntrl_o.o ABSOLUTE
    ../clib/microlib/ctype/ctype.c           0x00000000   Number         0  isupper_o.o ABSOLUTE
    ../clib/microlib/ctype/ctype.c           0x00000000   Number         0  isxdigit_o.o ABSOLUTE
    ../clib/microlib/ctype/ctype.c           0x00000000   Number         0  ctype_c.o ABSOLUTE
    ../clib/microlib/division.c              0x00000000   Number         0  uldiv.o ABSOLUTE
    ../clib/microlib/division.c              0x00000000   Number         0  uidiv.o ABSOLUTE
    ../clib/microlib/errno.c                 0x00000000   Number         0  errno.o ABSOLUTE
    ../clib/microlib/init/entry.s            0x00000000   Number         0  entry11b.o ABSOLUTE
    ../clib/microlib/init/entry.s            0x00000000   Number         0  entry11a.o ABSOLUTE
    ../clib/microlib/init/entry.s            0x00000000   Number         0  entry10b.o ABSOLUTE
    ../clib/microlib/init/entry.s            0x00000000   Number         0  entry10a.o ABSOLUTE
    ../clib/microlib/init/entry.s            0x00000000   Number         0  entry9b.o ABSOLUTE
    ../clib/microlib/init/entry.s            0x00000000   Number         0  entry9a.o ABSOLUTE
    ../clib/microlib/init/entry.s            0x00000000   Number         0  entry8b.o ABSOLUTE
    ../clib/microlib/init/entry.s            0x00000000   Number         0  entry7b.o ABSOLUTE
    ../clib/microlib/init/entry.s            0x00000000   Number         0  entry7a.o ABSOLUTE
    ../clib/microlib/init/entry.s            0x00000000   Number         0  entry5.o ABSOLUTE
    ../clib/microlib/init/entry.s            0x00000000   Number         0  entry2.o ABSOLUTE
    ../clib/microlib/init/entry.s            0x00000000   Number         0  entry.o ABSOLUTE
    ../clib/microlib/init/entry.s            0x00000000   Number         0  entry8a.o ABSOLUTE
    ../clib/microlib/longlong.c              0x00000000   Number         0  llushr.o ABSOLUTE
    ../clib/microlib/longlong.c              0x00000000   Number         0  llshl.o ABSOLUTE
    ../clib/microlib/longlong.c              0x00000000   Number         0  llsshr.o ABSOLUTE
    ../clib/microlib/malloc/malloc.c         0x00000000   Number         0  malloca.o ABSOLUTE
    ../clib/microlib/malloc/malloc.c         0x00000000   Number         0  mallocr.o ABSOLUTE
    ../clib/microlib/malloc/malloc.c         0x00000000   Number         0  malloc.o ABSOLUTE
    ../clib/microlib/malloc/malloc.c         0x00000000   Number         0  mallocra.o ABSOLUTE
    ../clib/microlib/malloc/mvars.c          0x00000000   Number         0  mvars.o ABSOLUTE
    ../clib/microlib/printf/printf.c         0x00000000   Number         0  printf3.o ABSOLUTE
    ../clib/microlib/printf/printf.c         0x00000000   Number         0  printf2.o ABSOLUTE
    ../clib/microlib/printf/printf.c         0x00000000   Number         0  printf0.o ABSOLUTE
    ../clib/microlib/printf/printf.c         0x00000000   Number         0  printf8.o ABSOLUTE
    ../clib/microlib/printf/printf.c         0x00000000   Number         0  printf1.o ABSOLUTE
    ../clib/microlib/printf/printf.c         0x00000000   Number         0  printf5.o ABSOLUTE
    ../clib/microlib/printf/printf.c         0x00000000   Number         0  printfa.o ABSOLUTE
    ../clib/microlib/printf/printf.c         0x00000000   Number         0  printf7.o ABSOLUTE
    ../clib/microlib/printf/printf.c         0x00000000   Number         0  printf6.o ABSOLUTE
    ../clib/microlib/printf/printf.c         0x00000000   Number         0  printf4.o ABSOLUTE
    ../clib/microlib/printf/printf.c         0x00000000   Number         0  printfb.o ABSOLUTE
    ../clib/microlib/printf/stubs.s          0x00000000   Number         0  stubs.o ABSOLUTE
    ../clib/microlib/stdio/fputc.c           0x00000000   Number         0  fputc.o ABSOLUTE
    ../clib/microlib/stdio/semi.s            0x00000000   Number         0  semi.o ABSOLUTE
    ../clib/microlib/stdio/streams.c         0x00000000   Number         0  stdout.o ABSOLUTE
    ../clib/microlib/string/memcpy.c         0x00000000   Number         0  memcpya.o ABSOLUTE
    ../clib/microlib/string/memcpy.c         0x00000000   Number         0  memcpyb.o ABSOLUTE
    ../clib/microlib/string/memset.c         0x00000000   Number         0  memseta.o ABSOLUTE
    ../clib/microlib/string/strchr.c         0x00000000   Number         0  strchr.o ABSOLUTE
    ../clib/microlib/string/strlen.c         0x00000000   Number         0  strlen.o ABSOLUTE
    ../clib/microlib/string/strstr.c         0x00000000   Number         0  strstr.o ABSOLUTE
    ../clib/microlib/stubs.s                 0x00000000   Number         0  iusefp.o ABSOLUTE
    ../clib/microlib/stubs.s                 0x00000000   Number         0  iusesemip.o ABSOLUTE
    ../clib/scanf.c                          0x00000000   Number         0  strtol.o ABSOLUTE
    ../clib/scanf.c                          0x00000000   Number         0  _sgetc.o ABSOLUTE
    ../clib/scanf.c                          0x00000000   Number         0  scanf_char.o ABSOLUTE
    ../clib/scanf.c                          0x00000000   Number         0  _scanf_str.o ABSOLUTE
    ../clib/scanf.c                          0x00000000   Number         0  __0sscanf.o ABSOLUTE
    ../clib/scanf.c                          0x00000000   Number         0  _chval.o ABSOLUTE
    ../clib/scanf.c                          0x00000000   Number         0  _scanf.o ABSOLUTE
    ../clib/scanf.c                          0x00000000   Number         0  atoi.o ABSOLUTE
    ../clib/scanf.c                          0x00000000   Number         0  _strtoul.o ABSOLUTE
    ../fplib/microlib/fpadd.c                0x00000000   Number         0  dadd.o ABSOLUTE
    ../fplib/microlib/fpdiv.c                0x00000000   Number         0  ddiv.o ABSOLUTE
    ../fplib/microlib/fpepilogue.c           0x00000000   Number         0  depilogue.o ABSOLUTE
    ../fplib/microlib/fpfix.c                0x00000000   Number         0  dfixul.o ABSOLUTE
    ../fplib/microlib/fpmul.c                0x00000000   Number         0  dmul.o ABSOLUTE
    ..\CORE\core_cm3.c                       0x00000000   Number         0  core_cm3.o ABSOLUTE
    ..\CORE\startup_stm32f10x_hd.s           0x00000000   Number         0  startup_stm32f10x_hd.o ABSOLUTE
    ..\HARDWARE\EXTI\exti.c                  0x00000000   Number         0  exti.o ABSOLUTE
    ..\HARDWARE\KEY\key.c                    0x00000000   Number         0  key.o ABSOLUTE
    ..\HARDWARE\LED\led.c                    0x00000000   Number         0  led.o ABSOLUTE
    ..\HARDWARE\OLED\OLED\oled.c             0x00000000   Number         0  oled.o ABSOLUTE
    ..\HARDWARE\TIMER\timer.c                0x00000000   Number         0  timer.o ABSOLUTE
    ..\HARDWARE\esp8266\esp8266.c            0x00000000   Number         0  esp8266.o ABSOLUTE
    ..\HARDWARE\menu\menu.c                  0x00000000   Number         0  menu.o ABSOLUTE
    ..\STM32F10x_FWLib\src\misc.c            0x00000000   Number         0  misc.o ABSOLUTE
    ..\STM32F10x_FWLib\src\stm32f10x_dbgmcu.c 0x00000000   Number         0  stm32f10x_dbgmcu.o ABSOLUTE
    ..\STM32F10x_FWLib\src\stm32f10x_exti.c  0x00000000   Number         0  stm32f10x_exti.o ABSOLUTE
    ..\STM32F10x_FWLib\src\stm32f10x_gpio.c  0x00000000   Number         0  stm32f10x_gpio.o ABSOLUTE
    ..\STM32F10x_FWLib\src\stm32f10x_rcc.c   0x00000000   Number         0  stm32f10x_rcc.o ABSOLUTE
    ..\STM32F10x_FWLib\src\stm32f10x_tim.c   0x00000000   Number         0  stm32f10x_tim.o ABSOLUTE
    ..\STM32F10x_FWLib\src\stm32f10x_usart.c 0x00000000   Number         0  stm32f10x_usart.o ABSOLUTE
    ..\SYSTEM\Usart\usart.c                  0x00000000   Number         0  usart.o ABSOLUTE
    ..\SYSTEM\delay\delay.c                  0x00000000   Number         0  delay.o ABSOLUTE
    ..\SYSTEM\sys\sys.c                      0x00000000   Number         0  sys.o ABSOLUTE
    ..\\CORE\\core_cm3.c                     0x00000000   Number         0  core_cm3.o ABSOLUTE
    cdrcmple.s                               0x00000000   Number         0  cdrcmple.o ABSOLUTE
    dc.s                                     0x00000000   Number         0  dc.o ABSOLUTE
    handlers.s                               0x00000000   Number         0  handlers.o ABSOLUTE
    init.s                                   0x00000000   Number         0  init.o ABSOLUTE
    main.c                                   0x00000000   Number         0  main.o ABSOLUTE
    stm32f10x_it.c                           0x00000000   Number         0  stm32f10x_it.o ABSOLUTE
    system_stm32f10x.c                       0x00000000   Number         0  system_stm32f10x.o ABSOLUTE
    RESET                                    0x08000000   Section      304  startup_stm32f10x_hd.o(RESET)
    .ARM.Collect$$$$00000000                 0x08000130   Section        0  entry.o(.ARM.Collect$$$$00000000)
    .ARM.Collect$$$$00000001                 0x08000130   Section        4  entry2.o(.ARM.Collect$$$$00000001)
    .ARM.Collect$$$$00000004                 0x08000134   Section        4  entry5.o(.ARM.Collect$$$$00000004)
    .ARM.Collect$$$$00000008                 0x08000138   Section        0  entry7b.o(.ARM.Collect$$$$00000008)
    .ARM.Collect$$$$0000000A                 0x08000138   Section        0  entry8b.o(.ARM.Collect$$$$0000000A)
    .ARM.Collect$$$$0000000B                 0x08000138   Section        8  entry9a.o(.ARM.Collect$$$$0000000B)
    .ARM.Collect$$$$0000000D                 0x08000140   Section        0  entry10a.o(.ARM.Collect$$$$0000000D)
    .ARM.Collect$$$$0000000F                 0x08000140   Section        0  entry11a.o(.ARM.Collect$$$$0000000F)
    .ARM.Collect$$$$00002712                 0x08000140   Section        4  entry2.o(.ARM.Collect$$$$00002712)
    __lit__00000000                          0x08000140   Data           4  entry2.o(.ARM.Collect$$$$00002712)
    .text                                    0x08000144   Section       36  startup_stm32f10x_hd.o(.text)
    .text                                    0x08000168   Section        0  memseta.o(.text)
    .text                                    0x0800018c   Section        0  strstr.o(.text)
    .text                                    0x080001b0   Section        0  strlen.o(.text)
    .text                                    0x080001c0   Section        0  __0sscanf.o(.text)
    .text                                    0x080001f8   Section        0  _scanf_str.o(.text)
    .text                                    0x080002d8   Section        0  atoi.o(.text)
    .text                                    0x080002f2   Section        0  uidiv.o(.text)
    .text                                    0x0800031e   Section        0  uldiv.o(.text)
    .text                                    0x08000380   Section        0  scanf_char.o(.text)
    _scanf_char_input                        0x08000381   Thumb Code    12  scanf_char.o(.text)
    .text                                    0x080003a8   Section        0  _sgetc.o(.text)
    .text                                    0x080003e8   Section        0  strtol.o(.text)
    .text                                    0x08000458   Section        0  iusefp.o(.text)
    .text                                    0x08000458   Section        0  dadd.o(.text)
    .text                                    0x080005a6   Section        0  dmul.o(.text)
    .text                                    0x0800068a   Section        0  ddiv.o(.text)
    .text                                    0x08000768   Section        0  dfixul.o(.text)
    .text                                    0x08000798   Section       48  cdrcmple.o(.text)
    .text                                    0x080007c8   Section       36  init.o(.text)
    .text                                    0x080007ec   Section        0  llshl.o(.text)
    .text                                    0x0800080a   Section        0  llushr.o(.text)
    .text                                    0x0800082a   Section        0  llsshr.o(.text)
    .text                                    0x08000850   Section        0  ctype_o.o(.text)
    .text                                    0x08000858   Section        0  isspace_o.o(.text)
    .text                                    0x0800086c   Section        0  _scanf.o(.text)
    .text                                    0x08000b98   Section        0  _strtoul.o(.text)
    .text                                    0x08000c36   Section        0  depilogue.o(.text)
    .text                                    0x08000cf0   Section        0  _chval.o(.text)
    .text                                    0x08000d0c   Section        0  __dclz77c.o(.text)
    i.BusFault_Handler                       0x08000d6a   Section        0  stm32f10x_it.o(i.BusFault_Handler)
    i.DebugMon_Handler                       0x08000d6e   Section        0  stm32f10x_it.o(i.DebugMon_Handler)
    i.ESP8266_Clear                          0x08000d70   Section        0  esp8266.o(i.ESP8266_Clear)
    i.ESP8266_Init                           0x08000d8c   Section        0  esp8266.o(i.ESP8266_Init)
    i.ESP8266_SendCmd                        0x08000de0   Section        0  esp8266.o(i.ESP8266_SendCmd)
    i.ESP8266_WaitRecive                     0x08000e34   Section        0  esp8266.o(i.ESP8266_WaitRecive)
    i.ESP_CONNECT1                           0x08000e68   Section        0  esp8266.o(i.ESP_CONNECT1)
    i.ESP_CONNECT2                           0x08000fbc   Section        0  esp8266.o(i.ESP_CONNECT2)
    i.ESP_GET_TIME                           0x08001110   Section        0  esp8266.o(i.ESP_GET_TIME)
    i.ESP_GET_WEATHER_1                      0x080012f8   Section        0  esp8266.o(i.ESP_GET_WEATHER_1)
    i.ESP_GET_WEATHER_2                      0x08001464   Section        0  esp8266.o(i.ESP_GET_WEATHER_2)
    i.ESP_TIME_LINK                          0x080015e0   Section        0  esp8266.o(i.ESP_TIME_LINK)
    i.ESP_WEATHER1_LINK                      0x08001720   Section        0  esp8266.o(i.ESP_WEATHER1_LINK)
    i.ESP_WEATHER2_LINK                      0x08001890   Section        0  esp8266.o(i.ESP_WEATHER2_LINK)
    i.EXTI0_IRQHandler                       0x08001918   Section        0  exti.o(i.EXTI0_IRQHandler)
    i.EXTI1_IRQHandler                       0x08001948   Section        0  exti.o(i.EXTI1_IRQHandler)
    i.EXTI_ClearITPendingBit                 0x08001960   Section        0  stm32f10x_exti.o(i.EXTI_ClearITPendingBit)
    i.GPIO_Init                              0x0800196c   Section        0  stm32f10x_gpio.o(i.GPIO_Init)
    i.GPIO_ResetBits                         0x08001a82   Section        0  stm32f10x_gpio.o(i.GPIO_ResetBits)
    i.GPIO_SetBits                           0x08001a86   Section        0  stm32f10x_gpio.o(i.GPIO_SetBits)
    i.GPIO_WriteBit                          0x08001a8a   Section        0  stm32f10x_gpio.o(i.GPIO_WriteBit)
    i.HardFault_Handler                      0x08001a94   Section        0  stm32f10x_it.o(i.HardFault_Handler)
    i.IIC_Start                              0x08001a98   Section        0  oled.o(i.IIC_Start)
    i.IIC_Stop                               0x08001ac8   Section        0  oled.o(i.IIC_Stop)
    i.IIC_Wait_Ack                           0x08001af0   Section        0  oled.o(i.IIC_Wait_Ack)
    i.KEY_Init                               0x08001b0c   Section        0  key.o(i.KEY_Init)
    i.KEY_Scan                               0x08001b5c   Section        0  key.o(i.KEY_Scan)
    i.LED_Init                               0x08001be0   Section        0  led.o(i.LED_Init)
    i.MemManage_Handler                      0x08001c18   Section        0  stm32f10x_it.o(i.MemManage_Handler)
    i.Menu_key_set                           0x08001c1c   Section        0  menu.o(i.Menu_key_set)
    i.NMI_Handler                            0x08001c9c   Section        0  stm32f10x_it.o(i.NMI_Handler)
    i.NVIC_Init                              0x08001ca0   Section        0  misc.o(i.NVIC_Init)
    i.NVIC_PriorityGroupConfig               0x08001d10   Section        0  misc.o(i.NVIC_PriorityGroupConfig)
    i.OLED_Clear                             0x08001d24   Section        0  oled.o(i.OLED_Clear)
    i.OLED_DisShowChar                       0x08001d64   Section        0  oled.o(i.OLED_DisShowChar)
    i.OLED_DrawBMP                           0x08001e8c   Section        0  oled.o(i.OLED_DrawBMP)
    i.OLED_Init                              0x08001f04   Section        0  oled.o(i.OLED_Init)
    i.OLED_Set_Pos                           0x08002034   Section        0  oled.o(i.OLED_Set_Pos)
    i.OLED_ShowCHinese                       0x0800205c   Section        0  oled.o(i.OLED_ShowCHinese)
    i.OLED_ShowNum                           0x080020c4   Section        0  oled.o(i.OLED_ShowNum)
    i.OLED_ShowString                        0x0800214c   Section        0  oled.o(i.OLED_ShowString)
    i.OLED_WR_Byte                           0x08002186   Section        0  oled.o(i.OLED_WR_Byte)
    i.PendSV_Handler                         0x0800219e   Section        0  stm32f10x_it.o(i.PendSV_Handler)
    i.RCC_APB1PeriphClockCmd                 0x080021a0   Section        0  stm32f10x_rcc.o(i.RCC_APB1PeriphClockCmd)
    i.RCC_APB2PeriphClockCmd                 0x080021c0   Section        0  stm32f10x_rcc.o(i.RCC_APB2PeriphClockCmd)
    i.RCC_GetClocksFreq                      0x080021e0   Section        0  stm32f10x_rcc.o(i.RCC_GetClocksFreq)
    i.SVC_Handler                            0x080022b4   Section        0  stm32f10x_it.o(i.SVC_Handler)
    i.SetSysClock                            0x080022b6   Section        0  system_stm32f10x.o(i.SetSysClock)
    SetSysClock                              0x080022b7   Thumb Code     8  system_stm32f10x.o(i.SetSysClock)
    i.SetSysClockTo72                        0x080022c0   Section        0  system_stm32f10x.o(i.SetSysClockTo72)
    SetSysClockTo72                          0x080022c1   Thumb Code   214  system_stm32f10x.o(i.SetSysClockTo72)
    i.SysTick_CLKSourceConfig                0x080023a0   Section        0  misc.o(i.SysTick_CLKSourceConfig)
    i.SysTick_Handler                        0x080023c8   Section        0  stm32f10x_it.o(i.SysTick_Handler)
    i.SystemInit                             0x080023cc   Section        0  system_stm32f10x.o(i.SystemInit)
    i.TIM2_IRQHandler                        0x0800242c   Section        0  timer.o(i.TIM2_IRQHandler)
    i.TIM2_Int_Init                          0x080024b0   Section        0  timer.o(i.TIM2_Int_Init)
    i.TIM_ClearITPendingBit                  0x0800250c   Section        0  stm32f10x_tim.o(i.TIM_ClearITPendingBit)
    i.TIM_Cmd                                0x08002512   Section        0  stm32f10x_tim.o(i.TIM_Cmd)
    i.TIM_GetITStatus                        0x0800252a   Section        0  stm32f10x_tim.o(i.TIM_GetITStatus)
    i.TIM_ITConfig                           0x0800254c   Section        0  stm32f10x_tim.o(i.TIM_ITConfig)
    i.TIM_TimeBaseInit                       0x08002560   Section        0  stm32f10x_tim.o(i.TIM_TimeBaseInit)
    i.USART1_IRQHandler                      0x08002604   Section        0  usart.o(i.USART1_IRQHandler)
    i.USART2_IRQHandler                      0x08002620   Section        0  esp8266.o(i.USART2_IRQHandler)
    i.USART_ClearFlag                        0x0800266c   Section        0  stm32f10x_usart.o(i.USART_ClearFlag)
    i.USART_Cmd                              0x0800267e   Section        0  stm32f10x_usart.o(i.USART_Cmd)
    i.USART_GetFlagStatus                    0x08002696   Section        0  stm32f10x_usart.o(i.USART_GetFlagStatus)
    i.USART_GetITStatus                      0x080026b0   Section        0  stm32f10x_usart.o(i.USART_GetITStatus)
    i.USART_ITConfig                         0x08002704   Section        0  stm32f10x_usart.o(i.USART_ITConfig)
    i.USART_Init                             0x08002750   Section        0  stm32f10x_usart.o(i.USART_Init)
    i.USART_SendData                         0x08002828   Section        0  stm32f10x_usart.o(i.USART_SendData)
    i.UsageFault_Handler                     0x08002830   Section        0  stm32f10x_it.o(i.UsageFault_Handler)
    i.Usart1_Init                            0x08002834   Section        0  usart.o(i.Usart1_Init)
    i.Usart2_Init                            0x080028e4   Section        0  usart.o(i.Usart2_Init)
    i.UsartPrintf                            0x08002990   Section        0  usart.o(i.UsartPrintf)
    i.Usart_SendString                       0x080029d8   Section        0  usart.o(i.Usart_SendString)
    i.WIFI_choice1                           0x08002a0a   Section        0  menu.o(i.WIFI_choice1)
    i.WIFI_choice2                           0x08002a12   Section        0  menu.o(i.WIFI_choice2)
    i.Write_IIC_Byte                         0x08002a1c   Section        0  oled.o(i.Write_IIC_Byte)
    i.Write_IIC_Command                      0x08002a78   Section        0  oled.o(i.Write_IIC_Command)
    i.Write_IIC_Data                         0x08002aa4   Section        0  oled.o(i.Write_IIC_Data)
    i.__0vsnprintf                           0x08002ad0   Section        0  printfa.o(i.__0vsnprintf)
    i.__aeabi_errno_addr                     0x08002af4   Section        0  errno.o(i.__aeabi_errno_addr)
    i.__scatterload_copy                     0x08002afc   Section       14  handlers.o(i.__scatterload_copy)
    i.__scatterload_null                     0x08002b0a   Section        2  handlers.o(i.__scatterload_null)
    i.__scatterload_zeroinit                 0x08002b0c   Section       14  handlers.o(i.__scatterload_zeroinit)
    i._fp_digits                             0x08002b1c   Section        0  printfa.o(i._fp_digits)
    _fp_digits                               0x08002b1d   Thumb Code   334  printfa.o(i._fp_digits)
    i._printf_core                           0x08002c80   Section        0  printfa.o(i._printf_core)
    _printf_core                             0x08002c81   Thumb Code  1744  printfa.o(i._printf_core)
    i._printf_post_padding                   0x0800335c   Section        0  printfa.o(i._printf_post_padding)
    _printf_post_padding                     0x0800335d   Thumb Code    36  printfa.o(i._printf_post_padding)
    i._printf_pre_padding                    0x08003380   Section        0  printfa.o(i._printf_pre_padding)
    _printf_pre_padding                      0x08003381   Thumb Code    46  printfa.o(i._printf_pre_padding)
    i._snputc                                0x080033ae   Section        0  printfa.o(i._snputc)
    _snputc                                  0x080033af   Thumb Code    22  printfa.o(i._snputc)
    i.base_jiemian                           0x080033c4   Section        0  oled.o(i.base_jiemian)
    i.choice_I                               0x08003454   Section        0  menu.o(i.choice_I)
    i.choice_II                              0x0800345c   Section        0  menu.o(i.choice_II)
    i.choice_city_1                          0x08003464   Section        0  oled.o(i.choice_city_1)
    i.choice_city_2                          0x080034e0   Section        0  oled.o(i.choice_city_2)
    i.delay_init                             0x0800355c   Section        0  delay.o(i.delay_init)
    i.delay_ms                               0x080035a0   Section        0  delay.o(i.delay_ms)
    i.display_information                    0x080035dc   Section        0  oled.o(i.display_information)
    i.display_time                           0x080036a8   Section        0  oled.o(i.display_time)
    i.display_tip                            0x08003954   Section        0  oled.o(i.display_tip)
    i.display_weather_1                      0x08003a14   Section        0  oled.o(i.display_weather_1)
    i.display_weather_2                      0x08003a9c   Section        0  oled.o(i.display_weather_2)
    i.free                                   0x08003b24   Section        0  malloc.o(i.free)
    i.get_data                               0x08003b74   Section        0  oled.o(i.get_data)
    i.home                                   0x08003bb4   Section        0  menu.o(i.home)
    i.information                            0x08003bbc   Section        0  menu.o(i.information)
    i.information_I                          0x08003bc4   Section        0  menu.o(i.information_I)
    i.main                                   0x08003bcc   Section        0  main.o(i.main)
    i.malloc                                 0x08003c40   Section        0  malloc.o(i.malloc)
    i.oled_pow                               0x08003cac   Section        0  oled.o(i.oled_pow)
    i.search_information                     0x08003cc4   Section        0  oled.o(i.search_information)
    i.search_time                            0x08003d7c   Section        0  oled.o(i.search_time)
    i.search_tip                             0x08003e34   Section        0  oled.o(i.search_tip)
    i.search_weather                         0x08003eec   Section        0  oled.o(i.search_weather)
    i.show_temp1                             0x08003fa4   Section        0  oled.o(i.show_temp1)
    i.show_temp2                             0x08003fe8   Section        0  oled.o(i.show_temp2)
    i.time                                   0x0800402c   Section        0  menu.o(i.time)
    i.time_I                                 0x08004034   Section        0  menu.o(i.time_I)
    i.tip                                    0x0800403c   Section        0  menu.o(i.tip)
    i.tip_I                                  0x08004044   Section        0  menu.o(i.tip_I)
    i.wait                                   0x0800404c   Section        0  oled.o(i.wait)
    i.weather                                0x08004082   Section        0  menu.o(i.weather)
    i.weather1_judge                         0x0800408c   Section        0  oled.o(i.weather1_judge)
    i.weather2_judge                         0x08004168   Section        0  oled.o(i.weather2_judge)
    i.weather_I                              0x08004244   Section        0  menu.o(i.weather_I)
    i.weather_II                             0x0800424c   Section        0  menu.o(i.weather_II)
    i.week_judge                             0x08004254   Section        0  oled.o(i.week_judge)
    i.wifi_choice1                           0x080042c8   Section        0  oled.o(i.wifi_choice1)
    i.wifi_choice2                           0x08004340   Section        0  oled.o(i.wifi_choice2)
    i.wifi_connect                           0x080043b8   Section        0  oled.o(i.wifi_connect)
    i.wifi_connect1                          0x080043e4   Section        0  menu.o(i.wifi_connect1)
    i.wifi_connect2                          0x08004408   Section        0  menu.o(i.wifi_connect2)
    i.wifi_connect_success                   0x0800442c   Section        0  oled.o(i.wifi_connect_success)
    .constdata                               0x08004458   Section     2072  oled.o(.constdata)
    .constdata                               0x08004c70   Section      129  ctype_o.o(.constdata)
    .constdata                               0x08004cf4   Section        4  ctype_o.o(.constdata)
    table                                    0x08004cf4   Data           4  ctype_o.o(.constdata)
    .conststring                             0x08004cf8   Section      339  esp8266.o(.conststring)
    .data                                    0x20000000   Section       20  system_stm32f10x.o(.data)
    .data                                    0x20000014   Section       52  esp8266.o(.data)
    .data                                    0x20000048   Section     6720  oled.o(.data)
    .data                                    0x20001a88   Section      245  menu.o(.data)
    .data                                    0x20001b7d   Section        1  key.o(.data)
    key_up                                   0x20001b7d   Data           1  key.o(.data)
    .data                                    0x20001b80   Section        4  timer.o(.data)
    .data                                    0x20001b84   Section        4  delay.o(.data)
    fac_us                                   0x20001b84   Data           1  delay.o(.data)
    fac_ms                                   0x20001b86   Data           2  delay.o(.data)
    .data                                    0x20001b88   Section       20  stm32f10x_rcc.o(.data)
    APBAHBPrescTable                         0x20001b88   Data          16  stm32f10x_rcc.o(.data)
    ADCPrescTable                            0x20001b98   Data           4  stm32f10x_rcc.o(.data)
    .data                                    0x20001b9c   Section        4  mvars.o(.data)
    .data                                    0x20001ba0   Section        4  mvars.o(.data)
    .data                                    0x20001ba4   Section        4  errno.o(.data)
    _errno                                   0x20001ba4   Data           4  errno.o(.data)
    .bss                                     0x20001ba8   Section      536  esp8266.o(.bss)
    HEAP                                     0x20001dc0   Section      512  startup_stm32f10x_hd.o(HEAP)
    STACK                                    0x20001fc0   Section     1024  startup_stm32f10x_hd.o(STACK)

    Global Symbols

    Symbol Name                              Value     Ov Type        Size  Object(Section)

    BuildAttributes$$THM_ISAv4$P$D$K$B$S$PE$A:L22UL41UL21$X:L11$S22US41US21$IEEE1$IW$USESV6$~STKCKD$USESV7$~SHL$OSPACE$ROPI$EBA8$MICROLIB$REQ8$PRES8$EABIv2 0x00000000   Number         0  anon$$obj.o ABSOLUTE
    __ARM_use_no_argv                        0x00000000   Number         0  main.o ABSOLUTE
    _printf_a                                0x00000000   Number         0  stubs.o ABSOLUTE
    _printf_c                                0x00000000   Number         0  stubs.o ABSOLUTE
    _printf_charcount                        0x00000000   Number         0  stubs.o ABSOLUTE
    _printf_d                                0x00000000   Number         0  stubs.o ABSOLUTE
    _printf_e                                0x00000000   Number         0  stubs.o ABSOLUTE
    _printf_f                                0x00000000   Number         0  stubs.o ABSOLUTE
    _printf_flags                            0x00000000   Number         0  stubs.o ABSOLUTE
    _printf_fp_dec                           0x00000000   Number         0  stubs.o ABSOLUTE
    _printf_fp_hex                           0x00000000   Number         0  stubs.o ABSOLUTE
    _printf_g                                0x00000000   Number         0  stubs.o ABSOLUTE
    _printf_i                                0x00000000   Number         0  stubs.o ABSOLUTE
    _printf_int_dec                          0x00000000   Number         0  stubs.o ABSOLUTE
    _printf_l                                0x00000000   Number         0  stubs.o ABSOLUTE
    _printf_lc                               0x00000000   Number         0  stubs.o ABSOLUTE
    _printf_ll                               0x00000000   Number         0  stubs.o ABSOLUTE
    _printf_lld                              0x00000000   Number         0  stubs.o ABSOLUTE
    _printf_lli                              0x00000000   Number         0  stubs.o ABSOLUTE
    _printf_llo                              0x00000000   Number         0  stubs.o ABSOLUTE
    _printf_llu                              0x00000000   Number         0  stubs.o ABSOLUTE
    _printf_llx                              0x00000000   Number         0  stubs.o ABSOLUTE
    _printf_longlong_dec                     0x00000000   Number         0  stubs.o ABSOLUTE
    _printf_longlong_hex                     0x00000000   Number         0  stubs.o ABSOLUTE
    _printf_longlong_oct                     0x00000000   Number         0  stubs.o ABSOLUTE
    _printf_ls                               0x00000000   Number         0  stubs.o ABSOLUTE
    _printf_mbtowc                           0x00000000   Number         0  stubs.o ABSOLUTE
    _printf_n                                0x00000000   Number         0  stubs.o ABSOLUTE
    _printf_o                                0x00000000   Number         0  stubs.o ABSOLUTE
    _printf_p                                0x00000000   Number         0  stubs.o ABSOLUTE
    _printf_percent                          0x00000000   Number         0  stubs.o ABSOLUTE
    _printf_pre_padding                      0x00000000   Number         0  stubs.o ABSOLUTE
    _printf_return_value                     0x00000000   Number         0  stubs.o ABSOLUTE
    _printf_s                                0x00000000   Number         0  stubs.o ABSOLUTE
    _printf_sizespec                         0x00000000   Number         0  stubs.o ABSOLUTE
    _printf_str                              0x00000000   Number         0  stubs.o ABSOLUTE
    _printf_truncate_signed                  0x00000000   Number         0  stubs.o ABSOLUTE
    _printf_truncate_unsigned                0x00000000   Number         0  stubs.o ABSOLUTE
    _printf_u                                0x00000000   Number         0  stubs.o ABSOLUTE
    _printf_wc                               0x00000000   Number         0  stubs.o ABSOLUTE
    _printf_wctomb                           0x00000000   Number         0  stubs.o ABSOLUTE
    _printf_widthprec                        0x00000000   Number         0  stubs.o ABSOLUTE
    _printf_x                                0x00000000   Number         0  stubs.o ABSOLUTE
    __cpp_initialize__aeabi_                  - Undefined Weak Reference
    __cxa_finalize                            - Undefined Weak Reference
    _clock_init                               - Undefined Weak Reference
    _microlib_exit                            - Undefined Weak Reference
    _scanf_int                                - Undefined Weak Reference
    _scanf_longlong                           - Undefined Weak Reference
    _scanf_real                               - Undefined Weak Reference
    __Vectors_Size                           0x00000130   Number         0  startup_stm32f10x_hd.o ABSOLUTE
    __Vectors                                0x08000000   Data           4  startup_stm32f10x_hd.o(RESET)
    __Vectors_End                            0x08000130   Data           0  startup_stm32f10x_hd.o(RESET)
    __main                                   0x08000131   Thumb Code     0  entry.o(.ARM.Collect$$$$00000000)
    _main_stk                                0x08000131   Thumb Code     0  entry2.o(.ARM.Collect$$$$00000001)
    _main_scatterload                        0x08000135   Thumb Code     0  entry5.o(.ARM.Collect$$$$00000004)
    __main_after_scatterload                 0x08000139   Thumb Code     0  entry5.o(.ARM.Collect$$$$00000004)
    _main_clock                              0x08000139   Thumb Code     0  entry7b.o(.ARM.Collect$$$$00000008)
    _main_cpp_init                           0x08000139   Thumb Code     0  entry8b.o(.ARM.Collect$$$$0000000A)
    _main_init                               0x08000139   Thumb Code     0  entry9a.o(.ARM.Collect$$$$0000000B)
    __rt_final_cpp                           0x08000141   Thumb Code     0  entry10a.o(.ARM.Collect$$$$0000000D)
    __rt_final_exit                          0x08000141   Thumb Code     0  entry11a.o(.ARM.Collect$$$$0000000F)
    Reset_Handler                            0x08000145   Thumb Code     8  startup_stm32f10x_hd.o(.text)
    ADC1_2_IRQHandler                        0x0800015f   Thumb Code     0  startup_stm32f10x_hd.o(.text)
    ADC3_IRQHandler                          0x0800015f   Thumb Code     0  startup_stm32f10x_hd.o(.text)
    CAN1_RX1_IRQHandler                      0x0800015f   Thumb Code     0  startup_stm32f10x_hd.o(.text)
    CAN1_SCE_IRQHandler                      0x0800015f   Thumb Code     0  startup_stm32f10x_hd.o(.text)
    DMA1_Channel1_IRQHandler                 0x0800015f   Thumb Code     0  startup_stm32f10x_hd.o(.text)
    DMA1_Channel2_IRQHandler                 0x0800015f   Thumb Code     0  startup_stm32f10x_hd.o(.text)
    DMA1_Channel3_IRQHandler                 0x0800015f   Thumb Code     0  startup_stm32f10x_hd.o(.text)
    DMA1_Channel4_IRQHandler                 0x0800015f   Thumb Code     0  startup_stm32f10x_hd.o(.text)
    DMA1_Channel5_IRQHandler                 0x0800015f   Thumb Code     0  startup_stm32f10x_hd.o(.text)
    DMA1_Channel6_IRQHandler                 0x0800015f   Thumb Code     0  startup_stm32f10x_hd.o(.text)
    DMA1_Channel7_IRQHandler                 0x0800015f   Thumb Code     0  startup_stm32f10x_hd.o(.text)
    DMA2_Channel1_IRQHandler                 0x0800015f   Thumb Code     0  startup_stm32f10x_hd.o(.text)
    DMA2_Channel2_IRQHandler                 0x0800015f   Thumb Code     0  startup_stm32f10x_hd.o(.text)
    DMA2_Channel3_IRQHandler                 0x0800015f   Thumb Code     0  startup_stm32f10x_hd.o(.text)
    DMA2_Channel4_5_IRQHandler               0x0800015f   Thumb Code     0  startup_stm32f10x_hd.o(.text)
    EXTI15_10_IRQHandler                     0x0800015f   Thumb Code     0  startup_stm32f10x_hd.o(.text)
    EXTI2_IRQHandler                         0x0800015f   Thumb Code     0  startup_stm32f10x_hd.o(.text)
    EXTI3_IRQHandler                         0x0800015f   Thumb Code     0  startup_stm32f10x_hd.o(.text)
    EXTI4_IRQHandler                         0x0800015f   Thumb Code     0  startup_stm32f10x_hd.o(.text)
    EXTI9_5_IRQHandler                       0x0800015f   Thumb Code     0  startup_stm32f10x_hd.o(.text)
    FLASH_IRQHandler                         0x0800015f   Thumb Code     0  startup_stm32f10x_hd.o(.text)
    FSMC_IRQHandler                          0x0800015f   Thumb Code     0  startup_stm32f10x_hd.o(.text)
    I2C1_ER_IRQHandler                       0x0800015f   Thumb Code     0  startup_stm32f10x_hd.o(.text)
    I2C1_EV_IRQHandler                       0x0800015f   Thumb Code     0  startup_stm32f10x_hd.o(.text)
    I2C2_ER_IRQHandler                       0x0800015f   Thumb Code     0  startup_stm32f10x_hd.o(.text)
    I2C2_EV_IRQHandler                       0x0800015f   Thumb Code     0  startup_stm32f10x_hd.o(.text)
    PVD_IRQHandler                           0x0800015f   Thumb Code     0  startup_stm32f10x_hd.o(.text)
    RCC_IRQHandler                           0x0800015f   Thumb Code     0  startup_stm32f10x_hd.o(.text)
    RTCAlarm_IRQHandler                      0x0800015f   Thumb Code     0  startup_stm32f10x_hd.o(.text)
    RTC_IRQHandler                           0x0800015f   Thumb Code     0  startup_stm32f10x_hd.o(.text)
    SDIO_IRQHandler                          0x0800015f   Thumb Code     0  startup_stm32f10x_hd.o(.text)
    SPI1_IRQHandler                          0x0800015f   Thumb Code     0  startup_stm32f10x_hd.o(.text)
    SPI2_IRQHandler                          0x0800015f   Thumb Code     0  startup_stm32f10x_hd.o(.text)
    SPI3_IRQHandler                          0x0800015f   Thumb Code     0  startup_stm32f10x_hd.o(.text)
    TAMPER_IRQHandler                        0x0800015f   Thumb Code     0  startup_stm32f10x_hd.o(.text)
    TIM1_BRK_IRQHandler                      0x0800015f   Thumb Code     0  startup_stm32f10x_hd.o(.text)
    TIM1_CC_IRQHandler                       0x0800015f   Thumb Code     0  startup_stm32f10x_hd.o(.text)
    TIM1_TRG_COM_IRQHandler                  0x0800015f   Thumb Code     0  startup_stm32f10x_hd.o(.text)
    TIM1_UP_IRQHandler                       0x0800015f   Thumb Code     0  startup_stm32f10x_hd.o(.text)
    TIM3_IRQHandler                          0x0800015f   Thumb Code     0  startup_stm32f10x_hd.o(.text)
    TIM4_IRQHandler                          0x0800015f   Thumb Code     0  startup_stm32f10x_hd.o(.text)
    TIM5_IRQHandler                          0x0800015f   Thumb Code     0  startup_stm32f10x_hd.o(.text)
    TIM6_IRQHandler                          0x0800015f   Thumb Code     0  startup_stm32f10x_hd.o(.text)
    TIM7_IRQHandler                          0x0800015f   Thumb Code     0  startup_stm32f10x_hd.o(.text)
    TIM8_BRK_IRQHandler                      0x0800015f   Thumb Code     0  startup_stm32f10x_hd.o(.text)
    TIM8_CC_IRQHandler                       0x0800015f   Thumb Code     0  startup_stm32f10x_hd.o(.text)
    TIM8_TRG_COM_IRQHandler                  0x0800015f   Thumb Code     0  startup_stm32f10x_hd.o(.text)
    TIM8_UP_IRQHandler                       0x0800015f   Thumb Code     0  startup_stm32f10x_hd.o(.text)
    UART4_IRQHandler                         0x0800015f   Thumb Code     0  startup_stm32f10x_hd.o(.text)
    UART5_IRQHandler                         0x0800015f   Thumb Code     0  startup_stm32f10x_hd.o(.text)
    USART3_IRQHandler                        0x0800015f   Thumb Code     0  startup_stm32f10x_hd.o(.text)
    USBWakeUp_IRQHandler                     0x0800015f   Thumb Code     0  startup_stm32f10x_hd.o(.text)
    USB_HP_CAN1_TX_IRQHandler                0x0800015f   Thumb Code     0  startup_stm32f10x_hd.o(.text)
    USB_LP_CAN1_RX0_IRQHandler               0x0800015f   Thumb Code     0  startup_stm32f10x_hd.o(.text)
    WWDG_IRQHandler                          0x0800015f   Thumb Code     0  startup_stm32f10x_hd.o(.text)
    __aeabi_memset                           0x08000169   Thumb Code    14  memseta.o(.text)
    __aeabi_memset4                          0x08000169   Thumb Code     0  memseta.o(.text)
    __aeabi_memset8                          0x08000169   Thumb Code     0  memseta.o(.text)
    __aeabi_memclr                           0x08000177   Thumb Code     4  memseta.o(.text)
    __aeabi_memclr4                          0x08000177   Thumb Code     0  memseta.o(.text)
    __aeabi_memclr8                          0x08000177   Thumb Code     0  memseta.o(.text)
    _memset$wrapper                          0x0800017b   Thumb Code    18  memseta.o(.text)
    strstr                                   0x0800018d   Thumb Code    36  strstr.o(.text)
    strlen                                   0x080001b1   Thumb Code    14  strlen.o(.text)
    __0sscanf                                0x080001c1   Thumb Code    48  __0sscanf.o(.text)
    _scanf_string                            0x080001f9   Thumb Code   224  _scanf_str.o(.text)
    atoi                                     0x080002d9   Thumb Code    26  atoi.o(.text)
    __aeabi_uidiv                            0x080002f3   Thumb Code     0  uidiv.o(.text)
    __aeabi_uidivmod                         0x080002f3   Thumb Code    44  uidiv.o(.text)
    __aeabi_uldivmod                         0x0800031f   Thumb Code    98  uldiv.o(.text)
    __vfscanf_char                           0x0800038d   Thumb Code    20  scanf_char.o(.text)
    _sgetc                                   0x080003a9   Thumb Code    30  _sgetc.o(.text)
    _sbackspace                              0x080003c7   Thumb Code    34  _sgetc.o(.text)
    strtol                                   0x080003e9   Thumb Code   112  strtol.o(.text)
    __I$use$fp                               0x08000459   Thumb Code     0  iusefp.o(.text)
    __aeabi_dadd                             0x08000459   Thumb Code   322  dadd.o(.text)
    __aeabi_dsub                             0x0800059b   Thumb Code     6  dadd.o(.text)
    __aeabi_drsub                            0x080005a1   Thumb Code     6  dadd.o(.text)
    __aeabi_dmul                             0x080005a7   Thumb Code   228  dmul.o(.text)
    __aeabi_ddiv                             0x0800068b   Thumb Code   222  ddiv.o(.text)
    __aeabi_d2ulz                            0x08000769   Thumb Code    48  dfixul.o(.text)
    __aeabi_cdrcmple                         0x08000799   Thumb Code    48  cdrcmple.o(.text)
    __scatterload                            0x080007c9   Thumb Code    28  init.o(.text)
    __scatterload_rt2                        0x080007c9   Thumb Code     0  init.o(.text)
    __aeabi_llsl                             0x080007ed   Thumb Code    30  llshl.o(.text)
    _ll_shift_l                              0x080007ed   Thumb Code     0  llshl.o(.text)
    __aeabi_llsr                             0x0800080b   Thumb Code    32  llushr.o(.text)
    _ll_ushift_r                             0x0800080b   Thumb Code     0  llushr.o(.text)
    __aeabi_lasr                             0x0800082b   Thumb Code    36  llsshr.o(.text)
    _ll_sshift_r                             0x0800082b   Thumb Code     0  llsshr.o(.text)
    __rt_ctype_table                         0x08000851   Thumb Code     4  ctype_o.o(.text)
    isspace                                  0x08000859   Thumb Code    18  isspace_o.o(.text)
    __vfscanf                                0x0800086d   Thumb Code   808  _scanf.o(.text)
    _strtoul                                 0x08000b99   Thumb Code   158  _strtoul.o(.text)
    _double_round                            0x08000c37   Thumb Code    30  depilogue.o(.text)
    _double_epilogue                         0x08000c55   Thumb Code   156  depilogue.o(.text)
    _chval                                   0x08000cf1   Thumb Code    28  _chval.o(.text)
    __decompress                             0x08000d0d   Thumb Code     0  __dclz77c.o(.text)
    __decompress2                            0x08000d0d   Thumb Code    94  __dclz77c.o(.text)
    BusFault_Handler                         0x08000d6b   Thumb Code     4  stm32f10x_it.o(i.BusFault_Handler)
    DebugMon_Handler                         0x08000d6f   Thumb Code     2  stm32f10x_it.o(i.DebugMon_Handler)
    ESP8266_Clear                            0x08000d71   Thumb Code    20  esp8266.o(i.ESP8266_Clear)
    ESP8266_Init                             0x08000d8d   Thumb Code    78  esp8266.o(i.ESP8266_Init)
    ESP8266_SendCmd                          0x08000de1   Thumb Code    76  esp8266.o(i.ESP8266_SendCmd)
    ESP8266_WaitRecive                       0x08000e35   Thumb Code    42  esp8266.o(i.ESP8266_WaitRecive)
    ESP_CONNECT1                             0x08000e69   Thumb Code   176  esp8266.o(i.ESP_CONNECT1)
    ESP_CONNECT2                             0x08000fbd   Thumb Code   176  esp8266.o(i.ESP_CONNECT2)
    ESP_GET_TIME                             0x08001111   Thumb Code   354  esp8266.o(i.ESP_GET_TIME)
    ESP_GET_WEATHER_1                        0x080012f9   Thumb Code   236  esp8266.o(i.ESP_GET_WEATHER_1)
    ESP_GET_WEATHER_2                        0x08001465   Thumb Code   222  esp8266.o(i.ESP_GET_WEATHER_2)
    ESP_TIME_LINK                            0x080015e1   Thumb Code   140  esp8266.o(i.ESP_TIME_LINK)
    ESP_WEATHER1_LINK                        0x08001721   Thumb Code   154  esp8266.o(i.ESP_WEATHER1_LINK)
    ESP_WEATHER2_LINK                        0x08001891   Thumb Code    64  esp8266.o(i.ESP_WEATHER2_LINK)
    EXTI0_IRQHandler                         0x08001919   Thumb Code    40  exti.o(i.EXTI0_IRQHandler)
    EXTI1_IRQHandler                         0x08001949   Thumb Code    20  exti.o(i.EXTI1_IRQHandler)
    EXTI_ClearITPendingBit                   0x08001961   Thumb Code     6  stm32f10x_exti.o(i.EXTI_ClearITPendingBit)
    GPIO_Init                                0x0800196d   Thumb Code   278  stm32f10x_gpio.o(i.GPIO_Init)
    GPIO_ResetBits                           0x08001a83   Thumb Code     4  stm32f10x_gpio.o(i.GPIO_ResetBits)
    GPIO_SetBits                             0x08001a87   Thumb Code     4  stm32f10x_gpio.o(i.GPIO_SetBits)
    GPIO_WriteBit                            0x08001a8b   Thumb Code    10  stm32f10x_gpio.o(i.GPIO_WriteBit)
    HardFault_Handler                        0x08001a95   Thumb Code     4  stm32f10x_it.o(i.HardFault_Handler)
    IIC_Start                                0x08001a99   Thumb Code    44  oled.o(i.IIC_Start)
    IIC_Stop                                 0x08001ac9   Thumb Code    34  oled.o(i.IIC_Stop)
    IIC_Wait_Ack                             0x08001af1   Thumb Code    24  oled.o(i.IIC_Wait_Ack)
    KEY_Init                                 0x08001b0d   Thumb Code    74  key.o(i.KEY_Init)
    KEY_Scan                                 0x08001b5d   Thumb Code   122  key.o(i.KEY_Scan)
    LED_Init                                 0x08001be1   Thumb Code    50  led.o(i.LED_Init)
    MemManage_Handler                        0x08001c19   Thumb Code     4  stm32f10x_it.o(i.MemManage_Handler)
    Menu_key_set                             0x08001c1d   Thumb Code   116  menu.o(i.Menu_key_set)
    NMI_Handler                              0x08001c9d   Thumb Code     2  stm32f10x_it.o(i.NMI_Handler)
    NVIC_Init                                0x08001ca1   Thumb Code   100  misc.o(i.NVIC_Init)
    NVIC_PriorityGroupConfig                 0x08001d11   Thumb Code    10  misc.o(i.NVIC_PriorityGroupConfig)
    OLED_Clear                               0x08001d25   Thumb Code    62  oled.o(i.OLED_Clear)
    OLED_DisShowChar                         0x08001d65   Thumb Code   288  oled.o(i.OLED_DisShowChar)
    OLED_DrawBMP                             0x08001e8d   Thumb Code   118  oled.o(i.OLED_DrawBMP)
    OLED_Init                                0x08001f05   Thumb Code   298  oled.o(i.OLED_Init)
    OLED_Set_Pos                             0x08002035   Thumb Code    40  oled.o(i.OLED_Set_Pos)
    OLED_ShowCHinese                         0x0800205d   Thumb Code    98  oled.o(i.OLED_ShowCHinese)
    OLED_ShowNum                             0x080020c5   Thumb Code   136  oled.o(i.OLED_ShowNum)
    OLED_ShowString                          0x0800214d   Thumb Code    58  oled.o(i.OLED_ShowString)
    OLED_WR_Byte                             0x08002187   Thumb Code    24  oled.o(i.OLED_WR_Byte)
    PendSV_Handler                           0x0800219f   Thumb Code     2  stm32f10x_it.o(i.PendSV_Handler)
    RCC_APB1PeriphClockCmd                   0x080021a1   Thumb Code    26  stm32f10x_rcc.o(i.RCC_APB1PeriphClockCmd)
    RCC_APB2PeriphClockCmd                   0x080021c1   Thumb Code    26  stm32f10x_rcc.o(i.RCC_APB2PeriphClockCmd)
    RCC_GetClocksFreq                        0x080021e1   Thumb Code   192  stm32f10x_rcc.o(i.RCC_GetClocksFreq)
    SVC_Handler                              0x080022b5   Thumb Code     2  stm32f10x_it.o(i.SVC_Handler)
    SysTick_CLKSourceConfig                  0x080023a1   Thumb Code    40  misc.o(i.SysTick_CLKSourceConfig)
    SysTick_Handler                          0x080023c9   Thumb Code     2  stm32f10x_it.o(i.SysTick_Handler)
    SystemInit                               0x080023cd   Thumb Code    78  system_stm32f10x.o(i.SystemInit)
    TIM2_IRQHandler                          0x0800242d   Thumb Code   112  timer.o(i.TIM2_IRQHandler)
    TIM2_Int_Init                            0x080024b1   Thumb Code    92  timer.o(i.TIM2_Int_Init)
    TIM_ClearITPendingBit                    0x0800250d   Thumb Code     6  stm32f10x_tim.o(i.TIM_ClearITPendingBit)
    TIM_Cmd                                  0x08002513   Thumb Code    24  stm32f10x_tim.o(i.TIM_Cmd)
    TIM_GetITStatus                          0x0800252b   Thumb Code    34  stm32f10x_tim.o(i.TIM_GetITStatus)
    TIM_ITConfig                             0x0800254d   Thumb Code    18  stm32f10x_tim.o(i.TIM_ITConfig)
    TIM_TimeBaseInit                         0x08002561   Thumb Code   122  stm32f10x_tim.o(i.TIM_TimeBaseInit)
    USART1_IRQHandler                        0x08002605   Thumb Code    24  usart.o(i.USART1_IRQHandler)
    USART2_IRQHandler                        0x08002621   Thumb Code    64  esp8266.o(i.USART2_IRQHandler)
    USART_ClearFlag                          0x0800266d   Thumb Code    18  stm32f10x_usart.o(i.USART_ClearFlag)
    USART_Cmd                                0x0800267f   Thumb Code    24  stm32f10x_usart.o(i.USART_Cmd)
    USART_GetFlagStatus                      0x08002697   Thumb Code    26  stm32f10x_usart.o(i.USART_GetFlagStatus)
    USART_GetITStatus                        0x080026b1   Thumb Code    84  stm32f10x_usart.o(i.USART_GetITStatus)
    USART_ITConfig                           0x08002705   Thumb Code    74  stm32f10x_usart.o(i.USART_ITConfig)
    USART_Init                               0x08002751   Thumb Code   210  stm32f10x_usart.o(i.USART_Init)
    USART_SendData                           0x08002829   Thumb Code     8  stm32f10x_usart.o(i.USART_SendData)
    UsageFault_Handler                       0x08002831   Thumb Code     4  stm32f10x_it.o(i.UsageFault_Handler)
    Usart1_Init                              0x08002835   Thumb Code   166  usart.o(i.Usart1_Init)
    Usart2_Init                              0x080028e5   Thumb Code   162  usart.o(i.Usart2_Init)
    UsartPrintf                              0x08002991   Thumb Code    72  usart.o(i.UsartPrintf)
    Usart_SendString                         0x080029d9   Thumb Code    50  usart.o(i.Usart_SendString)
    WIFI_choice1                             0x08002a0b   Thumb Code     8  menu.o(i.WIFI_choice1)
    WIFI_choice2                             0x08002a13   Thumb Code     8  menu.o(i.WIFI_choice2)
    Write_IIC_Byte                           0x08002a1d   Thumb Code    88  oled.o(i.Write_IIC_Byte)
    Write_IIC_Command                        0x08002a79   Thumb Code    44  oled.o(i.Write_IIC_Command)
    Write_IIC_Data                           0x08002aa5   Thumb Code    44  oled.o(i.Write_IIC_Data)
    __0vsnprintf                             0x08002ad1   Thumb Code    32  printfa.o(i.__0vsnprintf)
    __1vsnprintf                             0x08002ad1   Thumb Code     0  printfa.o(i.__0vsnprintf)
    __2vsnprintf                             0x08002ad1   Thumb Code     0  printfa.o(i.__0vsnprintf)
    __c89vsnprintf                           0x08002ad1   Thumb Code     0  printfa.o(i.__0vsnprintf)
    vsnprintf                                0x08002ad1   Thumb Code     0  printfa.o(i.__0vsnprintf)
    __aeabi_errno_addr                       0x08002af5   Thumb Code     4  errno.o(i.__aeabi_errno_addr)
    __rt_errno_addr                          0x08002af5   Thumb Code     0  errno.o(i.__aeabi_errno_addr)
    __scatterload_copy                       0x08002afd   Thumb Code    14  handlers.o(i.__scatterload_copy)
    __scatterload_null                       0x08002b0b   Thumb Code     2  handlers.o(i.__scatterload_null)
    __scatterload_zeroinit                   0x08002b0d   Thumb Code    14  handlers.o(i.__scatterload_zeroinit)
    base_jiemian                             0x080033c5   Thumb Code   140  oled.o(i.base_jiemian)
    choice_I                                 0x08003455   Thumb Code     8  menu.o(i.choice_I)
    choice_II                                0x0800345d   Thumb Code     8  menu.o(i.choice_II)
    choice_city_1                            0x08003465   Thumb Code   120  oled.o(i.choice_city_1)
    choice_city_2                            0x080034e1   Thumb Code   120  oled.o(i.choice_city_2)
    delay_init                               0x0800355d   Thumb Code    50  delay.o(i.delay_init)
    delay_ms                                 0x080035a1   Thumb Code    56  delay.o(i.delay_ms)
    display_information                      0x080035dd   Thumb Code   184  oled.o(i.display_information)
    display_time                             0x080036a9   Thumb Code   658  oled.o(i.display_time)
    display_tip                              0x08003955   Thumb Code   186  oled.o(i.display_tip)
    display_weather_1                        0x08003a15   Thumb Code   136  oled.o(i.display_weather_1)
    display_weather_2                        0x08003a9d   Thumb Code   136  oled.o(i.display_weather_2)
    free                                     0x08003b25   Thumb Code    76  malloc.o(i.free)
    get_data                                 0x08003b75   Thumb Code    64  oled.o(i.get_data)
    home                                     0x08003bb5   Thumb Code     8  menu.o(i.home)
    information                              0x08003bbd   Thumb Code     8  menu.o(i.information)
    information_I                            0x08003bc5   Thumb Code     8  menu.o(i.information_I)
    main                                     0x08003bcd   Thumb Code   110  main.o(i.main)
    malloc                                   0x08003c41   Thumb Code    92  malloc.o(i.malloc)
    oled_pow                                 0x08003cad   Thumb Code    22  oled.o(i.oled_pow)
    search_information                       0x08003cc5   Thumb Code   180  oled.o(i.search_information)
    search_time                              0x08003d7d   Thumb Code   180  oled.o(i.search_time)
    search_tip                               0x08003e35   Thumb Code   180  oled.o(i.search_tip)
    search_weather                           0x08003eed   Thumb Code   180  oled.o(i.search_weather)
    show_temp1                               0x08003fa5   Thumb Code    62  oled.o(i.show_temp1)
    show_temp2                               0x08003fe9   Thumb Code    62  oled.o(i.show_temp2)
    time                                     0x0800402d   Thumb Code     8  menu.o(i.time)
    time_I                                   0x08004035   Thumb Code     8  menu.o(i.time_I)
    tip                                      0x0800403d   Thumb Code     8  menu.o(i.tip)
    tip_I                                    0x08004045   Thumb Code     8  menu.o(i.tip_I)
    wait                                     0x0800404d   Thumb Code    54  oled.o(i.wait)
    weather                                  0x08004083   Thumb Code     8  menu.o(i.weather)
    weather1_judge                           0x0800408d   Thumb Code   196  oled.o(i.weather1_judge)
    weather2_judge                           0x08004169   Thumb Code   196  oled.o(i.weather2_judge)
    weather_I                                0x08004245   Thumb Code     8  menu.o(i.weather_I)
    weather_II                               0x0800424d   Thumb Code     8  menu.o(i.weather_II)
    week_judge                               0x08004255   Thumb Code   112  oled.o(i.week_judge)
    wifi_choice1                             0x080042c9   Thumb Code    86  oled.o(i.wifi_choice1)
    wifi_choice2                             0x08004341   Thumb Code    86  oled.o(i.wifi_choice2)
    wifi_connect                             0x080043b9   Thumb Code    44  oled.o(i.wifi_connect)
    wifi_connect1                            0x080043e5   Thumb Code    36  menu.o(i.wifi_connect1)
    wifi_connect2                            0x08004409   Thumb Code    36  menu.o(i.wifi_connect2)
    wifi_connect_success                     0x0800442d   Thumb Code    44  oled.o(i.wifi_connect_success)
    F6x8                                     0x08004458   Data         552  oled.o(.constdata)
    F8X16                                    0x08004680   Data        1520  oled.o(.constdata)
    __ctype_table                            0x08004c70   Data         129  ctype_o.o(.constdata)
    Region$$Table$$Base                      0x08004e4c   Number         0  anon$$obj.o(Region$$Table)
    Region$$Table$$Limit                     0x08004e6c   Number         0  anon$$obj.o(Region$$Table)
    SystemCoreClock                          0x20000000   Data           4  system_stm32f10x.o(.data)
    AHBPrescTable                            0x20000004   Data          16  system_stm32f10x.o(.data)
    esp8266_cnt                              0x20000014   Data           2  esp8266.o(.data)
    esp8266_cntPre                           0x20000016   Data           2  esp8266.o(.data)
    weather_t                                0x20000018   Data           4  esp8266.o(.data)
    weather1_t                               0x2000001c   Data           4  esp8266.o(.data)
    temperature_t                            0x20000020   Data           4  esp8266.o(.data)
    temperature1_t                           0x20000024   Data           4  esp8266.o(.data)
    week_t                                   0x20000028   Data           4  esp8266.o(.data)
    j                                        0x2000002c   Data           4  esp8266.o(.data)
    year                                     0x20000030   Data           4  esp8266.o(.data)
    month                                    0x20000034   Data           4  esp8266.o(.data)
    day                                      0x20000038   Data           4  esp8266.o(.data)
    hour                                     0x2000003c   Data           4  esp8266.o(.data)
    min                                      0x20000040   Data           4  esp8266.o(.data)
    sec                                      0x20000044   Data           4  esp8266.o(.data)
    BMP0                                     0x20000048   Data          32  oled.o(.data)
    BMP1                                     0x20000068   Data          32  oled.o(.data)
    BMP4                                     0x20000088   Data          32  oled.o(.data)
    BMP5                                     0x200000a8   Data          32  oled.o(.data)
    BMP6                                     0x200000c8   Data          32  oled.o(.data)
    BMP9                                     0x200000e8   Data          32  oled.o(.data)
    BMP10                                    0x20000108   Data          32  oled.o(.data)
    BMP11                                    0x20000128   Data          32  oled.o(.data)
    BMP13                                    0x20000148   Data          32  oled.o(.data)
    BMP14                                    0x20000168   Data          32  oled.o(.data)
    BMP15                                    0x20000188   Data          32  oled.o(.data)
    BMP22                                    0x200001a8   Data          32  oled.o(.data)
    BMP30                                    0x200001c8   Data          32  oled.o(.data)
    BMP31                                    0x200001e8   Data          32  oled.o(.data)
    BMP32                                    0x20000208   Data          32  oled.o(.data)
    BMP33                                    0x20000228   Data          32  oled.o(.data)
    BMP36                                    0x20000248   Data          32  oled.o(.data)
    BMP37                                    0x20000268   Data          32  oled.o(.data)
    Hzk                                      0x20000288   Data        6144  oled.o(.data)
    current_operation_index                  0x20001a88   Data           4  menu.o(.data)
    table                                    0x20001a8c   Data         240  menu.o(.data)
    func_index                               0x20001b7c   Data           1  menu.o(.data)
    i                                        0x20001b80   Data           4  timer.o(.data)
    __microlib_freelist                      0x20001b9c   Data           4  mvars.o(.data)
    __microlib_freelist_initialised          0x20001ba0   Data           4  mvars.o(.data)
    esp8266_buf                              0x20001ba8   Data         512  esp8266.o(.bss)
    NowTime                                  0x20001da8   Data          24  esp8266.o(.bss)
    __heap_base                              0x20001dc0   Data           0  startup_stm32f10x_hd.o(HEAP)
    __heap_limit                             0x20001fc0   Data           0  startup_stm32f10x_hd.o(HEAP)
    __initial_sp                             0x200023c0   Data           0  startup_stm32f10x_hd.o(STACK)



==============================================================================

Memory Map of the image

  Image Entry point : 0x08000145

  Load Region LR_1 (Base: 0x08000000, Size: 0x00006a14, Max: 0xffffffff, ABSOLUTE, COMPRESSED[0x00005978])

    Execution Region ER_RO (Base: 0x08000000, Size: 0x00004e6c, Max: 0xffffffff, ABSOLUTE)

    Base Addr    Size         Type   Attr      Idx    E Section Name        Object

    0x08000000   0x00000130   Data   RO          962    RESET               startup_stm32f10x_hd.o
    0x08000130   0x00000000   Code   RO         2123  * .ARM.Collect$$$$00000000  mc_w.l(entry.o)
    0x08000130   0x00000004   Code   RO         2429    .ARM.Collect$$$$00000001  mc_w.l(entry2.o)
    0x08000134   0x00000004   Code   RO         2432    .ARM.Collect$$$$00000004  mc_w.l(entry5.o)
    0x08000138   0x00000000   Code   RO         2434    .ARM.Collect$$$$00000008  mc_w.l(entry7b.o)
    0x08000138   0x00000000   Code   RO         2436    .ARM.Collect$$$$0000000A  mc_w.l(entry8b.o)
    0x08000138   0x00000008   Code   RO         2437    .ARM.Collect$$$$0000000B  mc_w.l(entry9a.o)
    0x08000140   0x00000000   Code   RO         2439    .ARM.Collect$$$$0000000D  mc_w.l(entry10a.o)
    0x08000140   0x00000000   Code   RO         2441    .ARM.Collect$$$$0000000F  mc_w.l(entry11a.o)
    0x08000140   0x00000004   Code   RO         2430    .ARM.Collect$$$$00002712  mc_w.l(entry2.o)
    0x08000144   0x00000024   Code   RO          963  * .text               startup_stm32f10x_hd.o
    0x08000168   0x00000024   Code   RO         2126    .text               mc_w.l(memseta.o)
    0x0800018c   0x00000024   Code   RO         2128    .text               mc_w.l(strstr.o)
    0x080001b0   0x0000000e   Code   RO         2132    .text               mc_w.l(strlen.o)
    0x080001be   0x00000002   PAD
    0x080001c0   0x00000038   Code   RO         2423    .text               mc_w.l(__0sscanf.o)
    0x080001f8   0x000000e0   Code   RO         2425    .text               mc_w.l(_scanf_str.o)
    0x080002d8   0x0000001a   Code   RO         2427    .text               mc_w.l(atoi.o)
    0x080002f2   0x0000002c   Code   RO         2446    .text               mc_w.l(uidiv.o)
    0x0800031e   0x00000062   Code   RO         2448    .text               mc_w.l(uldiv.o)
    0x08000380   0x00000028   Code   RO         2463    .text               mc_w.l(scanf_char.o)
    0x080003a8   0x00000040   Code   RO         2465    .text               mc_w.l(_sgetc.o)
    0x080003e8   0x00000070   Code   RO         2467    .text               mc_w.l(strtol.o)
    0x08000458   0x00000000   Code   RO         2469    .text               mc_w.l(iusefp.o)
    0x08000458   0x0000014e   Code   RO         2470    .text               mf_w.l(dadd.o)
    0x080005a6   0x000000e4   Code   RO         2472    .text               mf_w.l(dmul.o)
    0x0800068a   0x000000de   Code   RO         2474    .text               mf_w.l(ddiv.o)
    0x08000768   0x00000030   Code   RO         2476    .text               mf_w.l(dfixul.o)
    0x08000798   0x00000030   Code   RO         2478    .text               mf_w.l(cdrcmple.o)
    0x080007c8   0x00000024   Code   RO         2480    .text               mc_w.l(init.o)
    0x080007ec   0x0000001e   Code   RO         2483    .text               mc_w.l(llshl.o)
    0x0800080a   0x00000020   Code   RO         2485    .text               mc_w.l(llushr.o)
    0x0800082a   0x00000024   Code   RO         2487    .text               mc_w.l(llsshr.o)
    0x0800084e   0x00000002   PAD
    0x08000850   0x00000008   Code   RO         2491    .text               mc_w.l(ctype_o.o)
    0x08000858   0x00000012   Code   RO         2513    .text               mc_w.l(isspace_o.o)
    0x0800086a   0x00000002   PAD
    0x0800086c   0x0000032c   Code   RO         2519    .text               mc_w.l(_scanf.o)
    0x08000b98   0x0000009e   Code   RO         2521    .text               mc_w.l(_strtoul.o)
    0x08000c36   0x000000ba   Code   RO         2524    .text               mf_w.l(depilogue.o)
    0x08000cf0   0x0000001c   Code   RO         2529    .text               mc_w.l(_chval.o)
    0x08000d0c   0x0000005e   Code   RO         2539    .text               mc_w.l(__dclz77c.o)
    0x08000d6a   0x00000004   Code   RO          136    i.BusFault_Handler  stm32f10x_it.o
    0x08000d6e   0x00000002   Code   RO          137    i.DebugMon_Handler  stm32f10x_it.o
    0x08000d70   0x0000001c   Code   RO          271    i.ESP8266_Clear     esp8266.o
    0x08000d8c   0x00000054   Code   RO          273    i.ESP8266_Init      esp8266.o
    0x08000de0   0x00000054   Code   RO          274    i.ESP8266_SendCmd   esp8266.o
    0x08000e34   0x00000034   Code   RO          276    i.ESP8266_WaitRecive  esp8266.o
    0x08000e68   0x00000154   Code   RO          277    i.ESP_CONNECT1      esp8266.o
    0x08000fbc   0x00000154   Code   RO          278    i.ESP_CONNECT2      esp8266.o
    0x08001110   0x000001e8   Code   RO          279    i.ESP_GET_TIME      esp8266.o
    0x080012f8   0x0000016c   Code   RO          280    i.ESP_GET_WEATHER_1  esp8266.o
    0x08001464   0x0000017c   Code   RO          281    i.ESP_GET_WEATHER_2  esp8266.o
    0x080015e0   0x00000140   Code   RO          282    i.ESP_TIME_LINK     esp8266.o
    0x08001720   0x00000170   Code   RO          283    i.ESP_WEATHER1_LINK  esp8266.o
    0x08001890   0x00000088   Code   RO          284    i.ESP_WEATHER2_LINK  esp8266.o
    0x08001918   0x00000030   Code   RO          797    i.EXTI0_IRQHandler  exti.o
    0x08001948   0x00000018   Code   RO          798    i.EXTI1_IRQHandler  exti.o
    0x08001960   0x0000000c   Code   RO         1522    i.EXTI_ClearITPendingBit  stm32f10x_exti.o
    0x0800196c   0x00000116   Code   RO         1009    i.GPIO_Init         stm32f10x_gpio.o
    0x08001a82   0x00000004   Code   RO         1016    i.GPIO_ResetBits    stm32f10x_gpio.o
    0x08001a86   0x00000004   Code   RO         1017    i.GPIO_SetBits      stm32f10x_gpio.o
    0x08001a8a   0x0000000a   Code   RO         1020    i.GPIO_WriteBit     stm32f10x_gpio.o
    0x08001a94   0x00000004   Code   RO          138    i.HardFault_Handler  stm32f10x_it.o
    0x08001a98   0x00000030   Code   RO          385    i.IIC_Start         oled.o
    0x08001ac8   0x00000028   Code   RO          386    i.IIC_Stop          oled.o
    0x08001af0   0x0000001c   Code   RO          387    i.IIC_Wait_Ack      oled.o
    0x08001b0c   0x00000050   Code   RO          778    i.KEY_Init          key.o
    0x08001b5c   0x00000084   Code   RO          779    i.KEY_Scan          key.o
    0x08001be0   0x00000038   Code   RO          259    i.LED_Init          led.o
    0x08001c18   0x00000004   Code   RO          139    i.MemManage_Handler  stm32f10x_it.o
    0x08001c1c   0x00000080   Code   RO          667    i.Menu_key_set      menu.o
    0x08001c9c   0x00000002   Code   RO          140    i.NMI_Handler       stm32f10x_it.o
    0x08001c9e   0x00000002   PAD
    0x08001ca0   0x00000070   Code   RO          967    i.NVIC_Init         misc.o
    0x08001d10   0x00000014   Code   RO          968    i.NVIC_PriorityGroupConfig  misc.o
    0x08001d24   0x0000003e   Code   RO          388    i.OLED_Clear        oled.o
    0x08001d62   0x00000002   PAD
    0x08001d64   0x00000128   Code   RO          389    i.OLED_DisShowChar  oled.o
    0x08001e8c   0x00000076   Code   RO          392    i.OLED_DrawBMP      oled.o
    0x08001f02   0x00000002   PAD
    0x08001f04   0x00000130   Code   RO          393    i.OLED_Init         oled.o
    0x08002034   0x00000028   Code   RO          395    i.OLED_Set_Pos      oled.o
    0x0800205c   0x00000068   Code   RO          396    i.OLED_ShowCHinese  oled.o
    0x080020c4   0x00000088   Code   RO          397    i.OLED_ShowNum      oled.o
    0x0800214c   0x0000003a   Code   RO          398    i.OLED_ShowString   oled.o
    0x08002186   0x00000018   Code   RO          399    i.OLED_WR_Byte      oled.o
    0x0800219e   0x00000002   Code   RO          141    i.PendSV_Handler    stm32f10x_it.o
    0x080021a0   0x00000020   Code   RO         1143    i.RCC_APB1PeriphClockCmd  stm32f10x_rcc.o
    0x080021c0   0x00000020   Code   RO         1145    i.RCC_APB2PeriphClockCmd  stm32f10x_rcc.o
    0x080021e0   0x000000d4   Code   RO         1153    i.RCC_GetClocksFreq  stm32f10x_rcc.o
    0x080022b4   0x00000002   Code   RO          142    i.SVC_Handler       stm32f10x_it.o
    0x080022b6   0x00000008   Code   RO          225    i.SetSysClock       system_stm32f10x.o
    0x080022be   0x00000002   PAD
    0x080022c0   0x000000e0   Code   RO          226    i.SetSysClockTo72   system_stm32f10x.o
    0x080023a0   0x00000028   Code   RO          971    i.SysTick_CLKSourceConfig  misc.o
    0x080023c8   0x00000002   Code   RO          143    i.SysTick_Handler   stm32f10x_it.o
    0x080023ca   0x00000002   PAD
    0x080023cc   0x00000060   Code   RO          228    i.SystemInit        system_stm32f10x.o
    0x0800242c   0x00000084   Code   RO          824    i.TIM2_IRQHandler   timer.o
    0x080024b0   0x0000005c   Code   RO          825    i.TIM2_Int_Init     timer.o
    0x0800250c   0x00000006   Code   RO         1586    i.TIM_ClearITPendingBit  stm32f10x_tim.o
    0x08002512   0x00000018   Code   RO         1591    i.TIM_Cmd           stm32f10x_tim.o
    0x0800252a   0x00000022   Code   RO         1612    i.TIM_GetITStatus   stm32f10x_tim.o
    0x0800254c   0x00000012   Code   RO         1616    i.TIM_ITConfig      stm32f10x_tim.o
    0x0800255e   0x00000002   PAD
    0x08002560   0x000000a4   Code   RO         1662    i.TIM_TimeBaseInit  stm32f10x_tim.o
    0x08002604   0x0000001c   Code   RO          900    i.USART1_IRQHandler  usart.o
    0x08002620   0x0000004c   Code   RO          285    i.USART2_IRQHandler  esp8266.o
    0x0800266c   0x00000012   Code   RO         1341    i.USART_ClearFlag   stm32f10x_usart.o
    0x0800267e   0x00000018   Code   RO         1345    i.USART_Cmd         stm32f10x_usart.o
    0x08002696   0x0000001a   Code   RO         1348    i.USART_GetFlagStatus  stm32f10x_usart.o
    0x080026b0   0x00000054   Code   RO         1349    i.USART_GetITStatus  stm32f10x_usart.o
    0x08002704   0x0000004a   Code   RO         1351    i.USART_ITConfig    stm32f10x_usart.o
    0x0800274e   0x00000002   PAD
    0x08002750   0x000000d8   Code   RO         1352    i.USART_Init        stm32f10x_usart.o
    0x08002828   0x00000008   Code   RO         1362    i.USART_SendData    stm32f10x_usart.o
    0x08002830   0x00000004   Code   RO          144    i.UsageFault_Handler  stm32f10x_it.o
    0x08002834   0x000000b0   Code   RO          901    i.Usart1_Init       usart.o
    0x080028e4   0x000000ac   Code   RO          902    i.Usart2_Init       usart.o
    0x08002990   0x00000048   Code   RO          903    i.UsartPrintf       usart.o
    0x080029d8   0x00000032   Code   RO          904    i.Usart_SendString  usart.o
    0x08002a0a   0x00000008   Code   RO          668    i.WIFI_choice1      menu.o
    0x08002a12   0x00000008   Code   RO          669    i.WIFI_choice2      menu.o
    0x08002a1a   0x00000002   PAD
    0x08002a1c   0x0000005c   Code   RO          400    i.Write_IIC_Byte    oled.o
    0x08002a78   0x0000002c   Code   RO          401    i.Write_IIC_Command  oled.o
    0x08002aa4   0x0000002c   Code   RO          402    i.Write_IIC_Data    oled.o
    0x08002ad0   0x00000024   Code   RO         2372    i.__0vsnprintf      mc_w.l(printfa.o)
    0x08002af4   0x00000008   Code   RO         2456    i.__aeabi_errno_addr  mc_w.l(errno.o)
    0x08002afc   0x0000000e   Code   RO         2533    i.__scatterload_copy  mc_w.l(handlers.o)
    0x08002b0a   0x00000002   Code   RO         2534    i.__scatterload_null  mc_w.l(handlers.o)
    0x08002b0c   0x0000000e   Code   RO         2535    i.__scatterload_zeroinit  mc_w.l(handlers.o)
    0x08002b1a   0x00000002   PAD
    0x08002b1c   0x00000164   Code   RO         2374    i._fp_digits        mc_w.l(printfa.o)
    0x08002c80   0x000006dc   Code   RO         2375    i._printf_core      mc_w.l(printfa.o)
    0x0800335c   0x00000024   Code   RO         2376    i._printf_post_padding  mc_w.l(printfa.o)
    0x08003380   0x0000002e   Code   RO         2377    i._printf_pre_padding  mc_w.l(printfa.o)
    0x080033ae   0x00000016   Code   RO         2378    i._snputc           mc_w.l(printfa.o)
    0x080033c4   0x00000090   Code   RO          403    i.base_jiemian      oled.o
    0x08003454   0x00000008   Code   RO          670    i.choice_I          menu.o
    0x0800345c   0x00000008   Code   RO          671    i.choice_II         menu.o
    0x08003464   0x0000007c   Code   RO          404    i.choice_city_1     oled.o
    0x080034e0   0x0000007c   Code   RO          405    i.choice_city_2     oled.o
    0x0800355c   0x00000044   Code   RO          850    i.delay_init        delay.o
    0x080035a0   0x0000003c   Code   RO          851    i.delay_ms          delay.o
    0x080035dc   0x000000cc   Code   RO          406    i.display_information  oled.o
    0x080036a8   0x000002ac   Code   RO          407    i.display_time      oled.o
    0x08003954   0x000000c0   Code   RO          408    i.display_tip       oled.o
    0x08003a14   0x00000088   Code   RO          409    i.display_weather_1  oled.o
    0x08003a9c   0x00000088   Code   RO          410    i.display_weather_2  oled.o
    0x08003b24   0x00000050   Code   RO         2395    i.free              mc_w.l(malloc.o)
    0x08003b74   0x00000040   Code   RO          412    i.get_data          oled.o
    0x08003bb4   0x00000008   Code   RO          672    i.home              menu.o
    0x08003bbc   0x00000008   Code   RO          673    i.information       menu.o
    0x08003bc4   0x00000008   Code   RO          674    i.information_I     menu.o
    0x08003bcc   0x00000074   Code   RO            1    i.main              main.o
    0x08003c40   0x0000006c   Code   RO         2396    i.malloc            mc_w.l(malloc.o)
    0x08003cac   0x00000016   Code   RO          413    i.oled_pow          oled.o
    0x08003cc2   0x00000002   PAD
    0x08003cc4   0x000000b8   Code   RO          414    i.search_information  oled.o
    0x08003d7c   0x000000b8   Code   RO          415    i.search_time       oled.o
    0x08003e34   0x000000b8   Code   RO          416    i.search_tip        oled.o
    0x08003eec   0x000000b8   Code   RO          417    i.search_weather    oled.o
    0x08003fa4   0x00000044   Code   RO          418    i.show_temp1        oled.o
    0x08003fe8   0x00000044   Code   RO          419    i.show_temp2        oled.o
    0x0800402c   0x00000008   Code   RO          675    i.time              menu.o
    0x08004034   0x00000008   Code   RO          676    i.time_I            menu.o
    0x0800403c   0x00000008   Code   RO          677    i.tip               menu.o
    0x08004044   0x00000008   Code   RO          678    i.tip_I             menu.o
    0x0800404c   0x00000036   Code   RO          420    i.wait              oled.o
    0x08004082   0x00000008   Code   RO          679    i.weather           menu.o
    0x0800408a   0x00000002   PAD
    0x0800408c   0x000000dc   Code   RO          421    i.weather1_judge    oled.o
    0x08004168   0x000000dc   Code   RO          422    i.weather2_judge    oled.o
    0x08004244   0x00000008   Code   RO          680    i.weather_I         menu.o
    0x0800424c   0x00000008   Code   RO          681    i.weather_II        menu.o
    0x08004254   0x00000074   Code   RO          423    i.week_judge        oled.o
    0x080042c8   0x00000078   Code   RO          424    i.wifi_choice1      oled.o
    0x08004340   0x00000078   Code   RO          425    i.wifi_choice2      oled.o
    0x080043b8   0x0000002c   Code   RO          426    i.wifi_connect      oled.o
    0x080043e4   0x00000024   Code   RO          682    i.wifi_connect1     menu.o
    0x08004408   0x00000024   Code   RO          683    i.wifi_connect2     menu.o
    0x0800442c   0x0000002c   Code   RO          427    i.wifi_connect_success  oled.o
    0x08004458   0x00000818   Data   RO          428    .constdata          oled.o
    0x08004c70   0x00000081   Data   RO         2492    .constdata          mc_w.l(ctype_o.o)
    0x08004cf1   0x00000003   PAD
    0x08004cf4   0x00000004   Data   RO         2493    .constdata          mc_w.l(ctype_o.o)
    0x08004cf8   0x00000153   Data   RO          287    .conststring        esp8266.o
    0x08004e4b   0x00000001   PAD
    0x08004e4c   0x00000020   Data   RO         2531    Region$$Table       anon$$obj.o


    Execution Region ER_RW (Base: 0x20000000, Size: 0x00001ba8, Max: 0xffffffff, ABSOLUTE, COMPRESSED[0x00000b0c])

    Base Addr    Size         Type   Attr      Idx    E Section Name        Object

    0x20000000   0x00000014   Data   RW          229    .data               system_stm32f10x.o
    0x20000014   0x00000034   Data   RW          288    .data               esp8266.o
    0x20000048   0x00001a40   Data   RW          429    .data               oled.o
    0x20001a88   0x000000f5   Data   RW          684    .data               menu.o
    0x20001b7d   0x00000001   Data   RW          780    .data               key.o
    0x20001b7e   0x00000002   PAD
    0x20001b80   0x00000004   Data   RW          826    .data               timer.o
    0x20001b84   0x00000004   Data   RW          853    .data               delay.o
    0x20001b88   0x00000014   Data   RW         1173    .data               stm32f10x_rcc.o
    0x20001b9c   0x00000004   Data   RW         2454    .data               mc_w.l(mvars.o)
    0x20001ba0   0x00000004   Data   RW         2455    .data               mc_w.l(mvars.o)
    0x20001ba4   0x00000004   Data   RW         2459    .data               mc_w.l(errno.o)


    Execution Region ER_ZI (Base: 0x20001ba8, Size: 0x00000818, Max: 0xffffffff, ABSOLUTE)

    Base Addr    Size         Type   Attr      Idx    E Section Name        Object

    0x20001ba8   0x00000218   Zero   RW          286    .bss                esp8266.o
    0x20001dc0   0x00000200   Zero   RW          961    HEAP                startup_stm32f10x_hd.o
    0x20001fc0   0x00000400   Zero   RW          960    STACK               startup_stm32f10x_hd.o


==============================================================================

Image component sizes


      Code (inc. data)   RO Data    RW Data    ZI Data      Debug   Object Name

         0          0          0          0          0         32   core_cm3.o
       128         22          0          4          0       1084   delay.o
      3060       1258        339         52        536       9356   esp8266.o
        72         12          0          0          0        878   exti.o
       212         16          0          1          0       1090   key.o
        56          6          0          0          0        455   led.o
       116          6          0          0          0     252071   main.o
       312         12          0        245          0       7885   menu.o
       172         22          0          0          0       1933   misc.o
      5078        258       2072       6720          0      22644   oled.o
        36          8        304          0       1536        764   startup_stm32f10x_hd.o
        12          6          0          0          0        493   stm32f10x_exti.o
       296          0          0          0          0       3452   stm32f10x_gpio.o
        26          0          0          0          0       3426   stm32f10x_it.o
       276         32          0         20          0       4286   stm32f10x_rcc.o
       246         42          0          0          0       3350   stm32f10x_tim.o
       450          6          0          0          0       5879   stm32f10x_usart.o
       328         28          0         20          0       1937   system_stm32f10x.o
       224         20          0          4          0       1294   timer.o
       498         24          0          0          0       4061   usart.o

    ----------------------------------------------------------------------
     11618       1778       2748       7068       2072     326370   Object Totals
         0          0         32          0          0          0   (incl. Generated)
        20          0          1          2          0          0   (incl. Padding)

    ----------------------------------------------------------------------

      Code (inc. data)   RO Data    RW Data    ZI Data      Debug   Library Member Name

        56          8          0          0          0         84   __0sscanf.o
        94          0          0          0          0          0   __dclz77c.o
        28          0          0          0          0         68   _chval.o
       812          4          0          0          0        112   _scanf.o
       224          0          0          0          0         96   _scanf_str.o
        64          0          0          0          0         84   _sgetc.o
       158          0          0          0          0         92   _strtoul.o
        26          0          0          0          0         80   atoi.o
         8          4        133          0          0         68   ctype_o.o
         0          0          0          0          0          0   entry.o
         0          0          0          0          0          0   entry10a.o
         0          0          0          0          0          0   entry11a.o
         8          4          0          0          0          0   entry2.o
         4          0          0          0          0          0   entry5.o
         0          0          0          0          0          0   entry7b.o
         0          0          0          0          0          0   entry8b.o
         8          4          0          0          0          0   entry9a.o
         8          4          0          4          0         68   errno.o
        30          0          0          0          0          0   handlers.o
        36          8          0          0          0         68   init.o
        18          0          0          0          0         76   isspace_o.o
         0          0          0          0          0          0   iusefp.o
        30          0          0          0          0         68   llshl.o
        36          0          0          0          0         68   llsshr.o
        32          0          0          0          0         68   llushr.o
       188         20          0          0          0        160   malloc.o
        36          0          0          0          0        108   memseta.o
         0          0          0          8          0          0   mvars.o
      2252         84          0          0          0        508   printfa.o
        40          8          0          0          0         84   scanf_char.o
        14          0          0          0          0         68   strlen.o
        36          0          0          0          0         80   strstr.o
       112          0          0          0          0         88   strtol.o
        44          0          0          0          0         80   uidiv.o
        98          0          0          0          0         92   uldiv.o
        48          0          0          0          0         68   cdrcmple.o
       334          0          0          0          0        148   dadd.o
       222          0          0          0          0        100   ddiv.o
       186          0          0          0          0        176   depilogue.o
        48          0          0          0          0         68   dfixul.o
       228          0          0          0          0         96   dmul.o

    ----------------------------------------------------------------------
      5574        148        136         12          0       3024   Library Totals
         8          0          3          0          0          0   (incl. Padding)

    ----------------------------------------------------------------------

      Code (inc. data)   RO Data    RW Data    ZI Data      Debug   Library Name

      4500        148        133         12          0       2368   mc_w.l
      1066          0          0          0          0        656   mf_w.l

    ----------------------------------------------------------------------
      5574        148        136         12          0       3024   Library Totals

    ----------------------------------------------------------------------

==============================================================================


      Code (inc. data)   RO Data    RW Data    ZI Data      Debug   

     17192       1926       2884       7080       2072     321982   Grand Totals
     17192       1926       2884       2828       2072     321982   ELF Image Totals (compressed)
     17192       1926       2884       2828          0          0   ROM Totals

==============================================================================

    Total RO  Size (Code + RO Data)                20076 (  19.61kB)
    Total RW  Size (RW Data + ZI Data)              9152 (   8.94kB)
    Total ROM Size (Code + RO Data + RW Data)      22904 (  22.37kB)

==============================================================================

