Component: ARM Compiler 5.05 update 1 (build 106) Tool: armlink [4d0efa]

==============================================================================

Section Cross References

    main.o(i.main) refers to delay.o(i.delay_init) for delay_init
    main.o(i.main) refers to led.o(i.LED_Init) for LED_Init
    main.o(i.main) refers to misc.o(i.NVIC_PriorityGroupConfig) for NVIC_PriorityGroupConfig
    main.o(i.main) refers to usart.o(i.Usart1_Init) for Usart1_Init
    main.o(i.main) refers to usart.o(i.Usart2_Init) for Usart2_Init
    main.o(i.main) refers to timer.o(i.TIM2_Int_Init) for TIM2_Int_Init
    main.o(i.main) refers to oled.o(i.OLED_Init) for OLED_Init
    main.o(i.main) refers to key.o(i.KEY_Init) for KEY_Init
    main.o(i.main) refers to esp8266.o(i.ESP8266_Init) for ESP8266_Init
    main.o(i.main) refers to esp8266.o(i.ESP_CONNECT) for ESP_CONNECT
    main.o(i.main) refers to esp8266.o(i.ESP_TIME_LINK) for ESP_TIME_LINK
    main.o(i.main) refers to esp8266.o(i.ESP_GET_TIME) for ESP_GET_TIME
    main.o(i.main) refers to esp8266.o(i.ESP_WEATHER1_LINK) for ESP_WEATHER1_LINK
    main.o(i.main) refers to esp8266.o(i.ESP_GET_WEATHER_1) for ESP_GET_WEATHER_1
    main.o(i.main) refers to esp8266.o(i.ESP_WEATHER2_LINK) for ESP_WEATHER2_LINK
    main.o(i.main) refers to esp8266.o(i.ESP_GET_WEATHER_2) for ESP_GET_WEATHER_2
    main.o(i.main) refers to oled.o(i.OLED_Clear) for OLED_Clear
    main.o(i.main) refers to menu.o(i.Menu_key_set) for Menu_key_set
    system_stm32f10x.o(i.SetSysClock) refers to system_stm32f10x.o(i.SetSysClockTo72) for SetSysClockTo72
    system_stm32f10x.o(i.SystemCoreClockUpdate) refers to system_stm32f10x.o(.data) for SystemCoreClock
    system_stm32f10x.o(i.SystemInit) refers to system_stm32f10x.o(i.SetSysClock) for SetSysClock
    led.o(i.LED_Init) refers to stm32f10x_rcc.o(i.RCC_APB2PeriphClockCmd) for RCC_APB2PeriphClockCmd
    led.o(i.LED_Init) refers to stm32f10x_gpio.o(i.GPIO_Init) for GPIO_Init
    led.o(i.LED_Init) refers to stm32f10x_gpio.o(i.GPIO_SetBits) for GPIO_SetBits
    esp8266.o(i.ESP8266_Clear) refers to rt_memclr_w.o(.text) for __aeabi_memclr4
    esp8266.o(i.ESP8266_Clear) refers to esp8266.o(.bss) for esp8266_buf
    esp8266.o(i.ESP8266_Clear) refers to esp8266.o(.data) for esp8266_cnt
    esp8266.o(i.ESP8266_GetIPD) refers to esp8266.o(i.ESP8266_WaitRecive) for ESP8266_WaitRecive
    esp8266.o(i.ESP8266_GetIPD) refers to strstr.o(.text) for strstr
    esp8266.o(i.ESP8266_GetIPD) refers to strchr.o(.text) for strchr
    esp8266.o(i.ESP8266_GetIPD) refers to delay.o(i.delay_ms) for delay_ms
    esp8266.o(i.ESP8266_GetIPD) refers to esp8266.o(.bss) for esp8266_buf
    esp8266.o(i.ESP8266_Init) refers to stm32f10x_rcc.o(i.RCC_APB2PeriphClockCmd) for RCC_APB2PeriphClockCmd
    esp8266.o(i.ESP8266_Init) refers to stm32f10x_gpio.o(i.GPIO_Init) for GPIO_Init
    esp8266.o(i.ESP8266_Init) refers to stm32f10x_gpio.o(i.GPIO_WriteBit) for GPIO_WriteBit
    esp8266.o(i.ESP8266_Init) refers to delay.o(i.delay_ms) for delay_ms
    esp8266.o(i.ESP8266_Init) refers to esp8266.o(i.ESP8266_Clear) for ESP8266_Clear
    esp8266.o(i.ESP8266_SendCmd) refers to strlen.o(.text) for strlen
    esp8266.o(i.ESP8266_SendCmd) refers to usart.o(i.Usart_SendString) for Usart_SendString
    esp8266.o(i.ESP8266_SendCmd) refers to esp8266.o(i.ESP8266_WaitRecive) for ESP8266_WaitRecive
    esp8266.o(i.ESP8266_SendCmd) refers to strstr.o(.text) for strstr
    esp8266.o(i.ESP8266_SendCmd) refers to esp8266.o(i.ESP8266_Clear) for ESP8266_Clear
    esp8266.o(i.ESP8266_SendCmd) refers to delay.o(i.delay_ms) for delay_ms
    esp8266.o(i.ESP8266_SendCmd) refers to esp8266.o(.bss) for esp8266_buf
    esp8266.o(i.ESP8266_SendData) refers to _printf_percent.o(.ARM.Collect$$_printf_percent$$00000000) for _printf_percent
    esp8266.o(i.ESP8266_SendData) refers to _printf_d.o(.ARM.Collect$$_printf_percent$$00000009) for _printf_d
    esp8266.o(i.ESP8266_SendData) refers to _printf_dec.o(.text) for _printf_int_dec
    esp8266.o(i.ESP8266_SendData) refers to esp8266.o(i.ESP8266_Clear) for ESP8266_Clear
    esp8266.o(i.ESP8266_SendData) refers to __2sprintf.o(.text) for __2sprintf
    esp8266.o(i.ESP8266_SendData) refers to esp8266.o(i.ESP8266_SendCmd) for ESP8266_SendCmd
    esp8266.o(i.ESP8266_SendData) refers to usart.o(i.Usart_SendString) for Usart_SendString
    esp8266.o(i.ESP8266_WaitRecive) refers to esp8266.o(.data) for esp8266_cnt
    esp8266.o(i.ESP_CONNECT) refers to oled.o(i.wifi_connect) for wifi_connect
    esp8266.o(i.ESP_CONNECT) refers to oled.o(i.wait) for wait
    esp8266.o(i.ESP_CONNECT) refers to usart.o(i.UsartPrintf) for UsartPrintf
    esp8266.o(i.ESP_CONNECT) refers to delay.o(i.delay_ms) for delay_ms
    esp8266.o(i.ESP_CONNECT) refers to esp8266.o(i.ESP8266_SendCmd) for ESP8266_SendCmd
    esp8266.o(i.ESP_CONNECT) refers to oled.o(i.OLED_Clear) for OLED_Clear
    esp8266.o(i.ESP_CONNECT) refers to oled.o(i.wifi_connect_success) for wifi_connect_success
[...]
    i.USART_ITConfig                         0x08003a2c   Section        0  stm32f10x_usart.o(i.USART_ITConfig)
    i.USART_Init                             0x08003a78   Section        0  stm32f10x_usart.o(i.USART_Init)
    i.USART_SendData                         0x08003b50   Section        0  stm32f10x_usart.o(i.USART_SendData)
    i.UsageFault_Handler                     0x08003b58   Section        0  stm32f10x_it.o(i.UsageFault_Handler)
    i.Usart1_Init                            0x08003b5c   Section        0  usart.o(i.Usart1_Init)
    i.Usart2_Init                            0x08003c0c   Section        0  usart.o(i.Usart2_Init)
    i.UsartPrintf                            0x08003cb8   Section        0  usart.o(i.UsartPrintf)
    i.Usart_SendString                       0x08003d00   Section        0  usart.o(i.Usart_SendString)
    i.Write_IIC_Byte                         0x08003d34   Section        0  oled.o(i.Write_IIC_Byte)
    i.Write_IIC_Command                      0x08003d90   Section        0  oled.o(i.Write_IIC_Command)
    i.Write_IIC_Data                         0x08003dbc   Section        0  oled.o(i.Write_IIC_Data)
    i.__ARM_fpclassify                       0x08003de8   Section        0  fpclassify.o(i.__ARM_fpclassify)
    i._is_digit                              0x08003e10   Section        0  __printf_wp.o(i._is_digit)
    i.base_jiemian                           0x08003e20   Section        0  oled.o(i.base_jiemian)
    i.choice_I                               0x08003eb0   Section        0  menu.o(i.choice_I)
    i.choice_II                              0x08003eb8   Section        0  menu.o(i.choice_II)
    i.choice_city_1                          0x08003ec0   Section        0  oled.o(i.choice_city_1)
    i.choice_city_2                          0x08003f3c   Section        0  oled.o(i.choice_city_2)
    i.delay_init                             0x08003fb8   Section        0  delay.o(i.delay_init)
    i.delay_ms                               0x08003ffc   Section        0  delay.o(i.delay_ms)
    i.display_information                    0x08004038   Section        0  oled.o(i.display_information)
    i.display_time                           0x08004104   Section        0  oled.o(i.display_time)
    i.display_tip                            0x080043b0   Section        0  oled.o(i.display_tip)
    i.display_weather_1                      0x08004484   Section        0  oled.o(i.display_weather_1)
    i.display_weather_2                      0x0800450c   Section        0  oled.o(i.display_weather_2)
    i.get_data                               0x08004594   Section        0  oled.o(i.get_data)
    i.home                                   0x080045d4   Section        0  menu.o(i.home)
    i.information                            0x080045dc   Section        0  menu.o(i.information)
    i.information_I                          0x080045e4   Section        0  menu.o(i.information_I)
    i.main                                   0x080045ec   Section        0  main.o(i.main)
    i.oled_pow                               0x0800464e   Section        0  oled.o(i.oled_pow)
    i.search_information                     0x08004664   Section        0  oled.o(i.search_information)
    i.search_time                            0x0800471c   Section        0  oled.o(i.search_time)
    i.search_tip                             0x080047d4   Section        0  oled.o(i.search_tip)
    i.search_weather                         0x0800488c   Section        0  oled.o(i.search_weather)
    i.show_temp1                             0x08004944   Section        0  oled.o(i.show_temp1)
    i.show_temp2                             0x08004988   Section        0  oled.o(i.show_temp2)
    i.time                                   0x080049cc   Section        0  menu.o(i.time)
    i.time_I                                 0x080049d4   Section        0  menu.o(i.time_I)
    i.tip                                    0x080049dc   Section        0  menu.o(i.tip)
    i.tip_I                                  0x080049e4   Section        0  menu.o(i.tip_I)
    i.wait                                   0x080049ec   Section        0  oled.o(i.wait)
    i.weather                                0x08004a22   Section        0  menu.o(i.weather)
    i.weather1_judge                         0x08004a2c   Section        0  oled.o(i.weather1_judge)
    i.weather2_judge                         0x08004b08   Section        0  oled.o(i.weather2_judge)
    i.weather_I                              0x08004be4   Section        0  menu.o(i.weather_I)
    i.weather_II                             0x08004bec   Section        0  menu.o(i.weather_II)
    i.week_judge                             0x08004bf4   Section        0  oled.o(i.week_judge)
    i.wifi_connect                           0x08004c68   Section        0  oled.o(i.wifi_connect)
    i.wifi_connect_success                   0x08004c94   Section        0  oled.o(i.wifi_connect_success)
    locale$$code                             0x08004cc0   Section       44  lc_ctype_c.o(locale$$code)
    locale$$code                             0x08004cec   Section       44  lc_numeric_c.o(locale$$code)
    x$fpl$printf1                            0x08004d18   Section        4  printf1.o(x$fpl$printf1)
    .constdata                               0x08004d1c   Section     2072  oled.o(.constdata)
    x$fpl$usenofp                            0x08004d1c   Section        0  usenofp.o(x$fpl$usenofp)
    .constdata                               0x08005534   Section       17  __printf_flags_ss_wp.o(.constdata)
    maptable                                 0x08005534   Data          17  __printf_flags_ss_wp.o(.constdata)
    .constdata                               0x08005548   Section        8  _printf_wctomb.o(.constdata)
    initial_mbstate                          0x08005548   Data           8  _printf_wctomb.o(.constdata)
    .constdata                               0x08005550   Section       40  _printf_hex_int_ll_ptr.o(.constdata)
    uc_hextab                                0x08005550   Data          20  _printf_hex_int_ll_ptr.o(.constdata)
    lc_hextab                                0x08005564   Data          20  _printf_hex_int_ll_ptr.o(.constdata)
    .constdata                               0x08005578   Section      148  bigflt0.o(.constdata)
    tenpwrs_x                                0x08005578   Data          60  bigflt0.o(.constdata)
    tenpwrs_i                                0x080055b4   Data          64  bigflt0.o(.constdata)
    .conststring                             0x0800560c   Section      339  esp8266.o(.conststring)
    locale$$data                             0x08005780   Section      272  lc_ctype_c.o(locale$$data)
    __lcctype_c_name                         0x08005784   Data           2  lc_ctype_c.o(locale$$data)
    __lcctype_c_start                        0x0800578c   Data           0  lc_ctype_c.o(locale$$data)
    locale$$data                             0x08005890   Section       28  lc_numeric_c.o(locale$$data)
    __lcctype_c_end                          0x08005890   Data           0  lc_ctype_c.o(locale$$data)
    __lcnum_c_name                           0x08005894   Data           2  lc_numeric_c.o(locale$$data)
    __lcnum_c_start                          0x0800589c   Data           0  lc_numeric_c.o(locale$$data)
    __lcnum_c_point                          0x080058a8   Data           0  lc_numeric_c.o(locale$$data)
    __lcnum_c_thousands                      0x080058aa   Data           0  lc_numeric_c.o(locale$$data)
    __lcnum_c_grouping                       0x080058ab   Data           0  lc_numeric_c.o(locale$$data)
    __lcnum_c_end                            0x080058ac   Data           0  lc_numeric_c.o(locale$$data)
    .data                                    0x20000000   Section       20  system_stm32f10x.o(.data)
    .data                                    0x20000014   Section       52  esp8266.o(.data)
    .data                                    0x20000048   Section     6528  oled.o(.data)
    .data                                    0x200019c8   Section      245  menu.o(.data)
    .data                                    0x20001abd   Section        1  key.o(.data)
    key_up                                   0x20001abd   Data           1  key.o(.data)
    .data                                    0x20001abe   Section        4  delay.o(.data)
    fac_us                                   0x20001abe   Data           1  delay.o(.data)
    fac_ms                                   0x20001ac0   Data           2  delay.o(.data)
    .data                                    0x20001ac2   Section       20  stm32f10x_rcc.o(.data)
    APBAHBPrescTable                         0x20001ac2   Data          16  stm32f10x_rcc.o(.data)
    ADCPrescTable                            0x20001ad2   Data           4  stm32f10x_rcc.o(.data)
    .bss                                     0x20001ad8   Section      536  esp8266.o(.bss)
    .bss                                     0x20001cf0   Section       96  libspace.o(.bss)
    HEAP                                     0x20001d50   Section      512  startup_stm32f10x_hd.o(HEAP)
    Heap_Mem                                 0x20001d50   Data         512  startup_stm32f10x_hd.o(HEAP)
    STACK                                    0x20001f50   Section     1024  startup_stm32f10x_hd.o(STACK)
    Stack_Mem                                0x20001f50   Data        1024  startup_stm32f10x_hd.o(STACK)
    __initial_sp                             0x20002350   Data           0  startup_stm32f10x_hd.o(STACK)

    Global Symbols

    Symbol Name                              Value     Ov Type        Size  Object(Section)

    BuildAttributes$$THM_ISAv4$P$D$K$B$S$PE$A:L22UL41UL21$X:L11$S22US41US21$IEEE1$IW$USESV6$~STKCKD$USESV7$~SHL$OTIME$ROPI$IEEEJ$EBA8$UX$STANDARDLIB$REQ8$PRES8$EABIv2 0x00000000   Number         0  anon$$obj.o ABSOLUTE
    __ARM_use_no_argv                        0x00000000   Number         0  main.o ABSOLUTE
    _printf_flags                            0x00000000   Number         0  printf_stubs.o ABSOLUTE
    _printf_return_value                     0x00000000   Number         0  printf_stubs.o ABSOLUTE
    _printf_sizespec                         0x00000000   Number         0  printf_stubs.o ABSOLUTE
    _printf_widthprec                        0x00000000   Number         0  printf_stubs.o ABSOLUTE
    __ARM_exceptions_init                     - Undefined Weak Reference
    __alloca_initialize                       - Undefined Weak Reference
    __arm_preinit_                            - Undefined Weak Reference
    __cpp_initialize__aeabi_                  - Undefined Weak Reference
    __cxa_finalize                            - Undefined Weak Reference
    __sigvec_lookup                           - Undefined Weak Reference
    __user_heap_extent                        - Undefined Weak Reference
    _atexit_init                              - Undefined Weak Reference
    _call_atexit_fns                          - Undefined Weak Reference
    _clock_init                               - Undefined Weak Reference
    _fp_trap_init                             - Undefined Weak Reference
    _fp_trap_shutdown                         - Undefined Weak Reference
    _get_lc_collate                           - Undefined Weak Reference
    _get_lc_monetary                          - Undefined Weak Reference
    _get_lc_time                              - Undefined Weak Reference
    _getenv_init                              - Undefined Weak Reference
    _handle_redirection                       - Undefined Weak Reference
    _initio                                   - Undefined Weak Reference
    _mutex_acquire                            - Undefined Weak Reference
    _mutex_free                               - Undefined Weak Reference
    _mutex_release                            - Undefined Weak Reference
    _printf_fp_hex                            - Undefined Weak Reference
    _printf_mbtowc                            - Undefined Weak Reference
    _printf_wc                                - Undefined Weak Reference
    _rand_init                                - Undefined Weak Reference
    _scanf_int                                - Undefined Weak Reference
    _scanf_longlong                           - Undefined Weak Reference
    _scanf_mbtowc                             - Undefined Weak Reference
    _scanf_real                               - Undefined Weak Reference
    _scanf_wctomb                             - Undefined Weak Reference
    _scanf_wstring                            - Undefined Weak Reference
    _signal_finish                            - Undefined Weak Reference
    _signal_init                              - Undefined Weak Reference
    _terminateio                              - Undefined Weak Reference
    __Vectors_Size                           0x00000130   Number         0  startup_stm32f10x_hd.o ABSOLUTE
    __Vectors                                0x08000000   Data           4  startup_stm32f10x_hd.o(RESET)
    __Vectors_End                            0x08000130   Data           0  startup_stm32f10x_hd.o(RESET)
    __main                                   0x08000131   Thumb Code     8  __main.o(!!!main)
    __scatterload                            0x08000139   Thumb Code     0  __scatter.o(!!!scatter)
    __scatterload_rt2                        0x08000139   Thumb Code    44  __scatter.o(!!!scatter)
    __scatterload_rt2_thumb_only             0x08000139   Thumb Code     0  __scatter.o(!!!scatter)
    __scatterload_null                       0x08000147   Thumb Code     0  __scatter.o(!!!scatter)
    __decompress                             0x0800016d   Thumb Code   100  __dclz77c.o(!!dclz77c)
    __decompress2                            0x0800016d   Thumb Code     0  __dclz77c.o(!!dclz77c)
    __scatterload_zeroinit                   0x080001d1   Thumb Code    28  __scatter_zi.o(!!handler_zi)
    _printf_n                                0x080001ed   Thumb Code     0  _printf_n.o(.ARM.Collect$$_printf_percent$$00000001)
    _printf_percent                          0x080001ed   Thumb Code     0  _printf_percent.o(.ARM.Collect$$_printf_percent$$00000000)
    _printf_p                                0x080001f3   Thumb Code     0  _printf_p.o(.ARM.Collect$$_printf_percent$$00000002)
    _printf_f                                0x080001f9   Thumb Code     0  _printf_f.o(.ARM.Collect$$_printf_percent$$00000003)
    _printf_e                                0x080001ff   Thumb Code     0  _printf_e.o(.ARM.Collect$$_printf_percent$$00000004)
    _printf_g                                0x08000205   Thumb Code     0  _printf_g.o(.ARM.Collect$$_printf_percent$$00000005)
    _printf_a                                0x0800020b   Thumb Code     0  _printf_a.o(.ARM.Collect$$_printf_percent$$00000006)
    _printf_ll                               0x08000211   Thumb Code     0  _printf_ll.o(.ARM.Collect$$_printf_percent$$00000007)
    _printf_i                                0x0800021b   Thumb Code     0  _printf_i.o(.ARM.Collect$$_printf_percent$$00000008)
    _printf_d                                0x08000221   Thumb Code     0  _printf_d.o(.ARM.Collect$$_printf_percent$$00000009)
    _printf_u                                0x08000227   Thumb Code     0  _printf_u.o(.ARM.Collect$$_printf_percent$$0000000A)
    _printf_o                                0x0800022d   Thumb Code     0  _printf_o.o(.ARM.Collect$$_printf_percent$$0000000B)
    _printf_x                                0x08000233   Thumb Code     0  _printf_x.o(.ARM.Collect$$_printf_percent$$0000000C)
    _printf_lli                              0x08000239   Thumb Code     0  _printf_lli.o(.ARM.Collect$$_printf_percent$$0000000D)
    _printf_lld                              0x0800023f   Thumb Code     0  _printf_lld.o(.ARM.Collect$$_printf_percent$$0000000E)
    _printf_llu                              0x08000245   Thumb Code     0  _printf_llu.o(.ARM.Collect$$_printf_percent$$0000000F)
    _printf_llo                              0x0800024b   Thumb Code     0  _printf_llo.o(.ARM.Collect$$_printf_percent$$00000010)
    _printf_llx                              0x08000251   Thumb Code     0  _printf_llx.o(.ARM.Collect$$_printf_percent$$00000011)
    _printf_l                                0x08000257   Thumb Code     0  _printf_l.o(.ARM.Collect$$_printf_percent$$00000012)
    _printf_c                                0x08000261   Thumb Code     0  _printf_c.o(.ARM.Collect$$_printf_percent$$00000013)
    _printf_s                                0x08000267   Thumb Code     0  _printf_s.o(.ARM.Collect$$_printf_percent$$00000014)
    _printf_lc                               0x0800026d   Thumb Code     0  _printf_lc.o(.ARM.Collect$$_printf_percent$$00000015)
    _printf_ls                               0x08000273   Thumb Code     0  _printf_ls.o(.ARM.Collect$$_printf_percent$$00000016)
    _printf_percent_end                      0x08000279   Thumb Code     0  _printf_percent_end.o(.ARM.Collect$$_printf_percent$$00000017)
    __rt_lib_init                            0x0800027d   Thumb Code     0  libinit.o(.ARM.Collect$$libinit$$00000000)
    __rt_lib_init_fp_1                       0x0800027f   Thumb Code     0  libinit2.o(.ARM.Collect$$libinit$$00000002)
    __rt_lib_init_heap_2                     0x0800027f   Thumb Code     0  libinit2.o(.ARM.Collect$$libinit$$00000005)
    __rt_lib_init_preinit_1                  0x0800027f   Thumb Code     0  libinit2.o(.ARM.Collect$$libinit$$00000004)
    __rt_lib_init_heap_1                     0x08000287   Thumb Code     0  libinit2.o(.ARM.Collect$$libinit$$0000000A)
    __rt_lib_init_lc_common                  0x08000287   Thumb Code     0  libinit2.o(.ARM.Collect$$libinit$$0000000F)
    __rt_lib_init_rand_1                     0x08000287   Thumb Code     0  libinit2.o(.ARM.Collect$$libinit$$0000000E)
    __rt_lib_init_user_alloc_1               0x08000287   Thumb Code     0  libinit2.o(.ARM.Collect$$libinit$$0000000C)
    __rt_lib_init_lc_collate_1               0x0800028d   Thumb Code     0  libinit2.o(.ARM.Collect$$libinit$$00000011)
    __rt_lib_init_lc_ctype_2                 0x0800028d   Thumb Code     0  libinit2.o(.ARM.Collect$$libinit$$00000012)
    __rt_lib_init_lc_ctype_1                 0x08000299   Thumb Code     0  libinit2.o(.ARM.Collect$$libinit$$00000013)
    __rt_lib_init_lc_monetary_1              0x08000299   Thumb Code     0  libinit2.o(.ARM.Collect$$libinit$$00000015)
    __rt_lib_init_lc_numeric_2               0x08000299   Thumb Code     0  libinit2.o(.ARM.Collect$$libinit$$00000016)
    __rt_lib_init_alloca_1                   0x080002a3   Thumb Code     0  libinit2.o(.ARM.Collect$$libinit$$0000002E)
    __rt_lib_init_argv_1                     0x080002a3   Thumb Code     0  libinit2.o(.ARM.Collect$$libinit$$0000002C)
    __rt_lib_init_atexit_1                   0x080002a3   Thumb Code     0  libinit2.o(.ARM.Collect$$libinit$$0000001B)
    __rt_lib_init_clock_1                    0x080002a3   Thumb Code     0  libinit2.o(.ARM.Collect$$libinit$$00000021)
    __rt_lib_init_cpp_1                      0x080002a3   Thumb Code     0  libinit2.o(.ARM.Collect$$libinit$$00000032)
    __rt_lib_init_exceptions_1               0x080002a3   Thumb Code     0  libinit2.o(.ARM.Collect$$libinit$$00000030)
    __rt_lib_init_fp_trap_1                  0x080002a3   Thumb Code     0  libinit2.o(.ARM.Collect$$libinit$$0000001F)
    __rt_lib_init_getenv_1                   0x080002a3   Thumb Code     0  libinit2.o(.ARM.Collect$$libinit$$00000023)
    __rt_lib_init_lc_numeric_1               0x080002a3   Thumb Code     0  libinit2.o(.ARM.Collect$$libinit$$00000017)
    __rt_lib_init_lc_time_1                  0x080002a3   Thumb Code     0  libinit2.o(.ARM.Collect$$libinit$$00000019)
    __rt_lib_init_return                     0x080002a3   Thumb Code     0  libinit2.o(.ARM.Collect$$libinit$$00000033)
    __rt_lib_init_signal_1                   0x080002a3   Thumb Code     0  libinit2.o(.ARM.Collect$$libinit$$0000001D)
    __rt_lib_init_stdio_1                    0x080002a3   Thumb Code     0  libinit2.o(.ARM.Collect$$libinit$$00000025)
    __rt_lib_shutdown                        0x080002a5   Thumb Code     0  libshutdown.o(.ARM.Collect$$libshutdown$$00000000)
    __rt_lib_shutdown_fp_trap_1              0x080002a7   Thumb Code     0  libshutdown2.o(.ARM.Collect$$libshutdown$$00000006)
    __rt_lib_shutdown_heap_1                 0x080002a7   Thumb Code     0  libshutdown2.o(.ARM.Collect$$libshutdown$$0000000E)
    __rt_lib_shutdown_return                 0x080002a7   Thumb Code     0  libshutdown2.o(.ARM.Collect$$libshutdown$$0000000F)
    __rt_lib_shutdown_signal_1               0x080002a7   Thumb Code     0  libshutdown2.o(.ARM.Collect$$libshutdown$$00000009)
    __rt_lib_shutdown_stdio_1                0x080002a7   Thumb Code     0  libshutdown2.o(.ARM.Collect$$libshutdown$$00000003)
    __rt_lib_shutdown_user_alloc_1           0x080002a7   Thumb Code     0  libshutdown2.o(.ARM.Collect$$libshutdown$$0000000B)
    __rt_entry                               0x080002a9   Thumb Code     0  __rtentry.o(.ARM.Collect$$rtentry$$00000000)
    __rt_entry_presh_1                       0x080002a9   Thumb Code     0  __rtentry2.o(.ARM.Collect$$rtentry$$00000002)
    __rt_entry_sh                            0x080002a9   Thumb Code     0  __rtentry4.o(.ARM.Collect$$rtentry$$00000004)
    __rt_entry_li                            0x080002af   Thumb Code     0  __rtentry2.o(.ARM.Collect$$rtentry$$0000000A)
    __rt_entry_postsh_1                      0x080002af   Thumb Code     0  __rtentry2.o(.ARM.Collect$$rtentry$$00000009)
    __rt_entry_main                          0x080002b3   Thumb Code     0  __rtentry2.o(.ARM.Collect$$rtentry$$0000000D)
    __rt_entry_postli_1                      0x080002b3   Thumb Code     0  __rtentry2.o(.ARM.Collect$$rtentry$$0000000C)
    __rt_exit                                0x080002bb   Thumb Code     0  rtexit.o(.ARM.Collect$$rtexit$$00000000)
    __rt_exit_ls                             0x080002bd   Thumb Code     0  rtexit2.o(.ARM.Collect$$rtexit$$00000003)
    __rt_exit_prels_1                        0x080002bd   Thumb Code     0  rtexit2.o(.ARM.Collect$$rtexit$$00000002)
    __rt_exit_exit                           0x080002c1   Thumb Code     0  rtexit2.o(.ARM.Collect$$rtexit$$00000004)
    Reset_Handler                            0x080002c9   Thumb Code     8  startup_stm32f10x_hd.o(.text)
    _maybe_terminate_alloc                   0x080002c9   Thumb Code     0  maybetermalloc1.o(.emb_text)
    ADC1_2_IRQHandler                        0x080002e3   Thumb Code     0  startup_stm32f10x_hd.o(.text)
    ADC3_IRQHandler                          0x080002e3   Thumb Code     0  startup_stm32f10x_hd.o(.text)
    CAN1_RX1_IRQHandler                      0x080002e3   Thumb Code     0  startup_stm32f10x_hd.o(.text)
    CAN1_SCE_IRQHandler                      0x080002e3   Thumb Code     0  startup_stm32f10x_hd.o(.text)
    DMA1_Channel1_IRQHandler                 0x080002e3   Thumb Code     0  startup_stm32f10x_hd.o(.text)
    DMA1_Channel2_IRQHandler                 0x080002e3   Thumb Code     0  startup_stm32f10x_hd.o(.text)
    DMA1_Channel3_IRQHandler                 0x080002e3   Thumb Code     0  startup_stm32f10x_hd.o(.text)
    DMA1_Channel4_IRQHandler                 0x080002e3   Thumb Code     0  startup_stm32f10x_hd.o(.text)
    DMA1_Channel5_IRQHandler                 0x080002e3   Thumb Code     0  startup_stm32f10x_hd.o(.text)
    DMA1_Channel6_IRQHandler                 0x080002e3   Thumb Code     0  startup_stm32f10x_hd.o(.text)
    DMA1_Channel7_IRQHandler                 0x080002e3   Thumb Code     0  startup_stm32f10x_hd.o(.text)
    DMA2_Channel1_IRQHandler                 0x080002e3   Thumb Code     0  startup_stm32f10x_hd.o(.text)
    DMA2_Channel2_IRQHandler                 0x080002e3   Thumb Code     0  startup_stm32f10x_hd.o(.text)
    DMA2_Channel3_IRQHandler                 0x080002e3   Thumb Code     0  startup_stm32f10x_hd.o(.text)
    DMA2_Channel4_5_IRQHandler               0x080002e3   Thumb Code     0  startup_stm32f10x_hd.o(.text)
    EXTI15_10_IRQHandler                     0x080002e3   Thumb Code     0  startup_stm32f10x_hd.o(.text)
    EXTI2_IRQHandler                         0x080002e3   Thumb Code     0  startup_stm32f10x_hd.o(.text)
    EXTI3_IRQHandler                         0x080002e3   Thumb Code     0  startup_stm32f10x_hd.o(.text)
    EXTI4_IRQHandler                         0x080002e3   Thumb Code     0  startup_stm32f10x_hd.o(.text)
    EXTI9_5_IRQHandler                       0x080002e3   Thumb Code     0  startup_stm32f10x_hd.o(.text)
    FLASH_IRQHandler                         0x080002e3   Thumb Code     0  startup_stm32f10x_hd.o(.text)
    FSMC_IRQHandler                          0x080002e3   Thumb Code     0  startup_stm32f10x_hd.o(.text)
    I2C1_ER_IRQHandler                       0x080002e3   Thumb Code     0  startup_stm32f10x_hd.o(.text)
    I2C1_EV_IRQHandler                       0x080002e3   Thumb Code     0  startup_stm32f10x_hd.o(.text)
    I2C2_ER_IRQHandler                       0x080002e3   Thumb Code     0  startup_stm32f10x_hd.o(.text)
    I2C2_EV_IRQHandler                       0x080002e3   Thumb Code     0  startup_stm32f10x_hd.o(.text)
    PVD_IRQHandler                           0x080002e3   Thumb Code     0  startup_stm32f10x_hd.o(.text)
    RCC_IRQHandler                           0x080002e3   Thumb Code     0  startup_stm32f10x_hd.o(.text)
    RTCAlarm_IRQHandler                      0x080002e3   Thumb Code     0  startup_stm32f10x_hd.o(.text)
    RTC_IRQHandler                           0x080002e3   Thumb Code     0  startup_stm32f10x_hd.o(.text)
    SDIO_IRQHandler                          0x080002e3   Thumb Code     0  startup_stm32f10x_hd.o(.text)
    SPI1_IRQHandler                          0x080002e3   Thumb Code     0  startup_stm32f10x_hd.o(.text)
    SPI2_IRQHandler                          0x080002e3   Thumb Code     0  startup_stm32f10x_hd.o(.text)
    SPI3_IRQHandler                          0x080002e3   Thumb Code     0  startup_stm32f10x_hd.o(.text)
    TAMPER_IRQHandler                        0x080002e3   Thumb Code     0  startup_stm32f10x_hd.o(.text)
    TIM1_BRK_IRQHandler                      0x080002e3   Thumb Code     0  startup_stm32f10x_hd.o(.text)
    TIM1_CC_IRQHandler                       0x080002e3   Thumb Code     0  startup_stm32f10x_hd.o(.text)
    TIM1_TRG_COM_IRQHandler                  0x080002e3   Thumb Code     0  startup_stm32f10x_hd.o(.text)
    TIM1_UP_IRQHandler                       0x080002e3   Thumb Code     0  startup_stm32f10x_hd.o(.text)
    TIM3_IRQHandler                          0x080002e3   Thumb Code     0  startup_stm32f10x_hd.o(.text)
    TIM4_IRQHandler                          0x080002e3   Thumb Code     0  startup_stm32f10x_hd.o(.text)
    TIM5_IRQHandler                          0x080002e3   Thumb Code     0  startup_stm32f10x_hd.o(.text)
    TIM6_IRQHandler                          0x080002e3   Thumb Code     0  startup_stm32f10x_hd.o(.text)
    TIM7_IRQHandler                          0x080002e3   Thumb Code     0  startup_stm32f10x_hd.o(.text)
    TIM8_BRK_IRQHandler                      0x080002e3   Thumb Code     0  startup_stm32f10x_hd.o(.text)
    TIM8_CC_IRQHandler                       0x080002e3   Thumb Code     0  startup_stm32f10x_hd.o(.text)
    TIM8_TRG_COM_IRQHandler                  0x080002e3   Thumb Code     0  startup_stm32f10x_hd.o(.text)
    TIM8_UP_IRQHandler                       0x080002e3   Thumb Code     0  startup_stm32f10x_hd.o(.text)
    UART4_IRQHandler                         0x080002e3   Thumb Code     0  startup_stm32f10x_hd.o(.text)
    UART5_IRQHandler                         0x080002e3   Thumb Code     0  startup_stm32f10x_hd.o(.text)
    USART3_IRQHandler                        0x080002e3   Thumb Code     0  startup_stm32f10x_hd.o(.text)
    USBWakeUp_IRQHandler                     0x080002e3   Thumb Code     0  startup_stm32f10x_hd.o(.text)
    USB_HP_CAN1_TX_IRQHandler                0x080002e3   Thumb Code     0  startup_stm32f10x_hd.o(.text)
    USB_LP_CAN1_RX0_IRQHandler               0x080002e3   Thumb Code     0  startup_stm32f10x_hd.o(.text)
    WWDG_IRQHandler                          0x080002e3   Thumb Code     0  startup_stm32f10x_hd.o(.text)
    __user_initial_stackheap                 0x080002e5   Thumb Code     0  startup_stm32f10x_hd.o(.text)
    malloc                                   0x08000309   Thumb Code    94  h1_alloc.o(.text)
    free                                     0x08000367   Thumb Code    78  h1_free.o(.text)
    __c89vsnprintf                           0x080003b5   Thumb Code    48  c89vsnprintf.o(.text)
    _printf_int_dec                          0x080003e9   Thumb Code   104  _printf_dec.o(.text)
    __printf                                 0x08000461   Thumb Code   388  __printf_flags_ss_wp.o(.text)
    __0sscanf                                0x080005e9   Thumb Code    52  __0sscanf.o(.text)
    _scanf_string                            0x08000625   Thumb Code   224  _scanf_str.o(.text)
    atoi                                     0x08000705   Thumb Code    26  atoi.o(.text)
    strstr                                   0x0800071f   Thumb Code    36  strstr.o(.text)
    strlen                                   0x08000743   Thumb Code    62  strlen.o(.text)
    __aeabi_memclr4                          0x08000781   Thumb Code     0  rt_memclr_w.o(.text)
    __aeabi_memclr8                          0x08000781   Thumb Code     0  rt_memclr_w.o(.text)
    __rt_memclr_w                            0x08000781   Thumb Code    78  rt_memclr_w.o(.text)
    _memset_w                                0x08000785   Thumb Code     0  rt_memclr_w.o(.text)
    __use_two_region_memory                  0x080007cf   Thumb Code     2  heapauxi.o(.text)
    __rt_heap_escrow                         0x080007d1   Thumb Code     2  heapauxi.o(.text)
    __rt_heap_expand                         0x080007d3   Thumb Code     2  heapauxi.o(.text)
    __rt_heap_descriptor                     0x080007d5   Thumb Code     8  rt_heap_descriptor_intlibspace.o(.text)
    __aeabi_errno_addr                       0x080007dd   Thumb Code     8  rt_errno_addr_intlibspace.o(.text)
    __errno$intlibspace                      0x080007dd   Thumb Code     0  rt_errno_addr_intlibspace.o(.text)
    __rt_errno_addr$intlibspace              0x080007dd   Thumb Code     0  rt_errno_addr_intlibspace.o(.text)
    __use_no_heap                            0x080007e5   Thumb Code     2  hguard.o(.text)
    __heap$guard                             0x080007e7   Thumb Code     2  hguard.o(.text)
    _terminate_user_alloc                    0x080007e9   Thumb Code     2  init_alloc.o(.text)
    _init_user_alloc                         0x080007eb   Thumb Code     2  init_alloc.o(.text)
    __Heap_Full                              0x080007ed   Thumb Code    34  init_alloc.o(.text)
    __Heap_Broken                            0x0800080f   Thumb Code     6  init_alloc.o(.text)
    _init_alloc                              0x08000815   Thumb Code    94  init_alloc.o(.text)
    __Heap_Initialize                        0x08000873   Thumb Code    10  h1_init.o(.text)
    __Heap_DescSize                          0x0800087d   Thumb Code     4  h1_init.o(.text)
    _printf_pre_padding                      0x08000881   Thumb Code    44  _printf_pad.o(.text)
    _printf_post_padding                     0x080008ad   Thumb Code    34  _printf_pad.o(.text)
    _printf_truncate_signed                  0x080008cf   Thumb Code    18  _printf_truncate.o(.text)
    _printf_truncate_unsigned                0x080008e1   Thumb Code    18  _printf_truncate.o(.text)
    _printf_str                              0x080008f3   Thumb Code    82  _printf_str.o(.text)
    _printf_int_common                       0x08000945   Thumb Code   178  _printf_intcommon.o(.text)
    _printf_charcount                        0x080009f7   Thumb Code    40  _printf_charcount.o(.text)
    _printf_char_common                      0x08000a2b   Thumb Code    32  _printf_char_common.o(.text)
    _sputc                                   0x08000a51   Thumb Code    10  _sputc.o(.text)
    _snputc                                  0x08000a5b   Thumb Code    16  _snputc.o(.text)
    _printf_wctomb                           0x08000a6d   Thumb Code   182  _printf_wctomb.o(.text)
    _printf_longlong_dec                     0x08000b29   Thumb Code   108  _printf_longlong_dec.o(.text)
    _printf_longlong_oct                     0x08000ba5   Thumb Code    68  _printf_oct_int_ll.o(.text)
    _printf_int_oct                          0x08000be9   Thumb Code    24  _printf_oct_int_ll.o(.text)
    _printf_ll_oct                           0x08000c01   Thumb Code    12  _printf_oct_int_ll.o(.text)
    _printf_longlong_hex                     0x08000c15   Thumb Code    86  _printf_hex_int_ll_ptr.o(.text)
    _printf_int_hex                          0x08000c6b   Thumb Code    28  _printf_hex_int_ll_ptr.o(.text)
    _printf_ll_hex                           0x08000c87   Thumb Code    12  _printf_hex_int_ll_ptr.o(.text)
    _printf_hex_ptr                          0x08000c93   Thumb Code    18  _printf_hex_int_ll_ptr.o(.text)
    __vfscanf_char                           0x08000cb5   Thumb Code    24  scanf_char.o(.text)
    _sgetc                                   0x08000cd5   Thumb Code    30  _sgetc.o(.text)
    _sbackspace                              0x08000cf3   Thumb Code    34  _sgetc.o(.text)
    strtol                                   0x08000d15   Thumb Code   112  strtol.o(.text)
    __user_libspace                          0x08000d85   Thumb Code     8  libspace.o(.text)
    __user_perproc_libspace                  0x08000d85   Thumb Code     0  libspace.o(.text)
    __user_perthread_libspace                0x08000d85   Thumb Code     0  libspace.o(.text)
    __rt_ctype_table                         0x08000d8d   Thumb Code    16  rt_ctype_table.o(.text)
    __Heap_ProvideMemory                     0x08000d9d   Thumb Code    52  h1_extend.o(.text)
    _ll_udiv10                               0x08000dd1   Thumb Code   138  lludiv10.o(.text)
    isspace                                  0x08000e5b   Thumb Code    18  isspace.o(.text)
    __lib_sel_fp_printf                      0x08000e6d   Thumb Code     2  _printf_fp_dec.o(.text)
    _printf_fp_dec_real                      0x0800101b   Thumb Code   620  _printf_fp_dec.o(.text)
    _printf_cs_common                        0x08001287   Thumb Code    20  _printf_char.o(.text)
    _printf_char                             0x0800129b   Thumb Code    16  _printf_char.o(.text)
    _printf_string                           0x080012ab   Thumb Code     8  _printf_char.o(.text)
    _printf_lcs_common                       0x080012b3   Thumb Code    20  _printf_wchar.o(.text)
    _printf_wchar                            0x080012c7   Thumb Code    16  _printf_wchar.o(.text)
    _printf_wstring                          0x080012d7   Thumb Code     8  _printf_wchar.o(.text)
    __vfscanf                                0x080012e1   Thumb Code   878  _scanf.o(.text)
    _strtoul                                 0x08001655   Thumb Code   158  _strtoul.o(.text)
    _wcrtomb                                 0x080016f3   Thumb Code    64  _wcrtomb.o(.text)
    __rt_SIGRTMEM                            0x08001733   Thumb Code    14  defsig_rtmem_outer.o(.text)
    __I$use$semihosting                      0x08001741   Thumb Code     0  use_no_semi.o(.text)
    __use_no_semihosting_swi                 0x08001741   Thumb Code     2  use_no_semi.o(.text)
    __semihosting_library_function           0x08001743   Thumb Code     0  indicate_semi.o(.text)
    __user_setup_stackheap                   0x08001743   Thumb Code    74  sys_stackheap_outer.o(.text)
    __rt_locale                              0x0800178d   Thumb Code     8  rt_locale_intlibspace.o(.text)
    _printf_fp_infnan                        0x08001795   Thumb Code   112  _printf_fp_infnan.o(.text)
    _chval                                   0x08001815   Thumb Code    28  _chval.o(.text)
    _btod_etento                             0x08001831   Thumb Code   216  bigflt0.o(.text)
    exit                                     0x0800190d   Thumb Code    12  exit.o(.text)
    __sig_exit                               0x08001919   Thumb Code    10  defsig_exit.o(.text)
    __rt_SIGRTMEM_inner                      0x08001925   Thumb Code    22  defsig_rtmem_inner.o(.text)
    _sys_exit                                0x08001975   Thumb Code     8  sys_exit.o(.text)
    __default_signal_display                 0x08001981   Thumb Code    50  defsig_general.o(.text)
    strcmp                                   0x080019b5   Thumb Code   128  strcmpv7m.o(.text)
    _ttywrch                                 0x08001a35   Thumb Code    14  sys_wrch.o(.text)
    _btod_d2e                                0x08001a43   Thumb Code    62  btod.o(CL$$btod_d2e)
    _d2e_denorm_low                          0x08001a81   Thumb Code    70  btod.o(CL$$btod_d2e_denorm_low)
    _d2e_norm_op1                            0x08001ac7   Thumb Code    96  btod.o(CL$$btod_d2e_norm_op1)
    __btod_div_common                        0x08001b27   Thumb Code   696  btod.o(CL$$btod_div_common)
    _e2e                                     0x08001e5f   Thumb Code   198  btod.o(CL$$btod_e2e)
    _btod_ediv                               0x08001f25   Thumb Code    40  btod.o(CL$$btod_ediv)
    _btod_emul                               0x08001f4d   Thumb Code    40  btod.o(CL$$btod_emul)
    __btod_mult_common                       0x08001f75   Thumb Code   580  btod.o(CL$$btod_mult_common)
    BusFault_Handler                         0x080021b9   Thumb Code     4  stm32f10x_it.o(i.BusFault_Handler)
    DebugMon_Handler                         0x080021bd   Thumb Code     2  stm32f10x_it.o(i.DebugMon_Handler)
    ESP8266_Clear                            0x080021c1   Thumb Code    20  esp8266.o(i.ESP8266_Clear)
    ESP8266_Init                             0x080021dd   Thumb Code    78  esp8266.o(i.ESP8266_Init)
    ESP8266_SendCmd                          0x08002231   Thumb Code    76  esp8266.o(i.ESP8266_SendCmd)
    ESP8266_WaitRecive                       0x08002285   Thumb Code    42  esp8266.o(i.ESP8266_WaitRecive)
    ESP_CONNECT                              0x080022b9   Thumb Code   170  esp8266.o(i.ESP_CONNECT)
    ESP_GET_TIME                             0x08002409   Thumb Code   354  esp8266.o(i.ESP_GET_TIME)
    ESP_GET_WEATHER_1                        0x080025f1   Thumb Code   236  esp8266.o(i.ESP_GET_WEATHER_1)
    ESP_GET_WEATHER_2                        0x0800275d   Thumb Code   222  esp8266.o(i.ESP_GET_WEATHER_2)
    ESP_TIME_LINK                            0x080028d9   Thumb Code   172  esp8266.o(i.ESP_TIME_LINK)
    ESP_WEATHER1_LINK                        0x08002a59   Thumb Code   154  esp8266.o(i.ESP_WEATHER1_LINK)
    ESP_WEATHER2_LINK                        0x08002bc9   Thumb Code    64  esp8266.o(i.ESP_WEATHER2_LINK)
    EXTI0_IRQHandler                         0x08002c51   Thumb Code    40  exti.o(i.EXTI0_IRQHandler)
    EXTI1_IRQHandler                         0x08002c81   Thumb Code    20  exti.o(i.EXTI1_IRQHandler)
    EXTI_ClearITPendingBit                   0x08002c99   Thumb Code     6  stm32f10x_exti.o(i.EXTI_ClearITPendingBit)
    GPIO_Init                                0x08002ca5   Thumb Code   278  stm32f10x_gpio.o(i.GPIO_Init)
    GPIO_ResetBits                           0x08002dbb   Thumb Code     4  stm32f10x_gpio.o(i.GPIO_ResetBits)
    GPIO_SetBits                             0x08002dbf   Thumb Code     4  stm32f10x_gpio.o(i.GPIO_SetBits)
    GPIO_WriteBit                            0x08002dc3   Thumb Code    10  stm32f10x_gpio.o(i.GPIO_WriteBit)
    HardFault_Handler                        0x08002dcd   Thumb Code     4  stm32f10x_it.o(i.HardFault_Handler)
    IIC_Start                                0x08002dd1   Thumb Code    44  oled.o(i.IIC_Start)
    IIC_Stop                                 0x08002e01   Thumb Code    34  oled.o(i.IIC_Stop)
    IIC_Wait_Ack                             0x08002e29   Thumb Code    24  oled.o(i.IIC_Wait_Ack)
    KEY_Init                                 0x08002e45   Thumb Code    74  key.o(i.KEY_Init)
    KEY_Scan                                 0x08002e95   Thumb Code   122  key.o(i.KEY_Scan)
    LED_Init                                 0x08002f19   Thumb Code    50  led.o(i.LED_Init)
    MemManage_Handler                        0x08002f51   Thumb Code     4  stm32f10x_it.o(i.MemManage_Handler)
    Menu_key_set                             0x08002f55   Thumb Code   116  menu.o(i.Menu_key_set)
    NMI_Handler                              0x08002fd5   Thumb Code     2  stm32f10x_it.o(i.NMI_Handler)
    NVIC_Init                                0x08002fd9   Thumb Code   100  misc.o(i.NVIC_Init)
    NVIC_PriorityGroupConfig                 0x08003049   Thumb Code    10  misc.o(i.NVIC_PriorityGroupConfig)
    OLED_Clear                               0x0800305d   Thumb Code    62  oled.o(i.OLED_Clear)
    OLED_DisShowChar                         0x0800309d   Thumb Code   288  oled.o(i.OLED_DisShowChar)
    OLED_DrawBMP                             0x080031c5   Thumb Code   118  oled.o(i.OLED_DrawBMP)
    OLED_Init                                0x0800323d   Thumb Code   298  oled.o(i.OLED_Init)
    OLED_Set_Pos                             0x0800336d   Thumb Code    40  oled.o(i.OLED_Set_Pos)
    OLED_ShowCHinese                         0x08003395   Thumb Code    98  oled.o(i.OLED_ShowCHinese)
    OLED_ShowNum                             0x080033fd   Thumb Code   136  oled.o(i.OLED_ShowNum)
    OLED_ShowString                          0x08003485   Thumb Code    58  oled.o(i.OLED_ShowString)
    OLED_WR_Byte                             0x080034bf   Thumb Code    24  oled.o(i.OLED_WR_Byte)
    PendSV_Handler                           0x080034d7   Thumb Code     2  stm32f10x_it.o(i.PendSV_Handler)
    RCC_APB1PeriphClockCmd                   0x080034d9   Thumb Code    26  stm32f10x_rcc.o(i.RCC_APB1PeriphClockCmd)
    RCC_APB2PeriphClockCmd                   0x080034f9   Thumb Code    26  stm32f10x_rcc.o(i.RCC_APB2PeriphClockCmd)
    RCC_GetClocksFreq                        0x08003519   Thumb Code   192  stm32f10x_rcc.o(i.RCC_GetClocksFreq)
    SVC_Handler                              0x080035ed   Thumb Code     2  stm32f10x_it.o(i.SVC_Handler)
    SysTick_CLKSourceConfig                  0x080036d9   Thumb Code    40  misc.o(i.SysTick_CLKSourceConfig)
    SysTick_Handler                          0x08003701   Thumb Code     2  stm32f10x_it.o(i.SysTick_Handler)
    SystemInit                               0x08003705   Thumb Code    78  system_stm32f10x.o(i.SystemInit)
    TIM2_IRQHandler                          0x08003765   Thumb Code    98  timer.o(i.TIM2_IRQHandler)
    TIM2_Int_Init                            0x080037d9   Thumb Code    92  timer.o(i.TIM2_Int_Init)
    TIM_ClearITPendingBit                    0x08003835   Thumb Code     6  stm32f10x_tim.o(i.TIM_ClearITPendingBit)
    TIM_Cmd                                  0x0800383b   Thumb Code    24  stm32f10x_tim.o(i.TIM_Cmd)
    TIM_GetITStatus                          0x08003853   Thumb Code    34  stm32f10x_tim.o(i.TIM_GetITStatus)
    TIM_ITConfig                             0x08003875   Thumb Code    18  stm32f10x_tim.o(i.TIM_ITConfig)
    TIM_TimeBaseInit                         0x08003889   Thumb Code   122  stm32f10x_tim.o(i.TIM_TimeBaseInit)
    USART1_IRQHandler                        0x0800392d   Thumb Code    24  usart.o(i.USART1_IRQHandler)
    USART2_IRQHandler                        0x08003949   Thumb Code    64  esp8266.o(i.USART2_IRQHandler)
    USART_ClearFlag                          0x08003995   Thumb Code    18  stm32f10x_usart.o(i.USART_ClearFlag)
    USART_Cmd                                0x080039a7   Thumb Code    24  stm32f10x_usart.o(i.USART_Cmd)
    USART_GetFlagStatus                      0x080039bf   Thumb Code    26  stm32f10x_usart.o(i.USART_GetFlagStatus)
    USART_GetITStatus                        0x080039d9   Thumb Code    84  stm32f10x_usart.o(i.USART_GetITStatus)
    USART_ITConfig                           0x08003a2d   Thumb Code    74  stm32f10x_usart.o(i.USART_ITConfig)
    USART_Init                               0x08003a79   Thumb Code   210  stm32f10x_usart.o(i.USART_Init)
    USART_SendData                           0x08003b51   Thumb Code     8  stm32f10x_usart.o(i.USART_SendData)
    UsageFault_Handler                       0x08003b59   Thumb Code     4  stm32f10x_it.o(i.UsageFault_Handler)
    Usart1_Init                              0x08003b5d   Thumb Code   166  usart.o(i.Usart1_Init)
    Usart2_Init                              0x08003c0d   Thumb Code   162  usart.o(i.Usart2_Init)
    UsartPrintf                              0x08003cb9   Thumb Code    72  usart.o(i.UsartPrintf)
    Usart_SendString                         0x08003d01   Thumb Code    50  usart.o(i.Usart_SendString)
    Write_IIC_Byte                           0x08003d35   Thumb Code    88  oled.o(i.Write_IIC_Byte)
    Write_IIC_Command                        0x08003d91   Thumb Code    44  oled.o(i.Write_IIC_Command)
    Write_IIC_Data                           0x08003dbd   Thumb Code    44  oled.o(i.Write_IIC_Data)
    __ARM_fpclassify                         0x08003de9   Thumb Code    40  fpclassify.o(i.__ARM_fpclassify)
    _is_digit                                0x08003e11   Thumb Code    14  __printf_wp.o(i._is_digit)
    base_jiemian                             0x08003e21   Thumb Code   140  oled.o(i.base_jiemian)
    choice_I                                 0x08003eb1   Thumb Code     8  menu.o(i.choice_I)
    choice_II                                0x08003eb9   Thumb Code     8  menu.o(i.choice_II)
    choice_city_1                            0x08003ec1   Thumb Code   120  oled.o(i.choice_city_1)
    choice_city_2                            0x08003f3d   Thumb Code   120  oled.o(i.choice_city_2)
    delay_init                               0x08003fb9   Thumb Code    50  delay.o(i.delay_init)
    delay_ms                                 0x08003ffd   Thumb Code    56  delay.o(i.delay_ms)
    display_information                      0x08004039   Thumb Code   184  oled.o(i.display_information)
    display_time                             0x08004105   Thumb Code   658  oled.o(i.display_time)
    display_tip                              0x080043b1   Thumb Code   206  oled.o(i.display_tip)
    display_weather_1                        0x08004485   Thumb Code   136  oled.o(i.display_weather_1)
    display_weather_2                        0x0800450d   Thumb Code   136  oled.o(i.display_weather_2)
    get_data                                 0x08004595   Thumb Code    64  oled.o(i.get_data)
    home                                     0x080045d5   Thumb Code     8  menu.o(i.home)
    information                              0x080045dd   Thumb Code     8  menu.o(i.information)
    information_I                            0x080045e5   Thumb Code     8  menu.o(i.information_I)
    main                                     0x080045ed   Thumb Code    98  main.o(i.main)
    oled_pow                                 0x0800464f   Thumb Code    22  oled.o(i.oled_pow)
    search_information                       0x08004665   Thumb Code   180  oled.o(i.search_information)
    search_time                              0x0800471d   Thumb Code   180  oled.o(i.search_time)
    search_tip                               0x080047d5   Thumb Code   180  oled.o(i.search_tip)
    search_weather                           0x0800488d   Thumb Code   180  oled.o(i.search_weather)
    show_temp1                               0x08004945   Thumb Code    62  oled.o(i.show_temp1)
    show_temp2                               0x08004989   Thumb Code    62  oled.o(i.show_temp2)
    time                                     0x080049cd   Thumb Code     8  menu.o(i.time)
    time_I                                   0x080049d5   Thumb Code     8  menu.o(i.time_I)
    tip                                      0x080049dd   Thumb Code     8  menu.o(i.tip)
    tip_I                                    0x080049e5   Thumb Code     8  menu.o(i.tip_I)
    wait                                     0x080049ed   Thumb Code    54  oled.o(i.wait)
    weather                                  0x08004a23   Thumb Code     8  menu.o(i.weather)
    weather1_judge                           0x08004a2d   Thumb Code   196  oled.o(i.weather1_judge)
    weather2_judge                           0x08004b09   Thumb Code   196  oled.o(i.weather2_judge)
    weather_I                                0x08004be5   Thumb Code     8  menu.o(i.weather_I)
    weather_II                               0x08004bed   Thumb Code     8  menu.o(i.weather_II)
    week_judge                               0x08004bf5   Thumb Code   112  oled.o(i.week_judge)
    wifi_connect                             0x08004c69   Thumb Code    44  oled.o(i.wifi_connect)
    wifi_connect_success                     0x08004c95   Thumb Code    44  oled.o(i.wifi_connect_success)
    _get_lc_ctype                            0x08004cc1   Thumb Code    44  lc_ctype_c.o(locale$$code)
    _get_lc_numeric                          0x08004ced   Thumb Code    44  lc_numeric_c.o(locale$$code)
    _printf_fp_dec                           0x08004d19   Thumb Code     4  printf1.o(x$fpl$printf1)
    F6x8                                     0x08004d1c   Data         552  oled.o(.constdata)
    __I$use$fp                               0x08004d1c   Number         0  usenofp.o(x$fpl$usenofp)
    F8X16                                    0x08004f44   Data        1520  oled.o(.constdata)
    Region$$Table$$Base                      0x08005760   Number         0  anon$$obj.o(Region$$Table)
    Region$$Table$$Limit                     0x08005780   Number         0  anon$$obj.o(Region$$Table)
    __ctype                                  0x0800578d   Data           0  lc_ctype_c.o(locale$$data)
    SystemCoreClock                          0x20000000   Data           4  system_stm32f10x.o(.data)
    AHBPrescTable                            0x20000004   Data          16  system_stm32f10x.o(.data)
    esp8266_cnt                              0x20000014   Data           2  esp8266.o(.data)
    esp8266_cntPre                           0x20000016   Data           2  esp8266.o(.data)
    weather_t                                0x20000018   Data           4  esp8266.o(.data)
    weather1_t                               0x2000001c   Data           4  esp8266.o(.data)
    temperature_t                            0x20000020   Data           4  esp8266.o(.data)
    temperature1_t                           0x20000024   Data           4  esp8266.o(.data)
    week_t                                   0x20000028   Data           4  esp8266.o(.data)
    j                                        0x2000002c   Data           4  esp8266.o(.data)
    year                                     0x20000030   Data           4  esp8266.o(.data)
    month                                    0x20000034   Data           4  esp8266.o(.data)
    day                                      0x20000038   Data           4  esp8266.o(.data)
    hour                                     0x2000003c   Data           4  esp8266.o(.data)
    min                                      0x20000040   Data           4  esp8266.o(.data)
    sec                                      0x20000044   Data           4  esp8266.o(.data)
    BMP0                                     0x20000048   Data          32  oled.o(.data)
    BMP1                                     0x20000068   Data          32  oled.o(.data)
    BMP4                                     0x20000088   Data          32  oled.o(.data)
    BMP5                                     0x200000a8   Data          32  oled.o(.data)
    BMP6                                     0x200000c8   Data          32  oled.o(.data)
    BMP9                                     0x200000e8   Data          32  oled.o(.data)
    BMP10                                    0x20000108   Data          32  oled.o(.data)
    BMP11                                    0x20000128   Data          32  oled.o(.data)
    BMP13                                    0x20000148   Data          32  oled.o(.data)
    BMP14                                    0x20000168   Data          32  oled.o(.data)
    BMP15                                    0x20000188   Data          32  oled.o(.data)
    BMP22                                    0x200001a8   Data          32  oled.o(.data)
    BMP30                                    0x200001c8   Data          32  oled.o(.data)
    BMP31                                    0x200001e8   Data          32  oled.o(.data)
    BMP32                                    0x20000208   Data          32  oled.o(.data)
    BMP33                                    0x20000228   Data          32  oled.o(.data)
    BMP36                                    0x20000248   Data          32  oled.o(.data)
    BMP37                                    0x20000268   Data          32  oled.o(.data)
    Hzk                                      0x20000288   Data        5952  oled.o(.data)
    current_operation_index                  0x200019c8   Data           4  menu.o(.data)
    table                                    0x200019cc   Data         240  menu.o(.data)
    func_index                               0x20001abc   Data           1  menu.o(.data)
    esp8266_buf                              0x20001ad8   Data         512  esp8266.o(.bss)
    NowTime                                  0x20001cd8   Data          24  esp8266.o(.bss)
    __libspace_start                         0x20001cf0   Data          96  libspace.o(.bss)
    __temporary_stack_top$libspace           0x20001d50   Data           0  libspace.o(.bss)



==============================================================================

Memory Map of the image

  Image Entry point : 0x080002c9

  Load Region LR_1 (Base: 0x08000000, Size: 0x00007384, Max: 0xffffffff, ABSOLUTE, COMPRESSED[0x000063c4])

    Execution Region ER_RO (Base: 0x08000000, Size: 0x000058ac, Max: 0xffffffff, ABSOLUTE)

    Base Addr    Size         Type   Attr      Idx    E Section Name        Object

    0x08000000   0x00000130   Data   RO          915    RESET               startup_stm32f10x_hd.o
    0x08000130   0x00000008   Code   RO         2188  * !!!main             c_w.l(__main.o)
    0x08000138   0x00000034   Code   RO         2542    !!!scatter          c_w.l(__scatter.o)
    0x0800016c   0x00000064   Code   RO         2540    !!dclz77c           c_w.l(__dclz77c.o)
    0x080001d0   0x0000001c   Code   RO         2544    !!handler_zi        c_w.l(__scatter_zi.o)
    0x080001ec   0x00000000   Code   RO         2171    .ARM.Collect$$_printf_percent$$00000000  c_w.l(_printf_percent.o)
    0x080001ec   0x00000006   Code   RO         2273    .ARM.Collect$$_printf_percent$$00000001  c_w.l(_printf_n.o)
    0x080001f2   0x00000006   Code   RO         2275    .ARM.Collect$$_printf_percent$$00000002  c_w.l(_printf_p.o)
    0x080001f8   0x00000006   Code   RO         2279    .ARM.Collect$$_printf_percent$$00000003  c_w.l(_printf_f.o)
    0x080001fe   0x00000006   Code   RO         2280    .ARM.Collect$$_printf_percent$$00000004  c_w.l(_printf_e.o)
    0x08000204   0x00000006   Code   RO         2281    .ARM.Collect$$_printf_percent$$00000005  c_w.l(_printf_g.o)
    0x0800020a   0x00000006   Code   RO         2282    .ARM.Collect$$_printf_percent$$00000006  c_w.l(_printf_a.o)
    0x08000210   0x0000000a   Code   RO         2287    .ARM.Collect$$_printf_percent$$00000007  c_w.l(_printf_ll.o)
    0x0800021a   0x00000006   Code   RO         2277    .ARM.Collect$$_printf_percent$$00000008  c_w.l(_printf_i.o)
    0x08000220   0x00000006   Code   RO         2170    .ARM.Collect$$_printf_percent$$00000009  c_w.l(_printf_d.o)
    0x08000226   0x00000006   Code   RO         2278    .ARM.Collect$$_printf_percent$$0000000A  c_w.l(_printf_u.o)
    0x0800022c   0x00000006   Code   RO         2276    .ARM.Collect$$_printf_percent$$0000000B  c_w.l(_printf_o.o)
    0x08000232   0x00000006   Code   RO         2274    .ARM.Collect$$_printf_percent$$0000000C  c_w.l(_printf_x.o)
    0x08000238   0x00000006   Code   RO         2284    .ARM.Collect$$_printf_percent$$0000000D  c_w.l(_printf_lli.o)
    0x0800023e   0x00000006   Code   RO         2285    .ARM.Collect$$_printf_percent$$0000000E  c_w.l(_printf_lld.o)
    0x08000244   0x00000006   Code   RO         2286    .ARM.Collect$$_printf_percent$$0000000F  c_w.l(_printf_llu.o)
    0x0800024a   0x00000006   Code   RO         2291    .ARM.Collect$$_printf_percent$$00000010  c_w.l(_printf_llo.o)
    0x08000250   0x00000006   Code   RO         2292    .ARM.Collect$$_printf_percent$$00000011  c_w.l(_printf_llx.o)
    0x08000256   0x0000000a   Code   RO         2288    .ARM.Collect$$_printf_percent$$00000012  c_w.l(_printf_l.o)
    0x08000260   0x00000006   Code   RO         2271    .ARM.Collect$$_printf_percent$$00000013  c_w.l(_printf_c.o)
    0x08000266   0x00000006   Code   RO         2272    .ARM.Collect$$_printf_percent$$00000014  c_w.l(_printf_s.o)
    0x0800026c   0x00000006   Code   RO         2289    .ARM.Collect$$_printf_percent$$00000015  c_w.l(_printf_lc.o)
    0x08000272   0x00000006   Code   RO         2290    .ARM.Collect$$_printf_percent$$00000016  c_w.l(_printf_ls.o)
    0x08000278   0x00000004   Code   RO         2283    .ARM.Collect$$_printf_percent$$00000017  c_w.l(_printf_percent_end.o)
    0x0800027c   0x00000002   Code   RO         2473    .ARM.Collect$$libinit$$00000000  c_w.l(libinit.o)
    0x0800027e   0x00000000   Code   RO         2304    .ARM.Collect$$libinit$$00000002  c_w.l(libinit2.o)
    0x0800027e   0x00000000   Code   RO         2306    .ARM.Collect$$libinit$$00000004  c_w.l(libinit2.o)
    0x0800027e   0x00000008   Code   RO         2307    .ARM.Collect$$libinit$$00000005  c_w.l(libinit2.o)
    0x08000286   0x00000000   Code   RO         2309    .ARM.Collect$$libinit$$0000000A  c_w.l(libinit2.o)
    0x08000286   0x00000000   Code   RO         2311    .ARM.Collect$$libinit$$0000000C  c_w.l(libinit2.o)
    0x08000286   0x00000000   Code   RO         2313    .ARM.Collect$$libinit$$0000000E  c_w.l(libinit2.o)
    0x08000286   0x00000006   Code   RO         2314    .ARM.Collect$$libinit$$0000000F  c_w.l(libinit2.o)
    0x0800028c   0x00000000   Code   RO         2316    .ARM.Collect$$libinit$$00000011  c_w.l(libinit2.o)
    0x0800028c   0x0000000c   Code   RO         2317    .ARM.Collect$$libinit$$00000012  c_w.l(libinit2.o)
    0x08000298   0x00000000   Code   RO         2318    .ARM.Collect$$libinit$$00000013  c_w.l(libinit2.o)
    0x08000298   0x00000000   Code   RO         2320    .ARM.Collect$$libinit$$00000015  c_w.l(libinit2.o)
    0x08000298   0x0000000a   Code   RO         2321    .ARM.Collect$$libinit$$00000016  c_w.l(libinit2.o)
    0x080002a2   0x00000000   Code   RO         2322    .ARM.Collect$$libinit$$00000017  c_w.l(libinit2.o)
    0x080002a2   0x00000000   Code   RO         2324    .ARM.Collect$$libinit$$00000019  c_w.l(libinit2.o)
    0x080002a2   0x00000000   Code   RO         2326    .ARM.Collect$$libinit$$0000001B  c_w.l(libinit2.o)
    0x080002a2   0x00000000   Code   RO         2328    .ARM.Collect$$libinit$$0000001D  c_w.l(libinit2.o)
    0x080002a2   0x00000000   Code   RO         2330    .ARM.Collect$$libinit$$0000001F  c_w.l(libinit2.o)
    0x080002a2   0x00000000   Code   RO         2332    .ARM.Collect$$libinit$$00000021  c_w.l(libinit2.o)
    0x080002a2   0x00000000   Code   RO         2334    .ARM.Collect$$libinit$$00000023  c_w.l(libinit2.o)
    0x080002a2   0x00000000   Code   RO         2336    .ARM.Collect$$libinit$$00000025  c_w.l(libinit2.o)
    0x080002a2   0x00000000   Code   RO         2340    .ARM.Collect$$libinit$$0000002C  c_w.l(libinit2.o)
    0x080002a2   0x00000000   Code   RO         2342    .ARM.Collect$$libinit$$0000002E  c_w.l(libinit2.o)
    0x080002a2   0x00000000   Code   RO         2344    .ARM.Collect$$libinit$$00000030  c_w.l(libinit2.o)
    0x080002a2   0x00000000   Code   RO         2346    .ARM.Collect$$libinit$$00000032  c_w.l(libinit2.o)
    0x080002a2   0x00000002   Code   RO         2347    .ARM.Collect$$libinit$$00000033  c_w.l(libinit2.o)
    0x080002a4   0x00000002   Code   RO         2537    .ARM.Collect$$libshutdown$$00000000  c_w.l(libshutdown.o)
    0x080002a6   0x00000000   Code   RO         2495    .ARM.Collect$$libshutdown$$00000003  c_w.l(libshutdown2.o)
    0x080002a6   0x00000000   Code   RO         2498    .ARM.Collect$$libshutdown$$00000006  c_w.l(libshutdown2.o)
    0x080002a6   0x00000000   Code   RO         2501    .ARM.Collect$$libshutdown$$00000009  c_w.l(libshutdown2.o)
    0x080002a6   0x00000000   Code   RO         2503    .ARM.Collect$$libshutdown$$0000000B  c_w.l(libshutdown2.o)
    0x080002a6   0x00000000   Code   RO         2506    .ARM.Collect$$libshutdown$$0000000E  c_w.l(libshutdown2.o)
    0x080002a6   0x00000002   Code   RO         2507    .ARM.Collect$$libshutdown$$0000000F  c_w.l(libshutdown2.o)
    0x080002a8   0x00000000   Code   RO         2192    .ARM.Collect$$rtentry$$00000000  c_w.l(__rtentry.o)
    0x080002a8   0x00000000   Code   RO         2356    .ARM.Collect$$rtentry$$00000002  c_w.l(__rtentry2.o)
    0x080002a8   0x00000006   Code   RO         2368    .ARM.Collect$$rtentry$$00000004  c_w.l(__rtentry4.o)
    0x080002ae   0x00000000   Code   RO         2358    .ARM.Collect$$rtentry$$00000009  c_w.l(__rtentry2.o)
    0x080002ae   0x00000004   Code   RO         2359    .ARM.Collect$$rtentry$$0000000A  c_w.l(__rtentry2.o)
    0x080002b2   0x00000000   Code   RO         2361    .ARM.Collect$$rtentry$$0000000C  c_w.l(__rtentry2.o)
    0x080002b2   0x00000008   Code   RO         2362    .ARM.Collect$$rtentry$$0000000D  c_w.l(__rtentry2.o)
    0x080002ba   0x00000002   Code   RO         2481    .ARM.Collect$$rtexit$$00000000  c_w.l(rtexit.o)
    0x080002bc   0x00000000   Code   RO         2511    .ARM.Collect$$rtexit$$00000002  c_w.l(rtexit2.o)
    0x080002bc   0x00000004   Code   RO         2512    .ARM.Collect$$rtexit$$00000003  c_w.l(rtexit2.o)
    0x080002c0   0x00000006   Code   RO         2513    .ARM.Collect$$rtexit$$00000004  c_w.l(rtexit2.o)
    0x080002c6   0x00000002   PAD
    0x080002c8   0x00000000   Code   RO         2374    .emb_text           c_w.l(maybetermalloc1.o)
    0x080002c8   0x00000040   Code   RO          916  * .text               startup_stm32f10x_hd.o
    0x08000308   0x0000005e   Code   RO         2082    .text               c_w.l(h1_alloc.o)
    0x08000366   0x0000004e   Code   RO         2084    .text               c_w.l(h1_free.o)
    0x080003b4   0x00000034   Code   RO         2140    .text               c_w.l(c89vsnprintf.o)
    0x080003e8   0x00000078   Code   RO         2148    .text               c_w.l(_printf_dec.o)
    0x08000460   0x00000188   Code   RO         2167    .text               c_w.l(__printf_flags_ss_wp.o)
    0x080005e8   0x0000003c   Code   RO         2172    .text               c_w.l(__0sscanf.o)
    0x08000624   0x000000e0   Code   RO         2174    .text               c_w.l(_scanf_str.o)
    0x08000704   0x0000001a   Code   RO         2176    .text               c_w.l(atoi.o)
    0x0800071e   0x00000024   Code   RO         2180    .text               c_w.l(strstr.o)
    0x08000742   0x0000003e   Code   RO         2182    .text               c_w.l(strlen.o)
    0x08000780   0x0000004e   Code   RO         2184    .text               c_w.l(rt_memclr_w.o)
    0x080007ce   0x00000006   Code   RO         2186    .text               c_w.l(heapauxi.o)
    0x080007d4   0x00000008   Code   RO         2196    .text               c_w.l(rt_heap_descriptor_intlibspace.o)
    0x080007dc   0x00000008   Code   RO         2201    .text               c_w.l(rt_errno_addr_intlibspace.o)
    0x080007e4   0x00000004   Code   RO         2203    .text               c_w.l(hguard.o)
    0x080007e8   0x0000008a   Code   RO         2205    .text               c_w.l(init_alloc.o)
    0x08000872   0x0000000e   Code   RO         2209    .text               c_w.l(h1_init.o)
    0x08000880   0x0000004e   Code   RO         2223    .text               c_w.l(_printf_pad.o)
    0x080008ce   0x00000024   Code   RO         2225    .text               c_w.l(_printf_truncate.o)
    0x080008f2   0x00000052   Code   RO         2227    .text               c_w.l(_printf_str.o)
    0x08000944   0x000000b2   Code   RO         2229    .text               c_w.l(_printf_intcommon.o)
    0x080009f6   0x00000028   Code   RO         2231    .text               c_w.l(_printf_charcount.o)
    0x08000a1e   0x00000002   PAD
    0x08000a20   0x00000030   Code   RO         2233    .text               c_w.l(_printf_char_common.o)
    0x08000a50   0x0000000a   Code   RO         2235    .text               c_w.l(_sputc.o)
    0x08000a5a   0x00000010   Code   RO         2237    .text               c_w.l(_snputc.o)
    0x08000a6a   0x00000002   PAD
    0x08000a6c   0x000000bc   Code   RO         2239    .text               c_w.l(_printf_wctomb.o)
    0x08000b28   0x0000007c   Code   RO         2242    .text               c_w.l(_printf_longlong_dec.o)
    0x08000ba4   0x00000070   Code   RO         2248    .text               c_w.l(_printf_oct_int_ll.o)
    0x08000c14   0x00000094   Code   RO         2268    .text               c_w.l(_printf_hex_int_ll_ptr.o)
    0x08000ca8   0x0000002c   Code   RO         2293    .text               c_w.l(scanf_char.o)
    0x08000cd4   0x00000040   Code   RO         2295    .text               c_w.l(_sgetc.o)
    0x08000d14   0x00000070   Code   RO         2297    .text               c_w.l(strtol.o)
    0x08000d84   0x00000008   Code   RO         2352    .text               c_w.l(libspace.o)
    0x08000d8c   0x00000010   Code   RO         2370    .text               c_w.l(rt_ctype_table.o)
    0x08000d9c   0x00000034   Code   RO         2376    .text               c_w.l(h1_extend.o)
    0x08000dd0   0x0000008a   Code   RO         2380    .text               c_w.l(lludiv10.o)
    0x08000e5a   0x00000012   Code   RO         2382    .text               c_w.l(isspace.o)
    0x08000e6c   0x0000041a   Code   RO         2384    .text               c_w.l(_printf_fp_dec.o)
    0x08001286   0x0000002c   Code   RO         2388    .text               c_w.l(_printf_char.o)
    0x080012b2   0x0000002c   Code   RO         2390    .text               c_w.l(_printf_wchar.o)
    0x080012de   0x00000002   PAD
    0x080012e0   0x00000374   Code   RO         2392    .text               c_w.l(_scanf.o)
    0x08001654   0x0000009e   Code   RO         2394    .text               c_w.l(_strtoul.o)
    0x080016f2   0x00000040   Code   RO         2396    .text               c_w.l(_wcrtomb.o)
    0x08001732   0x0000000e   Code   RO         2398    .text               c_w.l(defsig_rtmem_outer.o)
    0x08001740   0x00000002   Code   RO         2409    .text               c_w.l(use_no_semi.o)
    0x08001742   0x00000000   Code   RO         2411    .text               c_w.l(indicate_semi.o)
    0x08001742   0x0000004a   Code   RO         2412    .text               c_w.l(sys_stackheap_outer.o)
    0x0800178c   0x00000008   Code   RO         2419    .text               c_w.l(rt_locale_intlibspace.o)
    0x08001794   0x00000080   Code   RO         2423    .text               c_w.l(_printf_fp_infnan.o)
    0x08001814   0x0000001c   Code   RO         2425    .text               c_w.l(_chval.o)
    0x08001830   0x000000dc   Code   RO         2427    .text               c_w.l(bigflt0.o)
    0x0800190c   0x0000000c   Code   RO         2458    .text               c_w.l(exit.o)
    0x08001918   0x0000000a   Code   RO         2460    .text               c_w.l(defsig_exit.o)
    0x08001922   0x00000002   PAD
    0x08001924   0x00000050   Code   RO         2462    .text               c_w.l(defsig_rtmem_inner.o)
    0x08001974   0x0000000c   Code   RO         2479    .text               c_w.l(sys_exit.o)
    0x08001980   0x00000032   Code   RO         2489    .text               c_w.l(defsig_general.o)
    0x080019b2   0x00000002   PAD
    0x080019b4   0x00000080   Code   RO         2491    .text               c_w.l(strcmpv7m.o)
    0x08001a34   0x0000000e   Code   RO         2508    .text               c_w.l(sys_wrch.o)
    0x08001a42   0x0000003e   Code   RO         2430    CL$$btod_d2e        c_w.l(btod.o)
    0x08001a80   0x00000046   Code   RO         2432    CL$$btod_d2e_denorm_low  c_w.l(btod.o)
    0x08001ac6   0x00000060   Code   RO         2431    CL$$btod_d2e_norm_op1  c_w.l(btod.o)
    0x08001b26   0x00000338   Code   RO         2440    CL$$btod_div_common  c_w.l(btod.o)
    0x08001e5e   0x000000c6   Code   RO         2437    CL$$btod_e2e        c_w.l(btod.o)
    0x08001f24   0x00000028   Code   RO         2434    CL$$btod_ediv       c_w.l(btod.o)
    0x08001f4c   0x00000028   Code   RO         2433    CL$$btod_emul       c_w.l(btod.o)
    0x08001f74   0x00000244   Code   RO         2439    CL$$btod_mult_common  c_w.l(btod.o)
    0x080021b8   0x00000004   Code   RO          135    i.BusFault_Handler  stm32f10x_it.o
    0x080021bc   0x00000002   Code   RO          136    i.DebugMon_Handler  stm32f10x_it.o
    0x080021be   0x00000002   PAD
    0x080021c0   0x0000001c   Code   RO          270    i.ESP8266_Clear     esp8266.o
    0x080021dc   0x00000054   Code   RO          272    i.ESP8266_Init      esp8266.o
    0x08002230   0x00000054   Code   RO          273    i.ESP8266_SendCmd   esp8266.o
    0x08002284   0x00000034   Code   RO          275    i.ESP8266_WaitRecive  esp8266.o
    0x080022b8   0x00000150   Code   RO          276    i.ESP_CONNECT       esp8266.o
    0x08002408   0x000001e8   Code   RO          277    i.ESP_GET_TIME      esp8266.o
    0x080025f0   0x0000016c   Code   RO          278    i.ESP_GET_WEATHER_1  esp8266.o
    0x0800275c   0x0000017c   Code   RO          279    i.ESP_GET_WEATHER_2  esp8266.o
    0x080028d8   0x00000180   Code   RO          280    i.ESP_TIME_LINK     esp8266.o
    0x08002a58   0x00000170   Code   RO          281    i.ESP_WEATHER1_LINK  esp8266.o
    0x08002bc8   0x00000088   Code   RO          282    i.ESP_WEATHER2_LINK  esp8266.o
    0x08002c50   0x00000030   Code   RO          753    i.EXTI0_IRQHandler  exti.o
    0x08002c80   0x00000018   Code   RO          754    i.EXTI1_IRQHandler  exti.o
    0x08002c98   0x0000000c   Code   RO         1475    i.EXTI_ClearITPendingBit  stm32f10x_exti.o
    0x08002ca4   0x00000116   Code   RO          962    i.GPIO_Init         stm32f10x_gpio.o
    0x08002dba   0x00000004   Code   RO          969    i.GPIO_ResetBits    stm32f10x_gpio.o
    0x08002dbe   0x00000004   Code   RO          970    i.GPIO_SetBits      stm32f10x_gpio.o
    0x08002dc2   0x0000000a   Code   RO          973    i.GPIO_WriteBit     stm32f10x_gpio.o
    0x08002dcc   0x00000004   Code   RO          137    i.HardFault_Handler  stm32f10x_it.o
    0x08002dd0   0x00000030   Code   RO          377    i.IIC_Start         oled.o
    0x08002e00   0x00000028   Code   RO          378    i.IIC_Stop          oled.o
    0x08002e28   0x0000001c   Code   RO          379    i.IIC_Wait_Ack      oled.o
    0x08002e44   0x00000050   Code   RO          734    i.KEY_Init          key.o
    0x08002e94   0x00000084   Code   RO          735    i.KEY_Scan          key.o
    0x08002f18   0x00000038   Code   RO          258    i.LED_Init          led.o
    0x08002f50   0x00000004   Code   RO          138    i.MemManage_Handler  stm32f10x_it.o
    0x08002f54   0x00000080   Code   RO          647    i.Menu_key_set      menu.o
    0x08002fd4   0x00000002   Code   RO          139    i.NMI_Handler       stm32f10x_it.o
    0x08002fd6   0x00000002   PAD
    0x08002fd8   0x00000070   Code   RO          920    i.NVIC_Init         misc.o
    0x08003048   0x00000014   Code   RO          921    i.NVIC_PriorityGroupConfig  misc.o
    0x0800305c   0x0000003e   Code   RO          380    i.OLED_Clear        oled.o
    0x0800309a   0x00000002   PAD
    0x0800309c   0x00000128   Code   RO          381    i.OLED_DisShowChar  oled.o
    0x080031c4   0x00000076   Code   RO          384    i.OLED_DrawBMP      oled.o
    0x0800323a   0x00000002   PAD
    0x0800323c   0x00000130   Code   RO          385    i.OLED_Init         oled.o
    0x0800336c   0x00000028   Code   RO          387    i.OLED_Set_Pos      oled.o
    0x08003394   0x00000068   Code   RO          388    i.OLED_ShowCHinese  oled.o
    0x080033fc   0x00000088   Code   RO          389    i.OLED_ShowNum      oled.o
    0x08003484   0x0000003a   Code   RO          390    i.OLED_ShowString   oled.o
    0x080034be   0x00000018   Code   RO          391    i.OLED_WR_Byte      oled.o
    0x080034d6   0x00000002   Code   RO          140    i.PendSV_Handler    stm32f10x_it.o
    0x080034d8   0x00000020   Code   RO         1096    i.RCC_APB1PeriphClockCmd  stm32f10x_rcc.o
    0x080034f8   0x00000020   Code   RO         1098    i.RCC_APB2PeriphClockCmd  stm32f10x_rcc.o
    0x08003518   0x000000d4   Code   RO         1106    i.RCC_GetClocksFreq  stm32f10x_rcc.o
    0x080035ec   0x00000002   Code   RO          141    i.SVC_Handler       stm32f10x_it.o
    0x080035ee   0x00000008   Code   RO          224    i.SetSysClock       system_stm32f10x.o
    0x080035f6   0x00000002   PAD
    0x080035f8   0x000000e0   Code   RO          225    i.SetSysClockTo72   system_stm32f10x.o
    0x080036d8   0x00000028   Code   RO          924    i.SysTick_CLKSourceConfig  misc.o
    0x08003700   0x00000002   Code   RO          142    i.SysTick_Handler   stm32f10x_it.o
    0x08003702   0x00000002   PAD
    0x08003704   0x00000060   Code   RO          227    i.SystemInit        system_stm32f10x.o
    0x08003764   0x00000074   Code   RO          780    i.TIM2_IRQHandler   timer.o
    0x080037d8   0x0000005c   Code   RO          781    i.TIM2_Int_Init     timer.o
    0x08003834   0x00000006   Code   RO         1539    i.TIM_ClearITPendingBit  stm32f10x_tim.o
    0x0800383a   0x00000018   Code   RO         1544    i.TIM_Cmd           stm32f10x_tim.o
    0x08003852   0x00000022   Code   RO         1565    i.TIM_GetITStatus   stm32f10x_tim.o
    0x08003874   0x00000012   Code   RO         1569    i.TIM_ITConfig      stm32f10x_tim.o
    0x08003886   0x00000002   PAD
    0x08003888   0x000000a4   Code   RO         1615    i.TIM_TimeBaseInit  stm32f10x_tim.o
    0x0800392c   0x0000001c   Code   RO          853    i.USART1_IRQHandler  usart.o
    0x08003948   0x0000004c   Code   RO          283    i.USART2_IRQHandler  esp8266.o
    0x08003994   0x00000012   Code   RO         1294    i.USART_ClearFlag   stm32f10x_usart.o
    0x080039a6   0x00000018   Code   RO         1298    i.USART_Cmd         stm32f10x_usart.o
    0x080039be   0x0000001a   Code   RO         1301    i.USART_GetFlagStatus  stm32f10x_usart.o
    0x080039d8   0x00000054   Code   RO         1302    i.USART_GetITStatus  stm32f10x_usart.o
    0x08003a2c   0x0000004a   Code   RO         1304    i.USART_ITConfig    stm32f10x_usart.o
    0x08003a76   0x00000002   PAD
    0x08003a78   0x000000d8   Code   RO         1305    i.USART_Init        stm32f10x_usart.o
    0x08003b50   0x00000008   Code   RO         1315    i.USART_SendData    stm32f10x_usart.o
    0x08003b58   0x00000004   Code   RO          143    i.UsageFault_Handler  stm32f10x_it.o
    0x08003b5c   0x000000b0   Code   RO          854    i.Usart1_Init       usart.o
    0x08003c0c   0x000000ac   Code   RO          855    i.Usart2_Init       usart.o
    0x08003cb8   0x00000048   Code   RO          856    i.UsartPrintf       usart.o
    0x08003d00   0x00000032   Code   RO          857    i.Usart_SendString  usart.o
    0x08003d32   0x00000002   PAD
    0x08003d34   0x0000005c   Code   RO          392    i.Write_IIC_Byte    oled.o
    0x08003d90   0x0000002c   Code   RO          393    i.Write_IIC_Command  oled.o
    0x08003dbc   0x0000002c   Code   RO          394    i.Write_IIC_Data    oled.o
    0x08003de8   0x00000028   Code   RO         2477    i.__ARM_fpclassify  m_ws.l(fpclassify.o)
    0x08003e10   0x0000000e   Code   RO         2160    i._is_digit         c_w.l(__printf_wp.o)
    0x08003e1e   0x00000002   PAD
    0x08003e20   0x00000090   Code   RO          395    i.base_jiemian      oled.o
    0x08003eb0   0x00000008   Code   RO          648    i.choice_I          menu.o
    0x08003eb8   0x00000008   Code   RO          649    i.choice_II         menu.o
    0x08003ec0   0x0000007c   Code   RO          396    i.choice_city_1     oled.o
    0x08003f3c   0x0000007c   Code   RO          397    i.choice_city_2     oled.o
    0x08003fb8   0x00000044   Code   RO          803    i.delay_init        delay.o
    0x08003ffc   0x0000003c   Code   RO          804    i.delay_ms          delay.o
    0x08004038   0x000000cc   Code   RO          398    i.display_information  oled.o
    0x08004104   0x000002ac   Code   RO          399    i.display_time      oled.o
    0x080043b0   0x000000d4   Code   RO          400    i.display_tip       oled.o
    0x08004484   0x00000088   Code   RO          401    i.display_weather_1  oled.o
    0x0800450c   0x00000088   Code   RO          402    i.display_weather_2  oled.o
    0x08004594   0x00000040   Code   RO          404    i.get_data          oled.o
    0x080045d4   0x00000008   Code   RO          650    i.home              menu.o
    0x080045dc   0x00000008   Code   RO          651    i.information       menu.o
    0x080045e4   0x00000008   Code   RO          652    i.information_I     menu.o
    0x080045ec   0x00000062   Code   RO            1    i.main              main.o
    0x0800464e   0x00000016   Code   RO          405    i.oled_pow          oled.o
    0x08004664   0x000000b8   Code   RO          406    i.search_information  oled.o
    0x0800471c   0x000000b8   Code   RO          407    i.search_time       oled.o
    0x080047d4   0x000000b8   Code   RO          408    i.search_tip        oled.o
    0x0800488c   0x000000b8   Code   RO          409    i.search_weather    oled.o
    0x08004944   0x00000044   Code   RO          410    i.show_temp1        oled.o
    0x08004988   0x00000044   Code   RO          411    i.show_temp2        oled.o
    0x080049cc   0x00000008   Code   RO          653    i.time              menu.o
    0x080049d4   0x00000008   Code   RO          654    i.time_I            menu.o
    0x080049dc   0x00000008   Code   RO          655    i.tip               menu.o
    0x080049e4   0x00000008   Code   RO          656    i.tip_I             menu.o
    0x080049ec   0x00000036   Code   RO          412    i.wait              oled.o
    0x08004a22   0x00000008   Code   RO          657    i.weather           menu.o
    0x08004a2a   0x00000002   PAD
    0x08004a2c   0x000000dc   Code   RO          413    i.weather1_judge    oled.o
    0x08004b08   0x000000dc   Code   RO          414    i.weather2_judge    oled.o
    0x08004be4   0x00000008   Code   RO          658    i.weather_I         menu.o
    0x08004bec   0x00000008   Code   RO          659    i.weather_II        menu.o
    0x08004bf4   0x00000074   Code   RO          415    i.week_judge        oled.o
    0x08004c68   0x0000002c   Code   RO          416    i.wifi_connect      oled.o
    0x08004c94   0x0000002c   Code   RO          417    i.wifi_connect_success  oled.o
    0x08004cc0   0x0000002c   Code   RO         2453    locale$$code        c_w.l(lc_ctype_c.o)
    0x08004cec   0x0000002c   Code   RO         2456    locale$$code        c_w.l(lc_numeric_c.o)
    0x08004d18   0x00000004   Code   RO         2348    x$fpl$printf1       fz_ws.l(printf1.o)
    0x08004d1c   0x00000000   Code   RO         2476    x$fpl$usenofp       fz_ws.l(usenofp.o)
    0x08004d1c   0x00000818   Data   RO          418    .constdata          oled.o
    0x08005534   0x00000011   Data   RO         2168    .constdata          c_w.l(__printf_flags_ss_wp.o)
    0x08005545   0x00000003   PAD
    0x08005548   0x00000008   Data   RO         2240    .constdata          c_w.l(_printf_wctomb.o)
    0x08005550   0x00000028   Data   RO         2269    .constdata          c_w.l(_printf_hex_int_ll_ptr.o)
    0x08005578   0x00000094   Data   RO         2428    .constdata          c_w.l(bigflt0.o)
    0x0800560c   0x00000153   Data   RO          285    .conststring        esp8266.o
    0x0800575f   0x00000001   PAD
    0x08005760   0x00000020   Data   RO         2538    Region$$Table       anon$$obj.o
    0x08005780   0x00000110   Data   RO         2452    locale$$data        c_w.l(lc_ctype_c.o)
    0x08005890   0x0000001c   Data   RO         2455    locale$$data        c_w.l(lc_numeric_c.o)


    Execution Region ER_RW (Base: 0x20000000, Size: 0x00001ad8, Max: 0xffffffff, ABSOLUTE, COMPRESSED[0x00000b18])

    Base Addr    Size         Type   Attr      Idx    E Section Name        Object

    0x20000000   0x00000014   Data   RW          228    .data               system_stm32f10x.o
    0x20000014   0x00000034   Data   RW          286    .data               esp8266.o
    0x20000048   0x00001980   Data   RW          419    .data               oled.o
    0x200019c8   0x000000f5   Data   RW          660    .data               menu.o
    0x20001abd   0x00000001   Data   RW          736    .data               key.o
    0x20001abe   0x00000004   Data   RW          806    .data               delay.o
    0x20001ac2   0x00000014   Data   RW         1126    .data               stm32f10x_rcc.o


    Execution Region ER_ZI (Base: 0x20001ad8, Size: 0x00000878, Max: 0xffffffff, ABSOLUTE)

    Base Addr    Size         Type   Attr      Idx    E Section Name        Object

    0x20001ad8   0x00000218   Zero   RW          284    .bss                esp8266.o
    0x20001cf0   0x00000060   Zero   RW         2353    .bss                c_w.l(libspace.o)
    0x20001d50   0x00000200   Zero   RW          914    HEAP                startup_stm32f10x_hd.o
    0x20001f50   0x00000400   Zero   RW          913    STACK               startup_stm32f10x_hd.o


==============================================================================

Image component sizes


      Code (inc. data)   RO Data    RW Data    ZI Data      Debug   Object Name

         0          0          0          0          0         32   core_cm3.o
       128         22          0          4          0       1120   delay.o
      2780       1128        339         52        536       8871   esp8266.o
        72         12          0          0          0        902   exti.o
       212         16          0          1          0       1114   key.o
        56          6          0          0          0        467   led.o
        98          0          0          0          0     252175   main.o
       224         12          0        245          0       6299   menu.o
       172         22          0          0          0       1981   misc.o
      4858        190       2072       6528          0      22214   oled.o
        64         26        304          0       1536        780   startup_stm32f10x_hd.o
        12          6          0          0          0        505   stm32f10x_exti.o
       296          0          0          0          0       3512   stm32f10x_gpio.o
        26          0          0          0          0       3534   stm32f10x_it.o
       276         32          0         20          0       4346   stm32f10x_rcc.o
       246         42          0          0          0       3422   stm32f10x_tim.o
       450          6          0          0          0       5975   stm32f10x_usart.o
       328         28          0         20          0       1997   system_stm32f10x.o
       208         18          0          0          0       1134   timer.o
       498         24          0          0          0       4133   usart.o

    ----------------------------------------------------------------------
     11024       1590       2748       6872       2072     324513   Object Totals
         0          0         32          0          0          0   (incl. Generated)
        20          0          1          2          0          0   (incl. Padding)

    ----------------------------------------------------------------------

      Code (inc. data)   RO Data    RW Data    ZI Data      Debug   Library Member Name

        60          8          0          0          0         84   __0sscanf.o
       100          0          0          0          0          0   __dclz77c.o
         8          0          0          0          0         68   __main.o
       392          4         17          0          0         92   __printf_flags_ss_wp.o
        14          0          0          0          0         68   __printf_wp.o
         0          0          0          0          0          0   __rtentry.o
        12          0          0          0          0          0   __rtentry2.o
         6          0          0          0          0          0   __rtentry4.o
        52          8          0          0          0          0   __scatter.o
        28          0          0          0          0          0   __scatter_zi.o
        28          0          0          0          0         68   _chval.o
         6          0          0          0          0          0   _printf_a.o
         6          0          0          0          0          0   _printf_c.o
        44          0          0          0          0        108   _printf_char.o
        48          6          0          0          0         96   _printf_char_common.o
        40          0          0          0          0         68   _printf_charcount.o
         6          0          0          0          0          0   _printf_d.o
       120         16          0          0          0         92   _printf_dec.o
         6          0          0          0          0          0   _printf_e.o
         6          0          0          0          0          0   _printf_f.o
      1050          0          0          0          0        216   _printf_fp_dec.o
       128         16          0          0          0         84   _printf_fp_infnan.o
         6          0          0          0          0          0   _printf_g.o
       148          4         40          0          0        160   _printf_hex_int_ll_ptr.o
         6          0          0          0          0          0   _printf_i.o
       178          0          0          0          0         88   _printf_intcommon.o
        10          0          0          0          0          0   _printf_l.o
         6          0          0          0          0          0   _printf_lc.o
        10          0          0          0          0          0   _printf_ll.o
         6          0          0          0          0          0   _printf_lld.o
         6          0          0          0          0          0   _printf_lli.o
         6          0          0          0          0          0   _printf_llo.o
         6          0          0          0          0          0   _printf_llu.o
         6          0          0          0          0          0   _printf_llx.o
       124         16          0          0          0         92   _printf_longlong_dec.o
         6          0          0          0          0          0   _printf_ls.o
         6          0          0          0          0          0   _printf_n.o
         6          0          0          0          0          0   _printf_o.o
       112          8          0          0          0        124   _printf_oct_int_ll.o
         6          0          0          0          0          0   _printf_p.o
        78          0          0          0          0        108   _printf_pad.o
         0          0          0          0          0          0   _printf_percent.o
         4          0          0          0          0          0   _printf_percent_end.o
         6          0          0          0          0          0   _printf_s.o
        82          0          0          0          0         80   _printf_str.o
        36          0          0          0          0         84   _printf_truncate.o
         6          0          0          0          0          0   _printf_u.o
        44          0          0          0          0        108   _printf_wchar.o
       188          6          8          0          0         92   _printf_wctomb.o
         6          0          0          0          0          0   _printf_x.o
       884          6          0          0          0        100   _scanf.o
       224          0          0          0          0         96   _scanf_str.o
        64          0          0          0          0         84   _sgetc.o
        16          0          0          0          0         68   _snputc.o
        10          0          0          0          0         68   _sputc.o
       158          0          0          0          0         92   _strtoul.o
        64          0          0          0          0         92   _wcrtomb.o
        26          0          0          0          0         80   atoi.o
       220          4        148          0          0         96   bigflt0.o
      1910        128          0          0          0        672   btod.o
        52          4          0          0          0         80   c89vsnprintf.o
        10          0          0          0          0         68   defsig_exit.o
        50          0          0          0          0         88   defsig_general.o
        80         58          0          0          0         76   defsig_rtmem_inner.o
        14          0          0          0          0         80   defsig_rtmem_outer.o
        12          0          0          0          0         72   exit.o
        94          0          0          0          0         80   h1_alloc.o
        52          0          0          0          0         68   h1_extend.o
        78          0          0          0          0         80   h1_free.o
        14          0          0          0          0         84   h1_init.o
         6          0          0          0          0        152   heapauxi.o
         4          0          0          0          0        136   hguard.o
         0          0          0          0          0          0   indicate_semi.o
       138          0          0          0          0        168   init_alloc.o
        18          0          0          0          0         76   isspace.o
        44         10        272          0          0         76   lc_ctype_c.o
        44         10         28          0          0         76   lc_numeric_c.o
         2          0          0          0          0          0   libinit.o
        38          0          0          0          0          0   libinit2.o
         2          0          0          0          0          0   libshutdown.o
         2          0          0          0          0          0   libshutdown2.o
         8          4          0          0         96         68   libspace.o
       138          0          0          0          0         80   lludiv10.o
         0          0          0          0          0          0   maybetermalloc1.o
        16          4          0          0          0         76   rt_ctype_table.o
         8          4          0          0          0         68   rt_errno_addr_intlibspace.o
         8          4          0          0          0         68   rt_heap_descriptor_intlibspace.o
         8          4          0          0          0         68   rt_locale_intlibspace.o
        78          0          0          0          0         80   rt_memclr_w.o
         2          0          0          0          0          0   rtexit.o
        10          0          0          0          0          0   rtexit2.o
        44          8          0          0          0         84   scanf_char.o
       128          0          0          0          0         68   strcmpv7m.o
        62          0          0          0          0         76   strlen.o
        36          0          0          0          0         80   strstr.o
       112          0          0          0          0         88   strtol.o
        12          4          0          0          0         68   sys_exit.o
        74          0          0          0          0         80   sys_stackheap_outer.o
        14          0          0          0          0         76   sys_wrch.o
         2          0          0          0          0         68   use_no_semi.o
         4          0          0          0          0         68   printf1.o
         0          0          0          0          0          0   usenofp.o
        40          0          0          0          0         68   fpclassify.o

    ----------------------------------------------------------------------
      8412        344        516          0         96       6220   Library Totals
        14          0          3          0          0          0   (incl. Padding)

    ----------------------------------------------------------------------

      Code (inc. data)   RO Data    RW Data    ZI Data      Debug   Library Name

      8354        344        513          0         96       6084   c_w.l
         4          0          0          0          0         68   fz_ws.l
        40          0          0          0          0         68   m_ws.l

    ----------------------------------------------------------------------
      8412        344        516          0         96       6220   Library Totals

    ----------------------------------------------------------------------

==============================================================================


      Code (inc. data)   RO Data    RW Data    ZI Data      Debug   

     19436       1934       3264       6872       2168     321525   Grand Totals
     19436       1934       3264       2840       2168     321525   ELF Image Totals (compressed)
     19436       1934       3264       2840          0          0   ROM Totals

==============================================================================

    Total RO  Size (Code + RO Data)                22700 (  22.17kB)
    Total RW  Size (RW Data + ZI Data)              9040 (   8.83kB)
    Total ROM Size (Code + RO Data + RW Data)      25540 (  24.94kB)

==============================================================================

