<html>
<body>
<pre>
<h1>礦ision Build Log</h1>
<h2>Tool Versions:</h2>
IDE-Version: μVision V5.14.0.0
Copyright (C) 2015 ARM Ltd and ARM Germany GmbH. All rights reserved.
License Information: YQQ yqq0833, yqq, LIC=9WSKC-7L9IJ-HLACL-0TJFX-KDDAW-NZK2W
 
Tool Versions:
Toolchain:       MDK-ARM Standard  Version: 5.14.0.0
Toolchain Path:  D:\keil5\ARM\ARMCC\Bin
C Compiler:      Armcc.exe V5.05 update 1 (build 106)
Assembler:       Armasm.exe V5.05 update 1 (build 106)
Linker/Locator:  ArmLink.exe V5.05 update 1 (build 106)
Library Manager: ArmAr.exe V5.05 update 1 (build 106)
Hex Converter:   FromElf.exe V5.05 update 1 (build 106)
CPU DLL:         SARMCM3.DLL V5.14.0.0
Dialog DLL:      DCM.DLL V1.13.1.0
Target DLL:      CMSIS_AGDI.dll V1.21.0.0
Dialog DLL:      TCM.DLL V1.14.4.0
 
<h2>Project:</h2>
D:\Desktop\STUDY\STM32工程汇总\时钟\USER\LED.uvprojx
Project File Date:  05/29/2023

<h2>Output:</h2>
Build target 'LED'
compiling oled.c...
..\HARDWARE\OLED\OLED\oled.h(45): warning:  #1295-D: Deprecated declaration Picture - give arg types
  void Picture();
..\HARDWARE\OLED\OLED\oled.h(46): warning:  #1295-D: Deprecated declaration IIC_Start - give arg types
  void IIC_Start();
..\HARDWARE\OLED\OLED\oled.h(47): warning:  #1295-D: Deprecated declaration IIC_Stop - give arg types
  void IIC_Stop();
..\HARDWARE\OLED\OLED\oled.h(51): warning:  #1295-D: Deprecated declaration base_jiemian - give arg types
  void base_jiemian();
..\HARDWARE\OLED\OLED\oled.h(52): warning:  #1295-D: Deprecated declaration wifi_connect - give arg types
  void wifi_connect();
..\HARDWARE\OLED\OLED\oled.h(53): warning:  #1295-D: Deprecated declaration wifi_connect_success - give arg types
  void wifi_connect_success();
..\HARDWARE\OLED\OLED\oled.h(54): warning:  #1295-D: Deprecated declaration wait - give arg types
  void wait();
..\HARDWARE\OLED\OLED\oled.h(55): warning:  #1295-D: Deprecated declaration get_data - give arg types
  void get_data();
..\HARDWARE\OLED\OLED\oled.h(59): warning:  #1295-D: Deprecated declaration show_temp1 - give arg types
  void show_temp1();
..\HARDWARE\OLED\OLED\oled.h(60): warning:  #1295-D: Deprecated declaration show_temp2 - give arg types
  void show_temp2();
..\HARDWARE\OLED\OLED\oled.h(61): warning:  #1295-D: Deprecated declaration display_tip - give arg types
  void display_tip();
..\HARDWARE\OLED\OLED\oled.h(62): warning:  #1295-D: Deprecated declaration IIC_Wait_Ack - give arg types
  void IIC_Wait_Ack();
..\HARDWARE\OLED\OLED\oled.h(63): warning:  #1295-D: Deprecated declaration search_information - give arg types
  void search_information();
..\HARDWARE\OLED\OLED\oled.h(64): warning:  #1295-D: Deprecated declaration search_weather - give arg types
  void search_weather();
..\HARDWARE\OLED\OLED\oled.h(65): warning:  #1295-D: Deprecated declaration search_time - give arg types
  void search_time();
..\HARDWARE\OLED\OLED\oled.h(66): warning:  #1295-D: Deprecated declaration search_tip - give arg types
  void search_tip();
..\HARDWARE\OLED\OLED\oled.h(67): warning:  #1295-D: Deprecated declaration display_information - give arg types
  void display_information();
..\HARDWARE\OLED\OLED\oled.h(68): warning:  #1295-D: Deprecated declaration week_judge - give arg types
  void week_judge();
..\HARDWARE\OLED\OLED\oled.h(69): warning:  #1295-D: Deprecated declaration choice_city_1 - give arg types
  void choice_city_1();
..\HARDWARE\OLED\OLED\oled.h(70): warning:  #1295-D: Deprecated declaration choice_city_2 - give arg types
  void choice_city_2();
..\HARDWARE\OLED\OLED\oled.h(71): warning:  #1295-D: Deprecated declaration weather1_judge - give arg types
  void weather1_judge();
..\HARDWARE\OLED\OLED\oled.h(72): warning:  #1295-D: Deprecated declaration weather2_judge - give arg types
  void weather2_judge();
..\HARDWARE\OLED\OLED\oled.c: 22 warnings, 0 errors
linking...
Program Size: Code=19436 RO-data=3264 RW-data=6872 ZI-data=2168  
FromELF: creating hex file...
"..\OBJ\LED.axf" - 0 Error(s), 22 Warning(s).

<h2>Collection of Component include folders:</h2>
  D:\Desktop\STUDY\STM32工程汇总\时钟\USER\RTE
  D:\keil5\ARM\PACK\Keil\STM32F1xx_DFP\2.2.0

<h2>Collection of Component Files used:</h2>
</pre>
</body>
</html>
